Archive member included to satisfy reference by file (symbol)

c:/apersonaldrive/intelfpga_lite/nios2eds/bin/gnu/h-x86_64-mingw32/bin/../lib/gcc/nios2-elf/5.3.0/../../../../../H-x86_64-mingw32/nios2-elf/lib\libc.a(lib_a-puts.o)
                              obj/default/hello_world.o (puts)
c:/apersonaldrive/intelfpga_lite/nios2eds/bin/gnu/h-x86_64-mingw32/bin/../lib/gcc/nios2-elf/5.3.0/../../../../../H-x86_64-mingw32/nios2-elf/lib\libc.a(lib_a-strlen.o)
                              c:/apersonaldrive/intelfpga_lite/nios2eds/bin/gnu/h-x86_64-mingw32/bin/../lib/gcc/nios2-elf/5.3.0/../../../../../H-x86_64-mingw32/nios2-elf/lib\libc.a(lib_a-puts.o) (strlen)
c:/apersonaldrive/intelfpga_lite/nios2eds/bin/gnu/h-x86_64-mingw32/bin/../lib/gcc/nios2-elf/5.3.0/../../../../../H-x86_64-mingw32/nios2-elf/lib\libc.a(lib_a-findfp.o)
                              c:/apersonaldrive/intelfpga_lite/nios2eds/bin/gnu/h-x86_64-mingw32/bin/../lib/gcc/nios2-elf/5.3.0/../../../../../H-x86_64-mingw32/nios2-elf/lib\libc.a(lib_a-puts.o) (__sinit)
c:/apersonaldrive/intelfpga_lite/nios2eds/bin/gnu/h-x86_64-mingw32/bin/../lib/gcc/nios2-elf/5.3.0/../../../../../H-x86_64-mingw32/nios2-elf/lib\libc.a(lib_a-fvwrite.o)
                              c:/apersonaldrive/intelfpga_lite/nios2eds/bin/gnu/h-x86_64-mingw32/bin/../lib/gcc/nios2-elf/5.3.0/../../../../../H-x86_64-mingw32/nios2-elf/lib\libc.a(lib_a-puts.o) (__sfvwrite_r)
c:/apersonaldrive/intelfpga_lite/nios2eds/bin/gnu/h-x86_64-mingw32/bin/../lib/gcc/nios2-elf/5.3.0/../../../../../H-x86_64-mingw32/nios2-elf/lib\libc.a(lib_a-fwalk.o)
                              c:/apersonaldrive/intelfpga_lite/nios2eds/bin/gnu/h-x86_64-mingw32/bin/../lib/gcc/nios2-elf/5.3.0/../../../../../H-x86_64-mingw32/nios2-elf/lib\libc.a(lib_a-findfp.o) (_fwalk)
c:/apersonaldrive/intelfpga_lite/nios2eds/bin/gnu/h-x86_64-mingw32/bin/../lib/gcc/nios2-elf/5.3.0/../../../../../H-x86_64-mingw32/nios2-elf/lib\libc.a(lib_a-impure.o)
                              c:/apersonaldrive/intelfpga_lite/nios2eds/bin/gnu/h-x86_64-mingw32/bin/../lib/gcc/nios2-elf/5.3.0/../../../../../H-x86_64-mingw32/nios2-elf/lib\libc.a(lib_a-findfp.o) (_global_impure_ptr)
c:/apersonaldrive/intelfpga_lite/nios2eds/bin/gnu/h-x86_64-mingw32/bin/../lib/gcc/nios2-elf/5.3.0/../../../../../H-x86_64-mingw32/nios2-elf/lib\libc.a(lib_a-mallocr.o)
                              c:/apersonaldrive/intelfpga_lite/nios2eds/bin/gnu/h-x86_64-mingw32/bin/../lib/gcc/nios2-elf/5.3.0/../../../../../H-x86_64-mingw32/nios2-elf/lib\libc.a(lib_a-findfp.o) (_malloc_r)
c:/apersonaldrive/intelfpga_lite/nios2eds/bin/gnu/h-x86_64-mingw32/bin/../lib/gcc/nios2-elf/5.3.0/../../../../../H-x86_64-mingw32/nios2-elf/lib\libc.a(lib_a-memchr.o)
                              c:/apersonaldrive/intelfpga_lite/nios2eds/bin/gnu/h-x86_64-mingw32/bin/../lib/gcc/nios2-elf/5.3.0/../../../../../H-x86_64-mingw32/nios2-elf/lib\libc.a(lib_a-fvwrite.o) (memchr)
c:/apersonaldrive/intelfpga_lite/nios2eds/bin/gnu/h-x86_64-mingw32/bin/../lib/gcc/nios2-elf/5.3.0/../../../../../H-x86_64-mingw32/nios2-elf/lib\libc.a(lib_a-memcpy.o)
                              c:/apersonaldrive/intelfpga_lite/nios2eds/bin/gnu/h-x86_64-mingw32/bin/../lib/gcc/nios2-elf/5.3.0/../../../../../H-x86_64-mingw32/nios2-elf/lib\libc.a(lib_a-fvwrite.o) (memcpy)
c:/apersonaldrive/intelfpga_lite/nios2eds/bin/gnu/h-x86_64-mingw32/bin/../lib/gcc/nios2-elf/5.3.0/../../../../../H-x86_64-mingw32/nios2-elf/lib\libc.a(lib_a-memmove.o)
                              c:/apersonaldrive/intelfpga_lite/nios2eds/bin/gnu/h-x86_64-mingw32/bin/../lib/gcc/nios2-elf/5.3.0/../../../../../H-x86_64-mingw32/nios2-elf/lib\libc.a(lib_a-fvwrite.o) (memmove)
c:/apersonaldrive/intelfpga_lite/nios2eds/bin/gnu/h-x86_64-mingw32/bin/../lib/gcc/nios2-elf/5.3.0/../../../../../H-x86_64-mingw32/nios2-elf/lib\libc.a(lib_a-memset.o)
                              c:/apersonaldrive/intelfpga_lite/nios2eds/bin/gnu/h-x86_64-mingw32/bin/../lib/gcc/nios2-elf/5.3.0/../../../../../H-x86_64-mingw32/nios2-elf/lib\libc.a(lib_a-findfp.o) (memset)
c:/apersonaldrive/intelfpga_lite/nios2eds/bin/gnu/h-x86_64-mingw32/bin/../lib/gcc/nios2-elf/5.3.0/../../../../../H-x86_64-mingw32/nios2-elf/lib\libc.a(lib_a-reallocr.o)
                              c:/apersonaldrive/intelfpga_lite/nios2eds/bin/gnu/h-x86_64-mingw32/bin/../lib/gcc/nios2-elf/5.3.0/../../../../../H-x86_64-mingw32/nios2-elf/lib\libc.a(lib_a-fvwrite.o) (_realloc_r)
c:/apersonaldrive/intelfpga_lite/nios2eds/bin/gnu/h-x86_64-mingw32/bin/../lib/gcc/nios2-elf/5.3.0/../../../../../H-x86_64-mingw32/nios2-elf/lib\libc.a(lib_a-sbrkr.o)
                              c:/apersonaldrive/intelfpga_lite/nios2eds/bin/gnu/h-x86_64-mingw32/bin/../lib/gcc/nios2-elf/5.3.0/../../../../../H-x86_64-mingw32/nios2-elf/lib\libc.a(lib_a-mallocr.o) (_sbrk_r)
c:/apersonaldrive/intelfpga_lite/nios2eds/bin/gnu/h-x86_64-mingw32/bin/../lib/gcc/nios2-elf/5.3.0/../../../../../H-x86_64-mingw32/nios2-elf/lib\libc.a(lib_a-stdio.o)
[...]
Memory Configuration

Name             Origin             Length             Attributes
reset            0x0000000000020000 0x0000000000000020
onchip_memory2_0 0x0000000000020020 0x000000000001ffe0
*default*        0x0000000000000000 0xffffffffffffffff

Linker script and memory map

LOAD C:/Users/24833/Desktop/FPGA/lab1_de1_soc_interrupt_analysis/onchip_instrCacheEnabled_dataCacheDisabled/sw/onChipDataCacheDisabled_bsp//obj/HAL/src/crt0.o
LOAD obj/default/hello_world.o
LOAD c:/apersonaldrive/intelfpga_lite/nios2eds/bin/gnu/h-x86_64-mingw32/bin/../lib/gcc/nios2-elf/5.3.0/../../../../../H-x86_64-mingw32/nios2-elf/lib\libstdc++.a
LOAD c:/apersonaldrive/intelfpga_lite/nios2eds/bin/gnu/h-x86_64-mingw32/bin/../lib/gcc/nios2-elf/5.3.0/../../../../../H-x86_64-mingw32/nios2-elf/lib\libm.a
LOAD c:/apersonaldrive/intelfpga_lite/nios2eds/bin/gnu/h-x86_64-mingw32/bin/../lib/gcc/nios2-elf/5.3.0\libgcc.a
START GROUP
LOAD c:/apersonaldrive/intelfpga_lite/nios2eds/bin/gnu/h-x86_64-mingw32/bin/../lib/gcc/nios2-elf/5.3.0/../../../../../H-x86_64-mingw32/nios2-elf/lib\libc.a
LOAD c:/apersonaldrive/intelfpga_lite/nios2eds/bin/gnu/h-x86_64-mingw32/bin/../lib/gcc/nios2-elf/5.3.0\libgcc.a
LOAD C:/Users/24833/Desktop/FPGA/lab1_de1_soc_interrupt_analysis/onchip_instrCacheEnabled_dataCacheDisabled/sw/onChipDataCacheDisabled_bsp/\libhal_bsp.a
LOAD c:/apersonaldrive/intelfpga_lite/nios2eds/bin/gnu/h-x86_64-mingw32/bin/../lib/gcc/nios2-elf/5.3.0/../../../../../H-x86_64-mingw32/nios2-elf/lib\libm.a
END GROUP
LOAD c:/apersonaldrive/intelfpga_lite/nios2eds/bin/gnu/h-x86_64-mingw32/bin/../lib/gcc/nios2-elf/5.3.0\libgcc.a
                0x0000000000020000                __alt_mem_onchip_memory2_0 = 0x20000

.entry          0x0000000000020000       0x20
 *(.entry)
 .entry         0x0000000000020000       0x20 C:/Users/24833/Desktop/FPGA/lab1_de1_soc_interrupt_analysis/onchip_instrCacheEnabled_dataCacheDisabled/sw/onChipDataCacheDisabled_bsp//obj/HAL/src/crt0.o
                0x0000000000020000                __reset

.exceptions     0x0000000000020020      0x224
                0x0000000000020020                PROVIDE (__ram_exceptions_start, ABSOLUTE (.))
                0x0000000000020020                . = ALIGN (0x20)
 *(.irq)
 *(.exceptions.entry.label)
 .exceptions.entry.label
                0x0000000000020020        0x0 C:/Users/24833/Desktop/FPGA/lab1_de1_soc_interrupt_analysis/onchip_instrCacheEnabled_dataCacheDisabled/sw/onChipDataCacheDisabled_bsp/\libhal_bsp.a(alt_irq_entry.o)
                0x0000000000020020                alt_irq_entry
 .exceptions.entry.label
                0x0000000000020020        0x0 C:/Users/24833/Desktop/FPGA/lab1_de1_soc_interrupt_analysis/onchip_instrCacheEnabled_dataCacheDisabled/sw/onChipDataCacheDisabled_bsp/\libhal_bsp.a(alt_exception_entry.o)
                0x0000000000020020                alt_exception
 *(.exceptions.entry.user)
 *(.exceptions.entry.ecc_fatal)
 *(.exceptions.entry)
 .exceptions.entry
                0x0000000000020020       0x54 C:/Users/24833/Desktop/FPGA/lab1_de1_soc_interrupt_analysis/onchip_instrCacheEnabled_dataCacheDisabled/sw/onChipDataCacheDisabled_bsp/\libhal_bsp.a(alt_exception_entry.o)
 *(.exceptions.irqtest.user)
 *(.exceptions.irqtest)
 .exceptions.irqtest
                0x0000000000020074       0x10 C:/Users/24833/Desktop/FPGA/lab1_de1_soc_interrupt_analysis/onchip_instrCacheEnabled_dataCacheDisabled/sw/onChipDataCacheDisabled_bsp/\libhal_bsp.a(alt_irq_entry.o)
 *(.exceptions.irqhandler.user)
 *(.exceptions.irqhandler)
 .exceptions.irqhandler
                0x0000000000020084        0x4 C:/Users/24833/Desktop/FPGA/lab1_de1_soc_interrupt_analysis/onchip_instrCacheEnabled_dataCacheDisabled/sw/onChipDataCacheDisabled_bsp/\libhal_bsp.a(alt_irq_entry.o)
 *(.exceptions.irqreturn.user)
 *(.exceptions.irqreturn)
 .exceptions.irqreturn
                0x0000000000020088        0x4 C:/Users/24833/Desktop/FPGA/lab1_de1_soc_interrupt_analysis/onchip_instrCacheEnabled_dataCacheDisabled/sw/onChipDataCacheDisabled_bsp/\libhal_bsp.a(alt_irq_entry.o)
 *(.exceptions.notirq.label)
 .exceptions.notirq.label
                0x000000000002008c        0x0 C:/Users/24833/Desktop/FPGA/lab1_de1_soc_interrupt_analysis/onchip_instrCacheEnabled_dataCacheDisabled/sw/onChipDataCacheDisabled_bsp/\libhal_bsp.a(alt_irq_entry.o)
 *(.exceptions.notirq.user)
 *(.exceptions.notirq)
 .exceptions.notirq
                0x000000000002008c        0x8 C:/Users/24833/Desktop/FPGA/lab1_de1_soc_interrupt_analysis/onchip_instrCacheEnabled_dataCacheDisabled/sw/onChipDataCacheDisabled_bsp/\libhal_bsp.a(alt_exception_entry.o)
 *(.exceptions.soft.user)
 *(.exceptions.soft)
 *(.exceptions.unknown.user)
 *(.exceptions.unknown)
 .exceptions.unknown
                0x0000000000020094       0x14 C:/Users/24833/Desktop/FPGA/lab1_de1_soc_interrupt_analysis/onchip_instrCacheEnabled_dataCacheDisabled/sw/onChipDataCacheDisabled_bsp/\libhal_bsp.a(alt_exception_entry.o)
 *(.exceptions.exit.label)
 .exceptions.exit.label
                0x00000000000200a8        0x0 C:/Users/24833/Desktop/FPGA/lab1_de1_soc_interrupt_analysis/onchip_instrCacheEnabled_dataCacheDisabled/sw/onChipDataCacheDisabled_bsp/\libhal_bsp.a(alt_irq_entry.o)
 .exceptions.exit.label
                0x00000000000200a8        0x0 C:/Users/24833/Desktop/FPGA/lab1_de1_soc_interrupt_analysis/onchip_instrCacheEnabled_dataCacheDisabled/sw/onChipDataCacheDisabled_bsp/\libhal_bsp.a(alt_exception_entry.o)
 *(.exceptions.exit.user)
 *(.exceptions.exit)
 .exceptions.exit
                0x00000000000200a8       0x54 C:/Users/24833/Desktop/FPGA/lab1_de1_soc_interrupt_analysis/onchip_instrCacheEnabled_dataCacheDisabled/sw/onChipDataCacheDisabled_bsp/\libhal_bsp.a(alt_exception_entry.o)
 *(.exceptions)
 .exceptions    0x00000000000200fc       0xd4 C:/Users/24833/Desktop/FPGA/lab1_de1_soc_interrupt_analysis/onchip_instrCacheEnabled_dataCacheDisabled/sw/onChipDataCacheDisabled_bsp/\libhal_bsp.a(alt_irq_handler.o)
                0x00000000000200fc                alt_irq_handler
 .exceptions    0x00000000000201d0       0x74 C:/Users/24833/Desktop/FPGA/lab1_de1_soc_interrupt_analysis/onchip_instrCacheEnabled_dataCacheDisabled/sw/onChipDataCacheDisabled_bsp/\libhal_bsp.a(alt_instruction_exception_entry.o)
                0x00000000000201d0                alt_instruction_exception_entry
                0x0000000000020244                PROVIDE (__ram_exceptions_end, ABSOLUTE (.))
                0x0000000000020020                PROVIDE (__flash_exceptions_start, LOADADDR (.exceptions))

.text           0x0000000000020244     0x5c20
                [!provide]                        PROVIDE (stext, ABSOLUTE (.))
 *(.interp)
 *(.hash)
 *(.dynsym)
 *(.dynstr)
 *(.gnu.version)
 *(.gnu.version_d)
 *(.gnu.version_r)
 *(.rel.init)
 *(.rela.init)
 *(.rel.text .rel.text.* .rel.gnu.linkonce.t.*)
 *(.rela.text .rela.text.* .rela.gnu.linkonce.t.*)
 *(.rel.fini)
 *(.rela.fini)
 *(.rel.rodata .rel.rodata.* .rel.gnu.linkonce.r.*)
 *(.rela.rodata .rela.rodata.* .rela.gnu.linkonce.r.*)
 *(.rel.data .rel.data.* .rel.gnu.linkonce.d.*)
 *(.rela.data .rela.data.* .rela.gnu.linkonce.d.*)
 *(.rel.tdata .rel.tdata.* .rel.gnu.linkonce.td.*)
 *(.rela.tdata .rela.tdata.* .rela.gnu.linkonce.td.*)
 *(.rel.tbss .rel.tbss.* .rel.gnu.linkonce.tb.*)
 *(.rela.tbss .rela.tbss.* .rela.gnu.linkonce.tb.*)
 *(.rel.ctors)
 *(.rela.ctors)
 *(.rel.dtors)
 *(.rela.dtors)
 *(.rel.got)
 *(.rela.got)
 *(.rel.sdata .rel.sdata.* .rel.gnu.linkonce.s.*)
 *(.rela.sdata .rela.sdata.* .rela.gnu.linkonce.s.*)
 *(.rel.sbss .rel.sbss.* .rel.gnu.linkonce.sb.*)
 *(.rela.sbss .rela.sbss.* .rela.gnu.linkonce.sb.*)
 *(.rel.sdata2 .rel.sdata2.* .rel.gnu.linkonce.s2.*)
 *(.rela.sdata2 .rela.sdata2.* .rela.gnu.linkonce.s2.*)
 *(.rel.sbss2 .rel.sbss2.* .rel.gnu.linkonce.sb2.*)
 *(.rela.sbss2 .rela.sbss2.* .rela.gnu.linkonce.sb2.*)
 *(.rel.bss .rel.bss.* .rel.gnu.linkonce.b.*)
 *(.rela.bss .rela.bss.* .rela.gnu.linkonce.b.*)
 *(.rel.plt)
 *(.rela.plt)
 *(.rel.dyn)
 *(.init)
 *(.plt)
 *(.text .stub .text.* .gnu.linkonce.t.*)
 .text          0x0000000000020244       0x3c C:/Users/24833/Desktop/FPGA/lab1_de1_soc_interrupt_analysis/onchip_instrCacheEnabled_dataCacheDisabled/sw/onChipDataCacheDisabled_bsp//obj/HAL/src/crt0.o
                0x0000000000020244                _start
 .text          0x0000000000020280      0x27c obj/default/hello_world.o
                0x0000000000020280                main
                0x00000000000202b8                PIO_Test
                0x0000000000020360                PIO_Setup
                0x00000000000203d8                PIO_Period_Measurement
                0x0000000000020438                PIO_Response_Recovery_Time_IRQ
                0x000000000002047c                PIO_Response_Recovery_Time_Measurement
                0x00000000000204ac                PIO_Interrupt_Setup
 .text          0x00000000000204fc        0x0 c:/apersonaldrive/intelfpga_lite/nios2eds/bin/gnu/h-x86_64-mingw32/bin/../lib/gcc/nios2-elf/5.3.0/../../../../../H-x86_64-mingw32/nios2-elf/lib\libc.a(lib_a-puts.o)
 .text._puts_r  0x00000000000204fc       0xc0 c:/apersonaldrive/intelfpga_lite/nios2eds/bin/gnu/h-x86_64-mingw32/bin/../lib/gcc/nios2-elf/5.3.0/../../../../../H-x86_64-mingw32/nios2-elf/lib\libc.a(lib_a-puts.o)
                0x00000000000204fc                _puts_r
 .text.puts     0x00000000000205bc       0x14 c:/apersonaldrive/intelfpga_lite/nios2eds/bin/gnu/h-x86_64-mingw32/bin/../lib/gcc/nios2-elf/5.3.0/../../../../../H-x86_64-mingw32/nios2-elf/lib\libc.a(lib_a-puts.o)
                0x00000000000205bc                puts
 .text          0x00000000000205d0        0x0 c:/apersonaldrive/intelfpga_lite/nios2eds/bin/gnu/h-x86_64-mingw32/bin/../lib/gcc/nios2-elf/5.3.0/../../../../../H-x86_64-mingw32/nios2-elf/lib\libc.a(lib_a-strlen.o)
 .text.strlen   0x00000000000205d0       0x98 c:/apersonaldrive/intelfpga_lite/nios2eds/bin/gnu/h-x86_64-mingw32/bin/../lib/gcc/nios2-elf/5.3.0/../../../../../H-x86_64-mingw32/nios2-elf/lib\libc.a(lib_a-strlen.o)
                0x00000000000205d0                strlen
 .text          0x0000000000020668        0x0 c:/apersonaldrive/intelfpga_lite/nios2eds/bin/gnu/h-x86_64-mingw32/bin/../lib/gcc/nios2-elf/5.3.0/../../../../../H-x86_64-mingw32/nios2-elf/lib\libc.a(lib_a-findfp.o)
 .text.__fp_unlock
                0x0000000000020668        0x8 c:/apersonaldrive/intelfpga_lite/nios2eds/bin/gnu/h-x86_64-mingw32/bin/../lib/gcc/nios2-elf/5.3.0/../../../../../H-x86_64-mingw32/nios2-elf/lib\libc.a(lib_a-findfp.o)
 .text._cleanup_r
                0x0000000000020670        0xc c:/apersonaldrive/intelfpga_lite/nios2eds/bin/gnu/h-x86_64-mingw32/bin/../lib/gcc/nios2-elf/5.3.0/../../../../../H-x86_64-mingw32/nios2-elf/lib\libc.a(lib_a-findfp.o)
                0x0000000000020670                _cleanup_r
 .text.__sinit.part.1
                0x000000000002067c      0x19c c:/apersonaldrive/intelfpga_lite/nios2eds/bin/gnu/h-x86_64-mingw32/bin/../lib/gcc/nios2-elf/5.3.0/../../../../../H-x86_64-mingw32/nios2-elf/lib\libc.a(lib_a-findfp.o)
 .text.__fp_lock
                0x0000000000020818        0x8 c:/apersonaldrive/intelfpga_lite/nios2eds/bin/gnu/h-x86_64-mingw32/bin/../lib/gcc/nios2-elf/5.3.0/../../../../../H-x86_64-mingw32/nios2-elf/lib\libc.a(lib_a-findfp.o)
 .text.__sfmoreglue
                0x0000000000020820       0x68 c:/apersonaldrive/intelfpga_lite/nios2eds/bin/gnu/h-x86_64-mingw32/bin/../lib/gcc/nios2-elf/5.3.0/../../../../../H-x86_64-mingw32/nios2-elf/lib\libc.a(lib_a-findfp.o)
                0x0000000000020820                __sfmoreglue
 .text.__sfp    0x0000000000020888      0x118 c:/apersonaldrive/intelfpga_lite/nios2eds/bin/gnu/h-x86_64-mingw32/bin/../lib/gcc/nios2-elf/5.3.0/../../../../../H-x86_64-mingw32/nios2-elf/lib\libc.a(lib_a-findfp.o)
                0x0000000000020888                __sfp
 .text._cleanup
                0x00000000000209a0       0x18 c:/apersonaldrive/intelfpga_lite/nios2eds/bin/gnu/h-x86_64-mingw32/bin/../lib/gcc/nios2-elf/5.3.0/../../../../../H-x86_64-mingw32/nios2-elf/lib\libc.a(lib_a-findfp.o)
                0x00000000000209a0                _cleanup
 .text.__sinit  0x00000000000209b8       0x10 c:/apersonaldrive/intelfpga_lite/nios2eds/bin/gnu/h-x86_64-mingw32/bin/../lib/gcc/nios2-elf/5.3.0/../../../../../H-x86_64-mingw32/nios2-elf/lib\libc.a(lib_a-findfp.o)
                0x00000000000209b8                __sinit
 .text.__sfp_lock_acquire
                0x00000000000209c8        0x4 c:/apersonaldrive/intelfpga_lite/nios2eds/bin/gnu/h-x86_64-mingw32/bin/../lib/gcc/nios2-elf/5.3.0/../../../../../H-x86_64-mingw32/nios2-elf/lib\libc.a(lib_a-findfp.o)
                0x00000000000209c8                __sfp_lock_acquire
 .text.__sfp_lock_release
                0x00000000000209cc        0x4 c:/apersonaldrive/intelfpga_lite/nios2eds/bin/gnu/h-x86_64-mingw32/bin/../lib/gcc/nios2-elf/5.3.0/../../../../../H-x86_64-mingw32/nios2-elf/lib\libc.a(lib_a-findfp.o)
                0x00000000000209cc                __sfp_lock_release
 .text.__sinit_lock_acquire
                0x00000000000209d0        0x4 c:/apersonaldrive/intelfpga_lite/nios2eds/bin/gnu/h-x86_64-mingw32/bin/../lib/gcc/nios2-elf/5.3.0/../../../../../H-x86_64-mingw32/nios2-elf/lib\libc.a(lib_a-findfp.o)
                0x00000000000209d0                __sinit_lock_acquire
 .text.__sinit_lock_release
                0x00000000000209d4        0x4 c:/apersonaldrive/intelfpga_lite/nios2eds/bin/gnu/h-x86_64-mingw32/bin/../lib/gcc/nios2-elf/5.3.0/../../../../../H-x86_64-mingw32/nios2-elf/lib\libc.a(lib_a-findfp.o)
                0x00000000000209d4                __sinit_lock_release
 .text.__fp_lock_all
                0x00000000000209d8       0x18 c:/apersonaldrive/intelfpga_lite/nios2eds/bin/gnu/h-x86_64-mingw32/bin/../lib/gcc/nios2-elf/5.3.0/../../../../../H-x86_64-mingw32/nios2-elf/lib\libc.a(lib_a-findfp.o)
                0x00000000000209d8                __fp_lock_all
 .text.__fp_unlock_all
                0x00000000000209f0       0x18 c:/apersonaldrive/intelfpga_lite/nios2eds/bin/gnu/h-x86_64-mingw32/bin/../lib/gcc/nios2-elf/5.3.0/../../../../../H-x86_64-mingw32/nios2-elf/lib\libc.a(lib_a-findfp.o)
                0x00000000000209f0                __fp_unlock_all
 .text          0x0000000000020a08        0x0 c:/apersonaldrive/intelfpga_lite/nios2eds/bin/gnu/h-x86_64-mingw32/bin/../lib/gcc/nios2-elf/5.3.0/../../../../../H-x86_64-mingw32/nios2-elf/lib\libc.a(lib_a-fvwrite.o)
 .text.__sfvwrite_r
                0x0000000000020a08      0x4bc c:/apersonaldrive/intelfpga_lite/nios2eds/bin/gnu/h-x86_64-mingw32/bin/../lib/gcc/nios2-elf/5.3.0/../../../../../H-x86_64-mingw32/nios2-elf/lib\libc.a(lib_a-fvwrite.o)
                0x0000000000020a08                __sfvwrite_r
 .text          0x0000000000020ec4        0x0 c:/apersonaldrive/intelfpga_lite/nios2eds/bin/gnu/h-x86_64-mingw32/bin/../lib/gcc/nios2-elf/5.3.0/../../../../../H-x86_64-mingw32/nios2-elf/lib\libc.a(lib_a-fwalk.o)
 .text._fwalk   0x0000000000020ec4       0xc4 c:/apersonaldrive/intelfpga_lite/nios2eds/bin/gnu/h-x86_64-mingw32/bin/../lib/gcc/nios2-elf/5.3.0/../../../../../H-x86_64-mingw32/nios2-elf/lib\libc.a(lib_a-fwalk.o)
                0x0000000000020ec4                _fwalk
 .text._fwalk_reent
                0x0000000000020f88       0xc4 c:/apersonaldrive/intelfpga_lite/nios2eds/bin/gnu/h-x86_64-mingw32/bin/../lib/gcc/nios2-elf/5.3.0/../../../../../H-x86_64-mingw32/nios2-elf/lib\libc.a(lib_a-fwalk.o)
                0x0000000000020f88                _fwalk_reent
 .text          0x000000000002104c        0x0 c:/apersonaldrive/intelfpga_lite/nios2eds/bin/gnu/h-x86_64-mingw32/bin/../lib/gcc/nios2-elf/5.3.0/../../../../../H-x86_64-mingw32/nios2-elf/lib\libc.a(lib_a-impure.o)
 .text          0x000000000002104c        0x0 c:/apersonaldrive/intelfpga_lite/nios2eds/bin/gnu/h-x86_64-mingw32/bin/../lib/gcc/nios2-elf/5.3.0/../../../../../H-x86_64-mingw32/nios2-elf/lib\libc.a(lib_a-mallocr.o)
 .text._malloc_r
                0x000000000002104c      0x80c c:/apersonaldrive/intelfpga_lite/nios2eds/bin/gnu/h-x86_64-mingw32/bin/../lib/gcc/nios2-elf/5.3.0/../../../../../H-x86_64-mingw32/nios2-elf/lib\libc.a(lib_a-mallocr.o)
                0x000000000002104c                _malloc_r
 .text          0x0000000000021858        0x0 c:/apersonaldrive/intelfpga_lite/nios2eds/bin/gnu/h-x86_64-mingw32/bin/../lib/gcc/nios2-elf/5.3.0/../../../../../H-x86_64-mingw32/nios2-elf/lib\libc.a(lib_a-memchr.o)
 .text.memchr   0x0000000000021858       0xe4 c:/apersonaldrive/intelfpga_lite/nios2eds/bin/gnu/h-x86_64-mingw32/bin/../lib/gcc/nios2-elf/5.3.0/../../../../../H-x86_64-mingw32/nios2-elf/lib\libc.a(lib_a-memchr.o)
                0x0000000000021858                memchr
 .text          0x000000000002193c        0x0 c:/apersonaldrive/intelfpga_lite/nios2eds/bin/gnu/h-x86_64-mingw32/bin/../lib/gcc/nios2-elf/5.3.0/../../../../../H-x86_64-mingw32/nios2-elf/lib\libc.a(lib_a-memcpy.o)
 .text.memcpy   0x000000000002193c      0x148 c:/apersonaldrive/intelfpga_lite/nios2eds/bin/gnu/h-x86_64-mingw32/bin/../lib/gcc/nios2-elf/5.3.0/../../../../../H-x86_64-mingw32/nios2-elf/lib\libc.a(lib_a-memcpy.o)
                0x000000000002193c                memcpy
 .text          0x0000000000021a84        0x0 c:/apersonaldrive/intelfpga_lite/nios2eds/bin/gnu/h-x86_64-mingw32/bin/../lib/gcc/nios2-elf/5.3.0/../../../../../H-x86_64-mingw32/nios2-elf/lib\libc.a(lib_a-memmove.o)
 .text.memmove  0x0000000000021a84      0x15c c:/apersonaldrive/intelfpga_lite/nios2eds/bin/gnu/h-x86_64-mingw32/bin/../lib/gcc/nios2-elf/5.3.0/../../../../../H-x86_64-mingw32/nios2-elf/lib\libc.a(lib_a-memmove.o)
                0x0000000000021a84                memmove
 .text          0x0000000000021be0        0x0 c:/apersonaldrive/intelfpga_lite/nios2eds/bin/gnu/h-x86_64-mingw32/bin/../lib/gcc/nios2-elf/5.3.0/../../../../../H-x86_64-mingw32/nios2-elf/lib\libc.a(lib_a-memset.o)
 .text.memset   0x0000000000021be0      0x128 c:/apersonaldrive/intelfpga_lite/nios2eds/bin/gnu/h-x86_64-mingw32/bin/../lib/gcc/nios2-elf/5.3.0/../../../../../H-x86_64-mingw32/nios2-elf/lib\libc.a(lib_a-memset.o)
                0x0000000000021be0                memset
 .text          0x0000000000021d08        0x0 c:/apersonaldrive/intelfpga_lite/nios2eds/bin/gnu/h-x86_64-mingw32/bin/../lib/gcc/nios2-elf/5.3.0/../../../../../H-x86_64-mingw32/nios2-elf/lib\libc.a(lib_a-reallocr.o)
 .text._realloc_r
                0x0000000000021d08      0x564 c:/apersonaldrive/intelfpga_lite/nios2eds/bin/gnu/h-x86_64-mingw32/bin/../lib/gcc/nios2-elf/5.3.0/../../../../../H-x86_64-mingw32/nios2-elf/lib\libc.a(lib_a-reallocr.o)
                0x0000000000021d08                _realloc_r
 .text          0x000000000002226c        0x0 c:/apersonaldrive/intelfpga_lite/nios2eds/bin/gnu/h-x86_64-mingw32/bin/../lib/gcc/nios2-elf/5.3.0/../../../../../H-x86_64-mingw32/nios2-elf/lib\libc.a(lib_a-sbrkr.o)
 .text._sbrk_r  0x000000000002226c       0x54 c:/apersonaldrive/intelfpga_lite/nios2eds/bin/gnu/h-x86_64-mingw32/bin/../lib/gcc/nios2-elf/5.3.0/../../../../../H-x86_64-mingw32/nios2-elf/lib\libc.a(lib_a-sbrkr.o)
                0x000000000002226c                _sbrk_r
 .text          0x00000000000222c0        0x0 c:/apersonaldrive/intelfpga_lite/nios2eds/bin/gnu/h-x86_64-mingw32/bin/../lib/gcc/nios2-elf/5.3.0/../../../../../H-x86_64-mingw32/nios2-elf/lib\libc.a(lib_a-stdio.o)
 .text.__sread  0x00000000000222c0       0x54 c:/apersonaldrive/intelfpga_lite/nios2eds/bin/gnu/h-x86_64-mingw32/bin/../lib/gcc/nios2-elf/5.3.0/../../../../../H-x86_64-mingw32/nios2-elf/lib\libc.a(lib_a-stdio.o)
                0x00000000000222c0                __sread
 .text.__seofread
                0x0000000000022314        0x8 c:/apersonaldrive/intelfpga_lite/nios2eds/bin/gnu/h-x86_64-mingw32/bin/../lib/gcc/nios2-elf/5.3.0/../../../../../H-x86_64-mingw32/nios2-elf/lib\libc.a(lib_a-stdio.o)
                0x0000000000022314                __seofread
 .text.__swrite
                0x000000000002231c       0x7c c:/apersonaldrive/intelfpga_lite/nios2eds/bin/gnu/h-x86_64-mingw32/bin/../lib/gcc/nios2-elf/5.3.0/../../../../../H-x86_64-mingw32/nios2-elf/lib\libc.a(lib_a-stdio.o)
                0x000000000002231c                __swrite
 .text.__sseek  0x0000000000022398       0x5c c:/apersonaldrive/intelfpga_lite/nios2eds/bin/gnu/h-x86_64-mingw32/bin/../lib/gcc/nios2-elf/5.3.0/../../../../../H-x86_64-mingw32/nios2-elf/lib\libc.a(lib_a-stdio.o)
                0x0000000000022398                __sseek
 .text.__sclose
                0x00000000000223f4        0x8 c:/apersonaldrive/intelfpga_lite/nios2eds/bin/gnu/h-x86_64-mingw32/bin/../lib/gcc/nios2-elf/5.3.0/../../../../../H-x86_64-mingw32/nios2-elf/lib\libc.a(lib_a-stdio.o)
                0x00000000000223f4                __sclose
 .text          0x00000000000223fc        0x0 c:/apersonaldrive/intelfpga_lite/nios2eds/bin/gnu/h-x86_64-mingw32/bin/../lib/gcc/nios2-elf/5.3.0/../../../../../H-x86_64-mingw32/nios2-elf/lib\libc.a(lib_a-writer.o)
 .text._write_r
                0x00000000000223fc       0x60 c:/apersonaldrive/intelfpga_lite/nios2eds/bin/gnu/h-x86_64-mingw32/bin/../lib/gcc/nios2-elf/5.3.0/../../../../../H-x86_64-mingw32/nios2-elf/lib\libc.a(lib_a-writer.o)
                0x00000000000223fc                _write_r
 .text          0x000000000002245c        0x0 c:/apersonaldrive/intelfpga_lite/nios2eds/bin/gnu/h-x86_64-mingw32/bin/../lib/gcc/nios2-elf/5.3.0/../../../../../H-x86_64-mingw32/nios2-elf/lib\libc.a(lib_a-wsetup.o)
 .text.__swsetup_r
                0x000000000002245c      0x154 c:/apersonaldrive/intelfpga_lite/nios2eds/bin/gnu/h-x86_64-mingw32/bin/../lib/gcc/nios2-elf/5.3.0/../../../../../H-x86_64-mingw32/nios2-elf/lib\libc.a(lib_a-wsetup.o)
                0x000000000002245c                __swsetup_r
 .text          0x00000000000225b0        0x0 c:/apersonaldrive/intelfpga_lite/nios2eds/bin/gnu/h-x86_64-mingw32/bin/../lib/gcc/nios2-elf/5.3.0/../../../../../H-x86_64-mingw32/nios2-elf/lib\libc.a(closer.o)
 .text._close_r
                0x00000000000225b0       0x54 c:/apersonaldrive/intelfpga_lite/nios2eds/bin/gnu/h-x86_64-mingw32/bin/../lib/gcc/nios2-elf/5.3.0/../../../../../H-x86_64-mingw32/nios2-elf/lib\libc.a(closer.o)
                0x00000000000225b0                _close_r
 .text          0x0000000000022604        0x0 c:/apersonaldrive/intelfpga_lite/nios2eds/bin/gnu/h-x86_64-mingw32/bin/../lib/gcc/nios2-elf/5.3.0/../../../../../H-x86_64-mingw32/nios2-elf/lib\libc.a(lib_a-fclose.o)
 .text._fclose_r
                0x0000000000022604       0xf0 c:/apersonaldrive/intelfpga_lite/nios2eds/bin/gnu/h-x86_64-mingw32/bin/../lib/gcc/nios2-elf/5.3.0/../../../../../H-x86_64-mingw32/nios2-elf/lib\libc.a(lib_a-fclose.o)
                0x0000000000022604                _fclose_r
 .text.fclose   0x00000000000226f4       0x14 c:/apersonaldrive/intelfpga_lite/nios2eds/bin/gnu/h-x86_64-mingw32/bin/../lib/gcc/nios2-elf/5.3.0/../../../../../H-x86_64-mingw32/nios2-elf/lib\libc.a(lib_a-fclose.o)
                0x00000000000226f4                fclose
 .text          0x0000000000022708        0x0 c:/apersonaldrive/intelfpga_lite/nios2eds/bin/gnu/h-x86_64-mingw32/bin/../lib/gcc/nios2-elf/5.3.0/../../../../../H-x86_64-mingw32/nios2-elf/lib\libc.a(lib_a-fflush.o)
 .text.__sflush_r
                0x0000000000022708      0x21c c:/apersonaldrive/intelfpga_lite/nios2eds/bin/gnu/h-x86_64-mingw32/bin/../lib/gcc/nios2-elf/5.3.0/../../../../../H-x86_64-mingw32/nios2-elf/lib\libc.a(lib_a-fflush.o)
                0x0000000000022708                __sflush_r
 .text._fflush_r
                0x0000000000022924       0x5c c:/apersonaldrive/intelfpga_lite/nios2eds/bin/gnu/h-x86_64-mingw32/bin/../lib/gcc/nios2-elf/5.3.0/../../../../../H-x86_64-mingw32/nios2-elf/lib\libc.a(lib_a-fflush.o)
                0x0000000000022924                _fflush_r
 .text.fflush   0x0000000000022980       0x30 c:/apersonaldrive/intelfpga_lite/nios2eds/bin/gnu/h-x86_64-mingw32/bin/../lib/gcc/nios2-elf/5.3.0/../../../../../H-x86_64-mingw32/nios2-elf/lib\libc.a(lib_a-fflush.o)
                0x0000000000022980                fflush
 .text          0x00000000000229b0        0x0 c:/apersonaldrive/intelfpga_lite/nios2eds/bin/gnu/h-x86_64-mingw32/bin/../lib/gcc/nios2-elf/5.3.0/../../../../../H-x86_64-mingw32/nios2-elf/lib\libc.a(lib_a-freer.o)
 .text._malloc_trim_r
                0x00000000000229b0      0x124 c:/apersonaldrive/intelfpga_lite/nios2eds/bin/gnu/h-x86_64-mingw32/bin/../lib/gcc/nios2-elf/5.3.0/../../../../../H-x86_64-mingw32/nios2-elf/lib\libc.a(lib_a-freer.o)
                0x00000000000229b0                _malloc_trim_r
 .text._free_r  0x0000000000022ad4      0x310 c:/apersonaldrive/intelfpga_lite/nios2eds/bin/gnu/h-x86_64-mingw32/bin/../lib/gcc/nios2-elf/5.3.0/../../../../../H-x86_64-mingw32/nios2-elf/lib\libc.a(lib_a-freer.o)
                0x0000000000022ad4                _free_r
 .text          0x0000000000022de4        0x0 c:/apersonaldrive/intelfpga_lite/nios2eds/bin/gnu/h-x86_64-mingw32/bin/../lib/gcc/nios2-elf/5.3.0/../../../../../H-x86_64-mingw32/nios2-elf/lib\libc.a(lib_a-int_errno.o)
 .text          0x0000000000022de4        0x0 c:/apersonaldrive/intelfpga_lite/nios2eds/bin/gnu/h-x86_64-mingw32/bin/../lib/gcc/nios2-elf/5.3.0/../../../../../H-x86_64-mingw32/nios2-elf/lib\libc.a(lib_a-lseekr.o)
 .text._lseek_r
                0x0000000000022de4       0x60 c:/apersonaldrive/intelfpga_lite/nios2eds/bin/gnu/h-x86_64-mingw32/bin/../lib/gcc/nios2-elf/5.3.0/../../../../../H-x86_64-mingw32/nios2-elf/lib\libc.a(lib_a-lseekr.o)
                0x0000000000022de4                _lseek_r
 .text          0x0000000000022e44        0x0 c:/apersonaldrive/intelfpga_lite/nios2eds/bin/gnu/h-x86_64-mingw32/bin/../lib/gcc/nios2-elf/5.3.0/../../../../../H-x86_64-mingw32/nios2-elf/lib\libc.a(lib_a-makebuf.o)
 .text.__smakebuf_r
                0x0000000000022e44      0x1bc c:/apersonaldrive/intelfpga_lite/nios2eds/bin/gnu/h-x86_64-mingw32/bin/../lib/gcc/nios2-elf/5.3.0/../../../../../H-x86_64-mingw32/nios2-elf/lib\libc.a(lib_a-makebuf.o)
                0x0000000000022e44                __smakebuf_r
 .text          0x0000000000023000        0x0 c:/apersonaldrive/intelfpga_lite/nios2eds/bin/gnu/h-x86_64-mingw32/bin/../lib/gcc/nios2-elf/5.3.0/../../../../../H-x86_64-mingw32/nios2-elf/lib\libc.a(lib_a-readr.o)
 .text._read_r  0x0000000000023000       0x60 c:/apersonaldrive/intelfpga_lite/nios2eds/bin/gnu/h-x86_64-mingw32/bin/../lib/gcc/nios2-elf/5.3.0/../../../../../H-x86_64-mingw32/nios2-elf/lib\libc.a(lib_a-readr.o)
                0x0000000000023000                _read_r
 .text          0x0000000000023060        0x0 c:/apersonaldrive/intelfpga_lite/nios2eds/bin/gnu/h-x86_64-mingw32/bin/../lib/gcc/nios2-elf/5.3.0/../../../../../H-x86_64-mingw32/nios2-elf/lib\libc.a(lib_a-fstatr.o)
 .text._fstat_r
                0x0000000000023060       0x5c c:/apersonaldrive/intelfpga_lite/nios2eds/bin/gnu/h-x86_64-mingw32/bin/../lib/gcc/nios2-elf/5.3.0/../../../../../H-x86_64-mingw32/nios2-elf/lib\libc.a(lib_a-fstatr.o)
                0x0000000000023060                _fstat_r
 .text          0x00000000000230bc        0x0 c:/apersonaldrive/intelfpga_lite/nios2eds/bin/gnu/h-x86_64-mingw32/bin/../lib/gcc/nios2-elf/5.3.0/../../../../../H-x86_64-mingw32/nios2-elf/lib\libc.a(lib_a-isattyr.o)
 .text._isatty_r
                0x00000000000230bc       0x54 c:/apersonaldrive/intelfpga_lite/nios2eds/bin/gnu/h-x86_64-mingw32/bin/../lib/gcc/nios2-elf/5.3.0/../../../../../H-x86_64-mingw32/nios2-elf/lib\libc.a(lib_a-isattyr.o)
                0x00000000000230bc                _isatty_r
 .text          0x0000000000023110      0x1b4 c:/apersonaldrive/intelfpga_lite/nios2eds/bin/gnu/h-x86_64-mingw32/bin/../lib/gcc/nios2-elf/5.3.0\libgcc.a(lib2-divmod.o)
                0x0000000000023110                __divsi3
                0x0000000000023194                __modsi3
                0x0000000000023208                __udivsi3
                0x000000000002326c                __umodsi3
 .text          0x00000000000232c4      0x10c C:/Users/24833/Desktop/FPGA/lab1_de1_soc_interrupt_analysis/onchip_instrCacheEnabled_dataCacheDisabled/sw/onChipDataCacheDisabled_bsp/\libhal_bsp.a(alt_close.o)
                0x0000000000023300                close
 .text          0x00000000000233d0       0x2c C:/Users/24833/Desktop/FPGA/lab1_de1_soc_interrupt_analysis/onchip_instrCacheEnabled_dataCacheDisabled/sw/onChipDataCacheDisabled_bsp/\libhal_bsp.a(alt_dev.o)
 .text          0x00000000000233fc        0x0 C:/Users/24833/Desktop/FPGA/lab1_de1_soc_interrupt_analysis/onchip_instrCacheEnabled_dataCacheDisabled/sw/onChipDataCacheDisabled_bsp/\libhal_bsp.a(alt_errno.o)
 .text          0x00000000000233fc       0xec C:/Users/24833/Desktop/FPGA/lab1_de1_soc_interrupt_analysis/onchip_instrCacheEnabled_dataCacheDisabled/sw/onChipDataCacheDisabled_bsp/\libhal_bsp.a(alt_fstat.o)
                0x0000000000023438                fstat
 .text          0x00000000000234e8      0x1b0 C:/Users/24833/Desktop/FPGA/lab1_de1_soc_interrupt_analysis/onchip_instrCacheEnabled_dataCacheDisabled/sw/onChipDataCacheDisabled_bsp/\libhal_bsp.a(alt_iic.o)
                0x00000000000234e8                alt_ic_isr_register
                0x0000000000023538                alt_ic_irq_enable
                0x00000000000235c0                alt_ic_irq_disable
                0x000000000002364c                alt_ic_irq_enabled
 .text          0x0000000000023698       0xf0 C:/Users/24833/Desktop/FPGA/lab1_de1_soc_interrupt_analysis/onchip_instrCacheEnabled_dataCacheDisabled/sw/onChipDataCacheDisabled_bsp/\libhal_bsp.a(alt_iic_isr_register.o)
                0x0000000000023698                alt_iic_isr_register
 .text          0x0000000000023788        0x0 C:/Users/24833/Desktop/FPGA/lab1_de1_soc_interrupt_analysis/onchip_instrCacheEnabled_dataCacheDisabled/sw/onChipDataCacheDisabled_bsp/\libhal_bsp.a(alt_irq_entry.o)
 .text          0x0000000000023788        0x0 C:/Users/24833/Desktop/FPGA/lab1_de1_soc_interrupt_analysis/onchip_instrCacheEnabled_dataCacheDisabled/sw/onChipDataCacheDisabled_bsp/\libhal_bsp.a(alt_irq_handler.o)
 .text          0x0000000000023788        0x0 C:/Users/24833/Desktop/FPGA/lab1_de1_soc_interrupt_analysis/onchip_instrCacheEnabled_dataCacheDisabled/sw/onChipDataCacheDisabled_bsp/\libhal_bsp.a(alt_irq_vars.o)
 .text          0x0000000000023788       0xe0 C:/Users/24833/Desktop/FPGA/lab1_de1_soc_interrupt_analysis/onchip_instrCacheEnabled_dataCacheDisabled/sw/onChipDataCacheDisabled_bsp/\libhal_bsp.a(alt_isatty.o)
                0x00000000000237c4                isatty
 .text          0x0000000000023868       0xec C:/Users/24833/Desktop/FPGA/lab1_de1_soc_interrupt_analysis/onchip_instrCacheEnabled_dataCacheDisabled/sw/onChipDataCacheDisabled_bsp/\libhal_bsp.a(alt_load.o)
                0x00000000000238d0                alt_load
 .text          0x0000000000023954      0x110 C:/Users/24833/Desktop/FPGA/lab1_de1_soc_interrupt_analysis/onchip_instrCacheEnabled_dataCacheDisabled/sw/onChipDataCacheDisabled_bsp/\libhal_bsp.a(alt_lseek.o)
                0x0000000000023990                lseek
 .text          0x0000000000023a64       0x7c C:/Users/24833/Desktop/FPGA/lab1_de1_soc_interrupt_analysis/onchip_instrCacheEnabled_dataCacheDisabled/sw/onChipDataCacheDisabled_bsp/\libhal_bsp.a(alt_main.o)
                0x0000000000023a64                alt_main
 .text          0x0000000000023ae0       0x48 C:/Users/24833/Desktop/FPGA/lab1_de1_soc_interrupt_analysis/onchip_instrCacheEnabled_dataCacheDisabled/sw/onChipDataCacheDisabled_bsp/\libhal_bsp.a(alt_malloc_lock.o)
                0x0000000000023ae0                __malloc_lock
                0x0000000000023b04                __malloc_unlock
 .text          0x0000000000023b28      0x22c C:/Users/24833/Desktop/FPGA/lab1_de1_soc_interrupt_analysis/onchip_instrCacheEnabled_dataCacheDisabled/sw/onChipDataCacheDisabled_bsp/\libhal_bsp.a(alt_printf.o)
                0x0000000000023b28                alt_printf
 .text          0x0000000000023d54       0x3c C:/Users/24833/Desktop/FPGA/lab1_de1_soc_interrupt_analysis/onchip_instrCacheEnabled_dataCacheDisabled/sw/onChipDataCacheDisabled_bsp/\libhal_bsp.a(alt_putchar.o)
                0x0000000000023d54                alt_putchar
 .text          0x0000000000023d90      0x138 C:/Users/24833/Desktop/FPGA/lab1_de1_soc_interrupt_analysis/onchip_instrCacheEnabled_dataCacheDisabled/sw/onChipDataCacheDisabled_bsp/\libhal_bsp.a(alt_read.o)
                0x0000000000023dcc                read
 .text          0x0000000000023ec8       0x64 C:/Users/24833/Desktop/FPGA/lab1_de1_soc_interrupt_analysis/onchip_instrCacheEnabled_dataCacheDisabled/sw/onChipDataCacheDisabled_bsp/\libhal_bsp.a(alt_release_fd.o)
                0x0000000000023ec8                alt_release_fd
 .text          0x0000000000023f2c       0xb0 C:/Users/24833/Desktop/FPGA/lab1_de1_soc_interrupt_analysis/onchip_instrCacheEnabled_dataCacheDisabled/sw/onChipDataCacheDisabled_bsp/\libhal_bsp.a(alt_sbrk.o)
                0x0000000000023f2c                sbrk
 .text          0x0000000000023fdc      0x134 C:/Users/24833/Desktop/FPGA/lab1_de1_soc_interrupt_analysis/onchip_instrCacheEnabled_dataCacheDisabled/sw/onChipDataCacheDisabled_bsp/\libhal_bsp.a(alt_write.o)
                0x0000000000024018                write
 .text          0x0000000000024110       0xb4 C:/Users/24833/Desktop/FPGA/lab1_de1_soc_interrupt_analysis/onchip_instrCacheEnabled_dataCacheDisabled/sw/onChipDataCacheDisabled_bsp/\libhal_bsp.a(alt_sys_init.o)
                0x0000000000024144                alt_irq_init
                0x000000000002417c                alt_sys_init
 .text          0x00000000000241c4      0x164 C:/Users/24833/Desktop/FPGA/lab1_de1_soc_interrupt_analysis/onchip_instrCacheEnabled_dataCacheDisabled/sw/onChipDataCacheDisabled_bsp/\libhal_bsp.a(altera_avalon_jtag_uart_fd.o)
                0x00000000000241c4                altera_avalon_jtag_uart_read_fd
                0x0000000000024224                altera_avalon_jtag_uart_write_fd
                0x0000000000024284                altera_avalon_jtag_uart_close_fd
                0x00000000000242d4                altera_avalon_jtag_uart_ioctl_fd
 .text          0x0000000000024328      0x3d4 C:/Users/24833/Desktop/FPGA/lab1_de1_soc_interrupt_analysis/onchip_instrCacheEnabled_dataCacheDisabled/sw/onChipDataCacheDisabled_bsp/\libhal_bsp.a(altera_avalon_jtag_uart_init.o)
                0x0000000000024328                altera_avalon_jtag_uart_init
                0x0000000000024694                altera_avalon_jtag_uart_close
 .text          0x00000000000246fc       0xf0 C:/Users/24833/Desktop/FPGA/lab1_de1_soc_interrupt_analysis/onchip_instrCacheEnabled_dataCacheDisabled/sw/onChipDataCacheDisabled_bsp/\libhal_bsp.a(altera_avalon_jtag_uart_ioctl.o)
                0x00000000000246fc                altera_avalon_jtag_uart_ioctl
 .text          0x00000000000247ec      0x21c C:/Users/24833/Desktop/FPGA/lab1_de1_soc_interrupt_analysis/onchip_instrCacheEnabled_dataCacheDisabled/sw/onChipDataCacheDisabled_bsp/\libhal_bsp.a(altera_avalon_jtag_uart_read.o)
                0x00000000000247ec                altera_avalon_jtag_uart_read
 .text          0x0000000000024a08      0x224 C:/Users/24833/Desktop/FPGA/lab1_de1_soc_interrupt_analysis/onchip_instrCacheEnabled_dataCacheDisabled/sw/onChipDataCacheDisabled_bsp/\libhal_bsp.a(altera_avalon_jtag_uart_write.o)
                0x0000000000024a08                altera_avalon_jtag_uart_write
 .text          0x0000000000024c2c      0x12c C:/Users/24833/Desktop/FPGA/lab1_de1_soc_interrupt_analysis/onchip_instrCacheEnabled_dataCacheDisabled/sw/onChipDataCacheDisabled_bsp/\libhal_bsp.a(alt_alarm_start.o)
                0x0000000000024c2c                alt_alarm_start
 .text          0x0000000000024d58       0x20 C:/Users/24833/Desktop/FPGA/lab1_de1_soc_interrupt_analysis/onchip_instrCacheEnabled_dataCacheDisabled/sw/onChipDataCacheDisabled_bsp/\libhal_bsp.a(alt_dcache_flush_all.o)
                0x0000000000024d58                alt_dcache_flush_all
 .text          0x0000000000024d78       0xe0 C:/Users/24833/Desktop/FPGA/lab1_de1_soc_interrupt_analysis/onchip_instrCacheEnabled_dataCacheDisabled/sw/onChipDataCacheDisabled_bsp/\libhal_bsp.a(alt_dev_llist_insert.o)
                0x0000000000024db4                alt_dev_llist_insert
 .text          0x0000000000024e58       0x60 C:/Users/24833/Desktop/FPGA/lab1_de1_soc_interrupt_analysis/onchip_instrCacheEnabled_dataCacheDisabled/sw/onChipDataCacheDisabled_bsp/\libhal_bsp.a(alt_do_ctors.o)
                0x0000000000024e58                _do_ctors
 .text          0x0000000000024eb8       0x60 C:/Users/24833/Desktop/FPGA/lab1_de1_soc_interrupt_analysis/onchip_instrCacheEnabled_dataCacheDisabled/sw/onChipDataCacheDisabled_bsp/\libhal_bsp.a(alt_do_dtors.o)
                0x0000000000024eb8                _do_dtors
 .text          0x0000000000024f18        0x0 C:/Users/24833/Desktop/FPGA/lab1_de1_soc_interrupt_analysis/onchip_instrCacheEnabled_dataCacheDisabled/sw/onChipDataCacheDisabled_bsp/\libhal_bsp.a(alt_exception_entry.o)
 .text          0x0000000000024f18       0x34 C:/Users/24833/Desktop/FPGA/lab1_de1_soc_interrupt_analysis/onchip_instrCacheEnabled_dataCacheDisabled/sw/onChipDataCacheDisabled_bsp/\libhal_bsp.a(alt_icache_flush_all.o)
                0x0000000000024f18                alt_icache_flush_all
 .text          0x0000000000024f4c       0x9c C:/Users/24833/Desktop/FPGA/lab1_de1_soc_interrupt_analysis/onchip_instrCacheEnabled_dataCacheDisabled/sw/onChipDataCacheDisabled_bsp/\libhal_bsp.a(alt_instruction_exception_entry.o)
                0x0000000000024f4c                alt_exception_cause_generated_bad_addr
 .text          0x0000000000024fe8      0x140 C:/Users/24833/Desktop/FPGA/lab1_de1_soc_interrupt_analysis/onchip_instrCacheEnabled_dataCacheDisabled/sw/onChipDataCacheDisabled_bsp/\libhal_bsp.a(alt_io_redirect.o)
                0x00000000000250ac                alt_io_redirect
 .text          0x0000000000025128      0x254 C:/Users/24833/Desktop/FPGA/lab1_de1_soc_interrupt_analysis/onchip_instrCacheEnabled_dataCacheDisabled/sw/onChipDataCacheDisabled_bsp/\libhal_bsp.a(alt_open.o)
                0x0000000000025228                open
 .text          0x000000000002537c      0x1a4 C:/Users/24833/Desktop/FPGA/lab1_de1_soc_interrupt_analysis/onchip_instrCacheEnabled_dataCacheDisabled/sw/onChipDataCacheDisabled_bsp/\libhal_bsp.a(alt_tick.o)
                0x000000000002537c                alt_alarm_stop
                0x0000000000025418                alt_tick
 .text          0x0000000000025520       0x24 C:/Users/24833/Desktop/FPGA/lab1_de1_soc_interrupt_analysis/onchip_instrCacheEnabled_dataCacheDisabled/sw/onChipDataCacheDisabled_bsp/\libhal_bsp.a(altera_nios2_gen2_irq.o)
                0x0000000000025520                altera_nios2_gen2_irq_init
 .text          0x0000000000025544       0x90 C:/Users/24833/Desktop/FPGA/lab1_de1_soc_interrupt_analysis/onchip_instrCacheEnabled_dataCacheDisabled/sw/onChipDataCacheDisabled_bsp/\libhal_bsp.a(alt_find_dev.o)
                0x0000000000025544                alt_find_dev
 .text          0x00000000000255d4      0x108 C:/Users/24833/Desktop/FPGA/lab1_de1_soc_interrupt_analysis/onchip_instrCacheEnabled_dataCacheDisabled/sw/onChipDataCacheDisabled_bsp/\libhal_bsp.a(alt_find_file.o)
                0x00000000000255d4                alt_find_file
 .text          0x00000000000256dc       0xa4 C:/Users/24833/Desktop/FPGA/lab1_de1_soc_interrupt_analysis/onchip_instrCacheEnabled_dataCacheDisabled/sw/onChipDataCacheDisabled_bsp/\libhal_bsp.a(alt_get_fd.o)
                0x00000000000256dc                alt_get_fd
 .text          0x0000000000025780       0x90 C:/Users/24833/Desktop/FPGA/lab1_de1_soc_interrupt_analysis/onchip_instrCacheEnabled_dataCacheDisabled/sw/onChipDataCacheDisabled_bsp/\libhal_bsp.a(alt_icache_flush.o)
                0x0000000000025780                alt_icache_flush
 .text          0x0000000000025810        0x0 c:/apersonaldrive/intelfpga_lite/nios2eds/bin/gnu/h-x86_64-mingw32/bin/../lib/gcc/nios2-elf/5.3.0/../../../../../H-x86_64-mingw32/nios2-elf/lib\libc.a(lib_a-atexit.o)
 .text.atexit   0x0000000000025810       0x14 c:/apersonaldrive/intelfpga_lite/nios2eds/bin/gnu/h-x86_64-mingw32/bin/../lib/gcc/nios2-elf/5.3.0/../../../../../H-x86_64-mingw32/nios2-elf/lib\libc.a(lib_a-atexit.o)
                0x0000000000025810                atexit
 .text          0x0000000000025824        0x0 c:/apersonaldrive/intelfpga_lite/nios2eds/bin/gnu/h-x86_64-mingw32/bin/../lib/gcc/nios2-elf/5.3.0/../../../../../H-x86_64-mingw32/nios2-elf/lib\libc.a(lib_a-exit.o)
 .text.exit     0x0000000000025824       0x38 c:/apersonaldrive/intelfpga_lite/nios2eds/bin/gnu/h-x86_64-mingw32/bin/../lib/gcc/nios2-elf/5.3.0/../../../../../H-x86_64-mingw32/nios2-elf/lib\libc.a(lib_a-exit.o)
                0x0000000000025824                exit
 .text          0x000000000002585c        0x0 c:/apersonaldrive/intelfpga_lite/nios2eds/bin/gnu/h-x86_64-mingw32/bin/../lib/gcc/nios2-elf/5.3.0/../../../../../H-x86_64-mingw32/nios2-elf/lib\libc.a(lib_a-memcmp.o)
 .text.memcmp   0x000000000002585c       0x7c c:/apersonaldrive/intelfpga_lite/nios2eds/bin/gnu/h-x86_64-mingw32/bin/../lib/gcc/nios2-elf/5.3.0/../../../../../H-x86_64-mingw32/nios2-elf/lib\libc.a(lib_a-memcmp.o)
                0x000000000002585c                memcmp
 .text          0x00000000000258d8        0x0 c:/apersonaldrive/intelfpga_lite/nios2eds/bin/gnu/h-x86_64-mingw32/bin/../lib/gcc/nios2-elf/5.3.0/../../../../../H-x86_64-mingw32/nios2-elf/lib\libc.a(lib_a-putc.o)
 .text._putc_r  0x00000000000258d8       0xa0 c:/apersonaldrive/intelfpga_lite/nios2eds/bin/gnu/h-x86_64-mingw32/bin/../lib/gcc/nios2-elf/5.3.0/../../../../../H-x86_64-mingw32/nios2-elf/lib\libc.a(lib_a-putc.o)
                0x00000000000258d8                _putc_r
 .text.putc     0x0000000000025978       0xc8 c:/apersonaldrive/intelfpga_lite/nios2eds/bin/gnu/h-x86_64-mingw32/bin/../lib/gcc/nios2-elf/5.3.0/../../../../../H-x86_64-mingw32/nios2-elf/lib\libc.a(lib_a-putc.o)
                0x0000000000025978                putc
 .text          0x0000000000025a40        0x0 c:/apersonaldrive/intelfpga_lite/nios2eds/bin/gnu/h-x86_64-mingw32/bin/../lib/gcc/nios2-elf/5.3.0/../../../../../H-x86_64-mingw32/nios2-elf/lib\libc.a(lib_a-wbuf.o)
 .text.__swbuf_r
                0x0000000000025a40      0x140 c:/apersonaldrive/intelfpga_lite/nios2eds/bin/gnu/h-x86_64-mingw32/bin/../lib/gcc/nios2-elf/5.3.0/../../../../../H-x86_64-mingw32/nios2-elf/lib\libc.a(lib_a-wbuf.o)
                0x0000000000025a40                __swbuf_r
 .text.__swbuf  0x0000000000025b80       0x18 c:/apersonaldrive/intelfpga_lite/nios2eds/bin/gnu/h-x86_64-mingw32/bin/../lib/gcc/nios2-elf/5.3.0/../../../../../H-x86_64-mingw32/nios2-elf/lib\libc.a(lib_a-wbuf.o)
                0x0000000000025b80                __swbuf
 .text          0x0000000000025b98        0x0 c:/apersonaldrive/intelfpga_lite/nios2eds/bin/gnu/h-x86_64-mingw32/bin/../lib/gcc/nios2-elf/5.3.0/../../../../../H-x86_64-mingw32/nios2-elf/lib\libc.a(lib_a-__atexit.o)
 .text.__register_exitproc
                0x0000000000025b98      0x118 c:/apersonaldrive/intelfpga_lite/nios2eds/bin/gnu/h-x86_64-mingw32/bin/../lib/gcc/nios2-elf/5.3.0/../../../../../H-x86_64-mingw32/nios2-elf/lib\libc.a(lib_a-__atexit.o)
                0x0000000000025b98                __register_exitproc
 .text          0x0000000000025cb0        0x0 c:/apersonaldrive/intelfpga_lite/nios2eds/bin/gnu/h-x86_64-mingw32/bin/../lib/gcc/nios2-elf/5.3.0/../../../../../H-x86_64-mingw32/nios2-elf/lib\libc.a(lib_a-__call_atexit.o)
 .text.__call_exitprocs
                0x0000000000025cb0      0x180 c:/apersonaldrive/intelfpga_lite/nios2eds/bin/gnu/h-x86_64-mingw32/bin/../lib/gcc/nios2-elf/5.3.0/../../../../../H-x86_64-mingw32/nios2-elf/lib\libc.a(lib_a-__call_atexit.o)
                0x0000000000025cb0                __call_exitprocs
 .text          0x0000000000025e30       0x34 C:/Users/24833/Desktop/FPGA/lab1_de1_soc_interrupt_analysis/onchip_instrCacheEnabled_dataCacheDisabled/sw/onChipDataCacheDisabled_bsp/\libhal_bsp.a(alt_exit.o)
                0x0000000000025e30                _exit
 *(.gnu.warning.*)
 *(.fini)
                [!provide]                        PROVIDE (__etext, ABSOLUTE (.))
                [!provide]                        PROVIDE (_etext, ABSOLUTE (.))
                [!provide]                        PROVIDE (etext, ABSOLUTE (.))
 *(.eh_frame_hdr)
                0x0000000000025e64                . = ALIGN (0x4)
                [!provide]                        PROVIDE (__preinit_array_start, ABSOLUTE (.))
 *(.preinit_array)
                [!provide]                        PROVIDE (__preinit_array_end, ABSOLUTE (.))
                [!provide]                        PROVIDE (__init_array_start, ABSOLUTE (.))
 *(.init_array)
                [!provide]                        PROVIDE (__init_array_end, ABSOLUTE (.))
                [!provide]                        PROVIDE (__fini_array_start, ABSOLUTE (.))
 *(.fini_array)
                [!provide]                        PROVIDE (__fini_array_end, ABSOLUTE (.))
 *(.eh_frame)
 *(.gcc_except_table .gcc_except_table.*)
 *(.dynamic)
                0x0000000000025e64                PROVIDE (__CTOR_LIST__, ABSOLUTE (.))
 *(.ctors)
 *(SORT(.ctors.*))
                0x0000000000025e64                PROVIDE (__CTOR_END__, ABSOLUTE (.))
                0x0000000000025e64                PROVIDE (__DTOR_LIST__, ABSOLUTE (.))
 *(.dtors)
 *(SORT(.dtors.*))
                0x0000000000025e64                PROVIDE (__DTOR_END__, ABSOLUTE (.))
 *(.jcr)
                0x0000000000025e64                . = ALIGN (0x4)

.rodata         0x0000000000025e64       0x60
                0x0000000000025e64                PROVIDE (__ram_rodata_start, ABSOLUTE (.))
                0x0000000000025e64                . = ALIGN (0x4)
 *(.rodata .rodata.* .gnu.linkonce.r.*)
 .rodata        0x0000000000025e64       0x21 obj/default/hello_world.o
 *fill*         0x0000000000025e85        0x3 
 .rodata.str1.4
                0x0000000000025e88        0x2 c:/apersonaldrive/intelfpga_lite/nios2eds/bin/gnu/h-x86_64-mingw32/bin/../lib/gcc/nios2-elf/5.3.0/../../../../../H-x86_64-mingw32/nios2-elf/lib\libc.a(lib_a-puts.o)
 *fill*         0x0000000000025e8a        0x2 
 .rodata.str1.4
                0x0000000000025e8c        0x4 c:/apersonaldrive/intelfpga_lite/nios2eds/bin/gnu/h-x86_64-mingw32/bin/../lib/gcc/nios2-elf/5.3.0/../../../../../H-x86_64-mingw32/nios2-elf/lib\libc.a(lib_a-impure.o)
                                          0x2 (size before relaxing)
 .rodata        0x0000000000025e90        0xa C:/Users/24833/Desktop/FPGA/lab1_de1_soc_interrupt_analysis/onchip_instrCacheEnabled_dataCacheDisabled/sw/onChipDataCacheDisabled_bsp/\libhal_bsp.a(alt_dev.o)
 *fill*         0x0000000000025e9a        0x2 
 .rodata        0x0000000000025e9c       0x11 C:/Users/24833/Desktop/FPGA/lab1_de1_soc_interrupt_analysis/onchip_instrCacheEnabled_dataCacheDisabled/sw/onChipDataCacheDisabled_bsp/\libhal_bsp.a(alt_main.o)
 *fill*         0x0000000000025ead        0x3 
 .rodata        0x0000000000025eb0       0x11 C:/Users/24833/Desktop/FPGA/lab1_de1_soc_interrupt_analysis/onchip_instrCacheEnabled_dataCacheDisabled/sw/onChipDataCacheDisabled_bsp/\libhal_bsp.a(alt_sys_init.o)
 *(.rodata1)
                0x0000000000025ec4                . = ALIGN (0x4)
 *fill*         0x0000000000025ec1        0x3 
                0x0000000000025ec4                PROVIDE (__ram_rodata_end, ABSOLUTE (.))
                0x0000000000025e64                PROVIDE (__flash_rodata_start, LOADADDR (.rodata))

.rwdata         0x0000000000025ec4     0x1a6c load address 0x0000000000027930
                0x0000000000025ec4                PROVIDE (__ram_rwdata_start, ABSOLUTE (.))
                0x0000000000025ec4                . = ALIGN (0x4)
 *(.got.plt)
 *(.got)
 *(.data1)
 *(.data .data.* .gnu.linkonce.d.*)
 .data          0x0000000000025ec4        0x0 C:/Users/24833/Desktop/FPGA/lab1_de1_soc_interrupt_analysis/onchip_instrCacheEnabled_dataCacheDisabled/sw/onChipDataCacheDisabled_bsp//obj/HAL/src/crt0.o
 .data          0x0000000000025ec4        0x0 obj/default/hello_world.o
 .data          0x0000000000025ec4        0x0 c:/apersonaldrive/intelfpga_lite/nios2eds/bin/gnu/h-x86_64-mingw32/bin/../lib/gcc/nios2-elf/5.3.0/../../../../../H-x86_64-mingw32/nios2-elf/lib\libc.a(lib_a-puts.o)
 .data          0x0000000000025ec4        0x0 c:/apersonaldrive/intelfpga_lite/nios2eds/bin/gnu/h-x86_64-mingw32/bin/../lib/gcc/nios2-elf/5.3.0/../../../../../H-x86_64-mingw32/nios2-elf/lib\libc.a(lib_a-strlen.o)
 .data          0x0000000000025ec4        0x0 c:/apersonaldrive/intelfpga_lite/nios2eds/bin/gnu/h-x86_64-mingw32/bin/../lib/gcc/nios2-elf/5.3.0/../../../../../H-x86_64-mingw32/nios2-elf/lib\libc.a(lib_a-findfp.o)
 .data          0x0000000000025ec4        0x0 c:/apersonaldrive/intelfpga_lite/nios2eds/bin/gnu/h-x86_64-mingw32/bin/../lib/gcc/nios2-elf/5.3.0/../../../../../H-x86_64-mingw32/nios2-elf/lib\libc.a(lib_a-fvwrite.o)
 .data          0x0000000000025ec4        0x0 c:/apersonaldrive/intelfpga_lite/nios2eds/bin/gnu/h-x86_64-mingw32/bin/../lib/gcc/nios2-elf/5.3.0/../../../../../H-x86_64-mingw32/nios2-elf/lib\libc.a(lib_a-fwalk.o)
 .data          0x0000000000025ec4        0x0 c:/apersonaldrive/intelfpga_lite/nios2eds/bin/gnu/h-x86_64-mingw32/bin/../lib/gcc/nios2-elf/5.3.0/../../../../../H-x86_64-mingw32/nios2-elf/lib\libc.a(lib_a-impure.o)
 .data.impure_data
                0x0000000000025ec4      0x424 c:/apersonaldrive/intelfpga_lite/nios2eds/bin/gnu/h-x86_64-mingw32/bin/../lib/gcc/nios2-elf/5.3.0/../../../../../H-x86_64-mingw32/nios2-elf/lib\libc.a(lib_a-impure.o)
 .data          0x00000000000262e8        0x0 c:/apersonaldrive/intelfpga_lite/nios2eds/bin/gnu/h-x86_64-mingw32/bin/../lib/gcc/nios2-elf/5.3.0/../../../../../H-x86_64-mingw32/nios2-elf/lib\libc.a(lib_a-mallocr.o)
 .data.__malloc_av_
                0x00000000000262e8      0x408 c:/apersonaldrive/intelfpga_lite/nios2eds/bin/gnu/h-x86_64-mingw32/bin/../lib/gcc/nios2-elf/5.3.0/../../../../../H-x86_64-mingw32/nios2-elf/lib\libc.a(lib_a-mallocr.o)
                0x00000000000262e8                __malloc_av_
 .data          0x00000000000266f0        0x0 c:/apersonaldrive/intelfpga_lite/nios2eds/bin/gnu/h-x86_64-mingw32/bin/../lib/gcc/nios2-elf/5.3.0/../../../../../H-x86_64-mingw32/nios2-elf/lib\libc.a(lib_a-memchr.o)
 .data          0x00000000000266f0        0x0 c:/apersonaldrive/intelfpga_lite/nios2eds/bin/gnu/h-x86_64-mingw32/bin/../lib/gcc/nios2-elf/5.3.0/../../../../../H-x86_64-mingw32/nios2-elf/lib\libc.a(lib_a-memcpy.o)
 .data          0x00000000000266f0        0x0 c:/apersonaldrive/intelfpga_lite/nios2eds/bin/gnu/h-x86_64-mingw32/bin/../lib/gcc/nios2-elf/5.3.0/../../../../../H-x86_64-mingw32/nios2-elf/lib\libc.a(lib_a-memmove.o)
 .data          0x00000000000266f0        0x0 c:/apersonaldrive/intelfpga_lite/nios2eds/bin/gnu/h-x86_64-mingw32/bin/../lib/gcc/nios2-elf/5.3.0/../../../../../H-x86_64-mingw32/nios2-elf/lib\libc.a(lib_a-memset.o)
 .data          0x00000000000266f0        0x0 c:/apersonaldrive/intelfpga_lite/nios2eds/bin/gnu/h-x86_64-mingw32/bin/../lib/gcc/nios2-elf/5.3.0/../../../../../H-x86_64-mingw32/nios2-elf/lib\libc.a(lib_a-reallocr.o)
 .data          0x00000000000266f0        0x0 c:/apersonaldrive/intelfpga_lite/nios2eds/bin/gnu/h-x86_64-mingw32/bin/../lib/gcc/nios2-elf/5.3.0/../../../../../H-x86_64-mingw32/nios2-elf/lib\libc.a(lib_a-sbrkr.o)
 .data          0x00000000000266f0        0x0 c:/apersonaldrive/intelfpga_lite/nios2eds/bin/gnu/h-x86_64-mingw32/bin/../lib/gcc/nios2-elf/5.3.0/../../../../../H-x86_64-mingw32/nios2-elf/lib\libc.a(lib_a-stdio.o)
 .data          0x00000000000266f0        0x0 c:/apersonaldrive/intelfpga_lite/nios2eds/bin/gnu/h-x86_64-mingw32/bin/../lib/gcc/nios2-elf/5.3.0/../../../../../H-x86_64-mingw32/nios2-elf/lib\libc.a(lib_a-writer.o)
 .data          0x00000000000266f0        0x0 c:/apersonaldrive/intelfpga_lite/nios2eds/bin/gnu/h-x86_64-mingw32/bin/../lib/gcc/nios2-elf/5.3.0/../../../../../H-x86_64-mingw32/nios2-elf/lib\libc.a(lib_a-wsetup.o)
 .data          0x00000000000266f0        0x0 c:/apersonaldrive/intelfpga_lite/nios2eds/bin/gnu/h-x86_64-mingw32/bin/../lib/gcc/nios2-elf/5.3.0/../../../../../H-x86_64-mingw32/nios2-elf/lib\libc.a(closer.o)
 .data          0x00000000000266f0        0x0 c:/apersonaldrive/intelfpga_lite/nios2eds/bin/gnu/h-x86_64-mingw32/bin/../lib/gcc/nios2-elf/5.3.0/../../../../../H-x86_64-mingw32/nios2-elf/lib\libc.a(lib_a-fclose.o)
 .data          0x00000000000266f0        0x0 c:/apersonaldrive/intelfpga_lite/nios2eds/bin/gnu/h-x86_64-mingw32/bin/../lib/gcc/nios2-elf/5.3.0/../../../../../H-x86_64-mingw32/nios2-elf/lib\libc.a(lib_a-fflush.o)
 .data          0x00000000000266f0        0x0 c:/apersonaldrive/intelfpga_lite/nios2eds/bin/gnu/h-x86_64-mingw32/bin/../lib/gcc/nios2-elf/5.3.0/../../../../../H-x86_64-mingw32/nios2-elf/lib\libc.a(lib_a-freer.o)
 .data          0x00000000000266f0        0x0 c:/apersonaldrive/intelfpga_lite/nios2eds/bin/gnu/h-x86_64-mingw32/bin/../lib/gcc/nios2-elf/5.3.0/../../../../../H-x86_64-mingw32/nios2-elf/lib\libc.a(lib_a-int_errno.o)
 .data          0x00000000000266f0        0x0 c:/apersonaldrive/intelfpga_lite/nios2eds/bin/gnu/h-x86_64-mingw32/bin/../lib/gcc/nios2-elf/5.3.0/../../../../../H-x86_64-mingw32/nios2-elf/lib\libc.a(lib_a-lseekr.o)
 .data          0x00000000000266f0        0x0 c:/apersonaldrive/intelfpga_lite/nios2eds/bin/gnu/h-x86_64-mingw32/bin/../lib/gcc/nios2-elf/5.3.0/../../../../../H-x86_64-mingw32/nios2-elf/lib\libc.a(lib_a-makebuf.o)
 .data          0x00000000000266f0        0x0 c:/apersonaldrive/intelfpga_lite/nios2eds/bin/gnu/h-x86_64-mingw32/bin/../lib/gcc/nios2-elf/5.3.0/../../../../../H-x86_64-mingw32/nios2-elf/lib\libc.a(lib_a-readr.o)
 .data          0x00000000000266f0        0x0 c:/apersonaldrive/intelfpga_lite/nios2eds/bin/gnu/h-x86_64-mingw32/bin/../lib/gcc/nios2-elf/5.3.0/../../../../../H-x86_64-mingw32/nios2-elf/lib\libc.a(lib_a-fstatr.o)
 .data          0x00000000000266f0        0x0 c:/apersonaldrive/intelfpga_lite/nios2eds/bin/gnu/h-x86_64-mingw32/bin/../lib/gcc/nios2-elf/5.3.0/../../../../../H-x86_64-mingw32/nios2-elf/lib\libc.a(lib_a-isattyr.o)
 .data          0x00000000000266f0        0x0 c:/apersonaldrive/intelfpga_lite/nios2eds/bin/gnu/h-x86_64-mingw32/bin/../lib/gcc/nios2-elf/5.3.0\libgcc.a(lib2-divmod.o)
 .data          0x00000000000266f0        0x0 C:/Users/24833/Desktop/FPGA/lab1_de1_soc_interrupt_analysis/onchip_instrCacheEnabled_dataCacheDisabled/sw/onChipDataCacheDisabled_bsp/\libhal_bsp.a(alt_close.o)
 .data          0x00000000000266f0      0x1a8 C:/Users/24833/Desktop/FPGA/lab1_de1_soc_interrupt_analysis/onchip_instrCacheEnabled_dataCacheDisabled/sw/onChipDataCacheDisabled_bsp/\libhal_bsp.a(alt_dev.o)
                0x00000000000266f0                alt_dev_null
                0x0000000000026718                alt_fd_list
 .data          0x0000000000026898        0x0 C:/Users/24833/Desktop/FPGA/lab1_de1_soc_interrupt_analysis/onchip_instrCacheEnabled_dataCacheDisabled/sw/onChipDataCacheDisabled_bsp/\libhal_bsp.a(alt_errno.o)
 .data          0x0000000000026898        0x0 C:/Users/24833/Desktop/FPGA/lab1_de1_soc_interrupt_analysis/onchip_instrCacheEnabled_dataCacheDisabled/sw/onChipDataCacheDisabled_bsp/\libhal_bsp.a(alt_fstat.o)
 .data          0x0000000000026898        0x0 C:/Users/24833/Desktop/FPGA/lab1_de1_soc_interrupt_analysis/onchip_instrCacheEnabled_dataCacheDisabled/sw/onChipDataCacheDisabled_bsp/\libhal_bsp.a(alt_iic.o)
 .data          0x0000000000026898        0x0 C:/Users/24833/Desktop/FPGA/lab1_de1_soc_interrupt_analysis/onchip_instrCacheEnabled_dataCacheDisabled/sw/onChipDataCacheDisabled_bsp/\libhal_bsp.a(alt_iic_isr_register.o)
 .data          0x0000000000026898        0x0 C:/Users/24833/Desktop/FPGA/lab1_de1_soc_interrupt_analysis/onchip_instrCacheEnabled_dataCacheDisabled/sw/onChipDataCacheDisabled_bsp/\libhal_bsp.a(alt_irq_entry.o)
 .data          0x0000000000026898        0x0 C:/Users/24833/Desktop/FPGA/lab1_de1_soc_interrupt_analysis/onchip_instrCacheEnabled_dataCacheDisabled/sw/onChipDataCacheDisabled_bsp/\libhal_bsp.a(alt_irq_handler.o)
 .data          0x0000000000026898        0x0 C:/Users/24833/Desktop/FPGA/lab1_de1_soc_interrupt_analysis/onchip_instrCacheEnabled_dataCacheDisabled/sw/onChipDataCacheDisabled_bsp/\libhal_bsp.a(alt_irq_vars.o)
 .data          0x0000000000026898        0x0 C:/Users/24833/Desktop/FPGA/lab1_de1_soc_interrupt_analysis/onchip_instrCacheEnabled_dataCacheDisabled/sw/onChipDataCacheDisabled_bsp/\libhal_bsp.a(alt_isatty.o)
 .data          0x0000000000026898        0x0 C:/Users/24833/Desktop/FPGA/lab1_de1_soc_interrupt_analysis/onchip_instrCacheEnabled_dataCacheDisabled/sw/onChipDataCacheDisabled_bsp/\libhal_bsp.a(alt_load.o)
 .data          0x0000000000026898        0x0 C:/Users/24833/Desktop/FPGA/lab1_de1_soc_interrupt_analysis/onchip_instrCacheEnabled_dataCacheDisabled/sw/onChipDataCacheDisabled_bsp/\libhal_bsp.a(alt_lseek.o)
 .data          0x0000000000026898        0x0 C:/Users/24833/Desktop/FPGA/lab1_de1_soc_interrupt_analysis/onchip_instrCacheEnabled_dataCacheDisabled/sw/onChipDataCacheDisabled_bsp/\libhal_bsp.a(alt_main.o)
 .data          0x0000000000026898        0x0 C:/Users/24833/Desktop/FPGA/lab1_de1_soc_interrupt_analysis/onchip_instrCacheEnabled_dataCacheDisabled/sw/onChipDataCacheDisabled_bsp/\libhal_bsp.a(alt_malloc_lock.o)
 .data          0x0000000000026898        0x0 C:/Users/24833/Desktop/FPGA/lab1_de1_soc_interrupt_analysis/onchip_instrCacheEnabled_dataCacheDisabled/sw/onChipDataCacheDisabled_bsp/\libhal_bsp.a(alt_printf.o)
 .data          0x0000000000026898        0x0 C:/Users/24833/Desktop/FPGA/lab1_de1_soc_interrupt_analysis/onchip_instrCacheEnabled_dataCacheDisabled/sw/onChipDataCacheDisabled_bsp/\libhal_bsp.a(alt_putchar.o)
 .data          0x0000000000026898        0x0 C:/Users/24833/Desktop/FPGA/lab1_de1_soc_interrupt_analysis/onchip_instrCacheEnabled_dataCacheDisabled/sw/onChipDataCacheDisabled_bsp/\libhal_bsp.a(alt_read.o)
 .data          0x0000000000026898        0x0 C:/Users/24833/Desktop/FPGA/lab1_de1_soc_interrupt_analysis/onchip_instrCacheEnabled_dataCacheDisabled/sw/onChipDataCacheDisabled_bsp/\libhal_bsp.a(alt_release_fd.o)
 .data          0x0000000000026898        0x0 C:/Users/24833/Desktop/FPGA/lab1_de1_soc_interrupt_analysis/onchip_instrCacheEnabled_dataCacheDisabled/sw/onChipDataCacheDisabled_bsp/\libhal_bsp.a(alt_sbrk.o)
 .data          0x0000000000026898        0x0 C:/Users/24833/Desktop/FPGA/lab1_de1_soc_interrupt_analysis/onchip_instrCacheEnabled_dataCacheDisabled/sw/onChipDataCacheDisabled_bsp/\libhal_bsp.a(alt_write.o)
 .data          0x0000000000026898     0x1060 C:/Users/24833/Desktop/FPGA/lab1_de1_soc_interrupt_analysis/onchip_instrCacheEnabled_dataCacheDisabled/sw/onChipDataCacheDisabled_bsp/\libhal_bsp.a(alt_sys_init.o)
 .data          0x00000000000278f8        0x0 C:/Users/24833/Desktop/FPGA/lab1_de1_soc_interrupt_analysis/onchip_instrCacheEnabled_dataCacheDisabled/sw/onChipDataCacheDisabled_bsp/\libhal_bsp.a(altera_avalon_jtag_uart_fd.o)
 .data          0x00000000000278f8        0x0 C:/Users/24833/Desktop/FPGA/lab1_de1_soc_interrupt_analysis/onchip_instrCacheEnabled_dataCacheDisabled/sw/onChipDataCacheDisabled_bsp/\libhal_bsp.a(altera_avalon_jtag_uart_init.o)
 .data          0x00000000000278f8        0x0 C:/Users/24833/Desktop/FPGA/lab1_de1_soc_interrupt_analysis/onchip_instrCacheEnabled_dataCacheDisabled/sw/onChipDataCacheDisabled_bsp/\libhal_bsp.a(altera_avalon_jtag_uart_ioctl.o)
 .data          0x00000000000278f8        0x0 C:/Users/24833/Desktop/FPGA/lab1_de1_soc_interrupt_analysis/onchip_instrCacheEnabled_dataCacheDisabled/sw/onChipDataCacheDisabled_bsp/\libhal_bsp.a(altera_avalon_jtag_uart_read.o)
 .data          0x00000000000278f8        0x0 C:/Users/24833/Desktop/FPGA/lab1_de1_soc_interrupt_analysis/onchip_instrCacheEnabled_dataCacheDisabled/sw/onChipDataCacheDisabled_bsp/\libhal_bsp.a(altera_avalon_jtag_uart_write.o)
 .data          0x00000000000278f8        0x0 C:/Users/24833/Desktop/FPGA/lab1_de1_soc_interrupt_analysis/onchip_instrCacheEnabled_dataCacheDisabled/sw/onChipDataCacheDisabled_bsp/\libhal_bsp.a(alt_alarm_start.o)
 .data          0x00000000000278f8        0x0 C:/Users/24833/Desktop/FPGA/lab1_de1_soc_interrupt_analysis/onchip_instrCacheEnabled_dataCacheDisabled/sw/onChipDataCacheDisabled_bsp/\libhal_bsp.a(alt_dcache_flush_all.o)
 .data          0x00000000000278f8        0x0 C:/Users/24833/Desktop/FPGA/lab1_de1_soc_interrupt_analysis/onchip_instrCacheEnabled_dataCacheDisabled/sw/onChipDataCacheDisabled_bsp/\libhal_bsp.a(alt_dev_llist_insert.o)
 .data          0x00000000000278f8        0x0 C:/Users/24833/Desktop/FPGA/lab1_de1_soc_interrupt_analysis/onchip_instrCacheEnabled_dataCacheDisabled/sw/onChipDataCacheDisabled_bsp/\libhal_bsp.a(alt_do_ctors.o)
 .data          0x00000000000278f8        0x0 C:/Users/24833/Desktop/FPGA/lab1_de1_soc_interrupt_analysis/onchip_instrCacheEnabled_dataCacheDisabled/sw/onChipDataCacheDisabled_bsp/\libhal_bsp.a(alt_do_dtors.o)
 .data          0x00000000000278f8        0x0 C:/Users/24833/Desktop/FPGA/lab1_de1_soc_interrupt_analysis/onchip_instrCacheEnabled_dataCacheDisabled/sw/onChipDataCacheDisabled_bsp/\libhal_bsp.a(alt_exception_entry.o)
 .data          0x00000000000278f8        0x0 C:/Users/24833/Desktop/FPGA/lab1_de1_soc_interrupt_analysis/onchip_instrCacheEnabled_dataCacheDisabled/sw/onChipDataCacheDisabled_bsp/\libhal_bsp.a(alt_icache_flush_all.o)
 .data          0x00000000000278f8        0x0 C:/Users/24833/Desktop/FPGA/lab1_de1_soc_interrupt_analysis/onchip_instrCacheEnabled_dataCacheDisabled/sw/onChipDataCacheDisabled_bsp/\libhal_bsp.a(alt_instruction_exception_entry.o)
 .data          0x00000000000278f8        0x0 C:/Users/24833/Desktop/FPGA/lab1_de1_soc_interrupt_analysis/onchip_instrCacheEnabled_dataCacheDisabled/sw/onChipDataCacheDisabled_bsp/\libhal_bsp.a(alt_io_redirect.o)
 .data          0x00000000000278f8        0x0 C:/Users/24833/Desktop/FPGA/lab1_de1_soc_interrupt_analysis/onchip_instrCacheEnabled_dataCacheDisabled/sw/onChipDataCacheDisabled_bsp/\libhal_bsp.a(alt_open.o)
 .data          0x00000000000278f8        0x0 C:/Users/24833/Desktop/FPGA/lab1_de1_soc_interrupt_analysis/onchip_instrCacheEnabled_dataCacheDisabled/sw/onChipDataCacheDisabled_bsp/\libhal_bsp.a(alt_tick.o)
 .data          0x00000000000278f8        0x0 C:/Users/24833/Desktop/FPGA/lab1_de1_soc_interrupt_analysis/onchip_instrCacheEnabled_dataCacheDisabled/sw/onChipDataCacheDisabled_bsp/\libhal_bsp.a(altera_nios2_gen2_irq.o)
 .data          0x00000000000278f8        0x0 C:/Users/24833/Desktop/FPGA/lab1_de1_soc_interrupt_analysis/onchip_instrCacheEnabled_dataCacheDisabled/sw/onChipDataCacheDisabled_bsp/\libhal_bsp.a(alt_find_dev.o)
 .data          0x00000000000278f8        0x0 C:/Users/24833/Desktop/FPGA/lab1_de1_soc_interrupt_analysis/onchip_instrCacheEnabled_dataCacheDisabled/sw/onChipDataCacheDisabled_bsp/\libhal_bsp.a(alt_find_file.o)
 .data          0x00000000000278f8        0x0 C:/Users/24833/Desktop/FPGA/lab1_de1_soc_interrupt_analysis/onchip_instrCacheEnabled_dataCacheDisabled/sw/onChipDataCacheDisabled_bsp/\libhal_bsp.a(alt_get_fd.o)
 .data          0x00000000000278f8        0x0 C:/Users/24833/Desktop/FPGA/lab1_de1_soc_interrupt_analysis/onchip_instrCacheEnabled_dataCacheDisabled/sw/onChipDataCacheDisabled_bsp/\libhal_bsp.a(alt_icache_flush.o)
 .data          0x00000000000278f8        0x0 c:/apersonaldrive/intelfpga_lite/nios2eds/bin/gnu/h-x86_64-mingw32/bin/../lib/gcc/nios2-elf/5.3.0/../../../../../H-x86_64-mingw32/nios2-elf/lib\libc.a(lib_a-atexit.o)
 .data          0x00000000000278f8        0x0 c:/apersonaldrive/intelfpga_lite/nios2eds/bin/gnu/h-x86_64-mingw32/bin/../lib/gcc/nios2-elf/5.3.0/../../../../../H-x86_64-mingw32/nios2-elf/lib\libc.a(lib_a-exit.o)
 .data          0x00000000000278f8        0x0 c:/apersonaldrive/intelfpga_lite/nios2eds/bin/gnu/h-x86_64-mingw32/bin/../lib/gcc/nios2-elf/5.3.0/../../../../../H-x86_64-mingw32/nios2-elf/lib\libc.a(lib_a-memcmp.o)
 .data          0x00000000000278f8        0x0 c:/apersonaldrive/intelfpga_lite/nios2eds/bin/gnu/h-x86_64-mingw32/bin/../lib/gcc/nios2-elf/5.3.0/../../../../../H-x86_64-mingw32/nios2-elf/lib\libc.a(lib_a-putc.o)
 .data          0x00000000000278f8        0x0 c:/apersonaldrive/intelfpga_lite/nios2eds/bin/gnu/h-x86_64-mingw32/bin/../lib/gcc/nios2-elf/5.3.0/../../../../../H-x86_64-mingw32/nios2-elf/lib\libc.a(lib_a-wbuf.o)
 .data          0x00000000000278f8        0x0 c:/apersonaldrive/intelfpga_lite/nios2eds/bin/gnu/h-x86_64-mingw32/bin/../lib/gcc/nios2-elf/5.3.0/../../../../../H-x86_64-mingw32/nios2-elf/lib\libc.a(lib_a-__atexit.o)
 .data          0x00000000000278f8        0x0 c:/apersonaldrive/intelfpga_lite/nios2eds/bin/gnu/h-x86_64-mingw32/bin/../lib/gcc/nios2-elf/5.3.0/../../../../../H-x86_64-mingw32/nios2-elf/lib\libc.a(lib_a-__call_atexit.o)
 .data          0x00000000000278f8        0x0 C:/Users/24833/Desktop/FPGA/lab1_de1_soc_interrupt_analysis/onchip_instrCacheEnabled_dataCacheDisabled/sw/onChipDataCacheDisabled_bsp/\libhal_bsp.a(alt_exit.o)
                0x000000000002f8f8                _gp = ABSOLUTE ((. + 0x8000))
                [!provide]                        PROVIDE (gp, _gp)
 *(.rwdata .rwdata.*)
 *(.sdata .sdata.* .gnu.linkonce.s.*)
 .sdata._global_impure_ptr
                0x00000000000278f8        0x4 c:/apersonaldrive/intelfpga_lite/nios2eds/bin/gnu/h-x86_64-mingw32/bin/../lib/gcc/nios2-elf/5.3.0/../../../../../H-x86_64-mingw32/nios2-elf/lib\libc.a(lib_a-impure.o)
                0x00000000000278f8                _global_impure_ptr
 .sdata._impure_ptr
                0x00000000000278fc        0x4 c:/apersonaldrive/intelfpga_lite/nios2eds/bin/gnu/h-x86_64-mingw32/bin/../lib/gcc/nios2-elf/5.3.0/../../../../../H-x86_64-mingw32/nios2-elf/lib\libc.a(lib_a-impure.o)
                0x00000000000278fc                _impure_ptr
 .sdata.__malloc_sbrk_base
                0x0000000000027900        0x4 c:/apersonaldrive/intelfpga_lite/nios2eds/bin/gnu/h-x86_64-mingw32/bin/../lib/gcc/nios2-elf/5.3.0/../../../../../H-x86_64-mingw32/nios2-elf/lib\libc.a(lib_a-mallocr.o)
                0x0000000000027900                __malloc_sbrk_base
 .sdata.__malloc_trim_threshold
                0x0000000000027904        0x4 c:/apersonaldrive/intelfpga_lite/nios2eds/bin/gnu/h-x86_64-mingw32/bin/../lib/gcc/nios2-elf/5.3.0/../../../../../H-x86_64-mingw32/nios2-elf/lib\libc.a(lib_a-mallocr.o)
                0x0000000000027904                __malloc_trim_threshold
 .sdata         0x0000000000027908       0x14 C:/Users/24833/Desktop/FPGA/lab1_de1_soc_interrupt_analysis/onchip_instrCacheEnabled_dataCacheDisabled/sw/onChipDataCacheDisabled_bsp/\libhal_bsp.a(alt_dev.o)
                0x0000000000027908                alt_fs_list
                0x0000000000027910                alt_dev_list
                0x0000000000027918                alt_max_fd
 .sdata         0x000000000002791c        0x4 C:/Users/24833/Desktop/FPGA/lab1_de1_soc_interrupt_analysis/onchip_instrCacheEnabled_dataCacheDisabled/sw/onChipDataCacheDisabled_bsp/\libhal_bsp.a(alt_errno.o)
                0x000000000002791c                alt_errno
 .sdata         0x0000000000027920        0x4 C:/Users/24833/Desktop/FPGA/lab1_de1_soc_interrupt_analysis/onchip_instrCacheEnabled_dataCacheDisabled/sw/onChipDataCacheDisabled_bsp/\libhal_bsp.a(alt_irq_vars.o)
                0x0000000000027920                alt_priority_mask
 .sdata         0x0000000000027924        0x4 C:/Users/24833/Desktop/FPGA/lab1_de1_soc_interrupt_analysis/onchip_instrCacheEnabled_dataCacheDisabled/sw/onChipDataCacheDisabled_bsp/\libhal_bsp.a(alt_sbrk.o)
 .sdata         0x0000000000027928        0x8 C:/Users/24833/Desktop/FPGA/lab1_de1_soc_interrupt_analysis/onchip_instrCacheEnabled_dataCacheDisabled/sw/onChipDataCacheDisabled_bsp/\libhal_bsp.a(alt_tick.o)
                0x0000000000027928                alt_alarm_list
 *(.sdata2 .sdata2.* .gnu.linkonce.s2.*)
                0x0000000000027930                . = ALIGN (0x4)
                0x0000000000027930                _edata = ABSOLUTE (.)
                [!provide]                        PROVIDE (edata, ABSOLUTE (.))
                0x0000000000027930                PROVIDE (__ram_rwdata_end, ABSOLUTE (.))
                0x0000000000027930                PROVIDE (__flash_rwdata_start, LOADADDR (.rwdata))

.bss            0x000000000002939c      0x158
                0x000000000002939c                __bss_start = ABSOLUTE (.)
                [!provide]                        PROVIDE (__sbss_start, ABSOLUTE (.))
                [!provide]                        PROVIDE (___sbss_start, ABSOLUTE (.))
 *(.dynsbss)
 *(.sbss .sbss.* .gnu.linkonce.sb.*)
 .sbss          0x000000000002939c        0x4 obj/default/hello_world.o
                0x000000000002939c                flag
 .sbss.__malloc_max_total_mem
                0x00000000000293a0        0x4 c:/apersonaldrive/intelfpga_lite/nios2eds/bin/gnu/h-x86_64-mingw32/bin/../lib/gcc/nios2-elf/5.3.0/../../../../../H-x86_64-mingw32/nios2-elf/lib\libc.a(lib_a-mallocr.o)
                0x00000000000293a0                __malloc_max_total_mem
 .sbss.__malloc_max_sbrked_mem
                0x00000000000293a4        0x4 c:/apersonaldrive/intelfpga_lite/nios2eds/bin/gnu/h-x86_64-mingw32/bin/../lib/gcc/nios2-elf/5.3.0/../../../../../H-x86_64-mingw32/nios2-elf/lib\libc.a(lib_a-mallocr.o)
                0x00000000000293a4                __malloc_max_sbrked_mem
 .sbss.__malloc_top_pad
                0x00000000000293a8        0x4 c:/apersonaldrive/intelfpga_lite/nios2eds/bin/gnu/h-x86_64-mingw32/bin/../lib/gcc/nios2-elf/5.3.0/../../../../../H-x86_64-mingw32/nios2-elf/lib\libc.a(lib_a-mallocr.o)
                0x00000000000293a8                __malloc_top_pad
 .sbss          0x00000000000293ac        0x4 c:/apersonaldrive/intelfpga_lite/nios2eds/bin/gnu/h-x86_64-mingw32/bin/../lib/gcc/nios2-elf/5.3.0/../../../../../H-x86_64-mingw32/nios2-elf/lib\libc.a(lib_a-int_errno.o)
                0x00000000000293ac                errno
 .sbss          0x00000000000293b0        0x4 C:/Users/24833/Desktop/FPGA/lab1_de1_soc_interrupt_analysis/onchip_instrCacheEnabled_dataCacheDisabled/sw/onChipDataCacheDisabled_bsp/\libhal_bsp.a(alt_irq_vars.o)
                0x00000000000293b0                alt_irq_active
 .sbss          0x00000000000293b4        0xc C:/Users/24833/Desktop/FPGA/lab1_de1_soc_interrupt_analysis/onchip_instrCacheEnabled_dataCacheDisabled/sw/onChipDataCacheDisabled_bsp/\libhal_bsp.a(alt_main.o)
                0x00000000000293b4                alt_argc
                0x00000000000293b8                alt_argv
                0x00000000000293bc                alt_envp
 .sbss          0x00000000000293c0        0x4 C:/Users/24833/Desktop/FPGA/lab1_de1_soc_interrupt_analysis/onchip_instrCacheEnabled_dataCacheDisabled/sw/onChipDataCacheDisabled_bsp/\libhal_bsp.a(alt_instruction_exception_entry.o)
                0x00000000000293c0                alt_instruction_exception_handler
 .sbss          0x00000000000293c4        0x8 C:/Users/24833/Desktop/FPGA/lab1_de1_soc_interrupt_analysis/onchip_instrCacheEnabled_dataCacheDisabled/sw/onChipDataCacheDisabled_bsp/\libhal_bsp.a(alt_tick.o)
                0x00000000000293c4                _alt_tick_rate
                0x00000000000293c8                _alt_nticks
 *(.sbss2 .sbss2.* .gnu.linkonce.sb2.*)
 *(.scommon)
                [!provide]                        PROVIDE (__sbss_end, ABSOLUTE (.))
                [!provide]                        PROVIDE (___sbss_end, ABSOLUTE (.))
 *(.dynbss)
 *(.bss .bss.* .gnu.linkonce.b.*)
 .bss           0x00000000000293cc        0x0 C:/Users/24833/Desktop/FPGA/lab1_de1_soc_interrupt_analysis/onchip_instrCacheEnabled_dataCacheDisabled/sw/onChipDataCacheDisabled_bsp//obj/HAL/src/crt0.o
 .bss           0x00000000000293cc        0x0 obj/default/hello_world.o
 .bss           0x00000000000293cc        0x0 c:/apersonaldrive/intelfpga_lite/nios2eds/bin/gnu/h-x86_64-mingw32/bin/../lib/gcc/nios2-elf/5.3.0/../../../../../H-x86_64-mingw32/nios2-elf/lib\libc.a(lib_a-puts.o)
 .bss           0x00000000000293cc        0x0 c:/apersonaldrive/intelfpga_lite/nios2eds/bin/gnu/h-x86_64-mingw32/bin/../lib/gcc/nios2-elf/5.3.0/../../../../../H-x86_64-mingw32/nios2-elf/lib\libc.a(lib_a-strlen.o)
 .bss           0x00000000000293cc        0x0 c:/apersonaldrive/intelfpga_lite/nios2eds/bin/gnu/h-x86_64-mingw32/bin/../lib/gcc/nios2-elf/5.3.0/../../../../../H-x86_64-mingw32/nios2-elf/lib\libc.a(lib_a-findfp.o)
 .bss           0x00000000000293cc        0x0 c:/apersonaldrive/intelfpga_lite/nios2eds/bin/gnu/h-x86_64-mingw32/bin/../lib/gcc/nios2-elf/5.3.0/../../../../../H-x86_64-mingw32/nios2-elf/lib\libc.a(lib_a-fvwrite.o)
 .bss           0x00000000000293cc        0x0 c:/apersonaldrive/intelfpga_lite/nios2eds/bin/gnu/h-x86_64-mingw32/bin/../lib/gcc/nios2-elf/5.3.0/../../../../../H-x86_64-mingw32/nios2-elf/lib\libc.a(lib_a-fwalk.o)
 .bss           0x00000000000293cc        0x0 c:/apersonaldrive/intelfpga_lite/nios2eds/bin/gnu/h-x86_64-mingw32/bin/../lib/gcc/nios2-elf/5.3.0/../../../../../H-x86_64-mingw32/nios2-elf/lib\libc.a(lib_a-impure.o)
 .bss           0x00000000000293cc        0x0 c:/apersonaldrive/intelfpga_lite/nios2eds/bin/gnu/h-x86_64-mingw32/bin/../lib/gcc/nios2-elf/5.3.0/../../../../../H-x86_64-mingw32/nios2-elf/lib\libc.a(lib_a-mallocr.o)
 .bss.__malloc_current_mallinfo
                0x00000000000293cc       0x28 c:/apersonaldrive/intelfpga_lite/nios2eds/bin/gnu/h-x86_64-mingw32/bin/../lib/gcc/nios2-elf/5.3.0/../../../../../H-x86_64-mingw32/nios2-elf/lib\libc.a(lib_a-mallocr.o)
                0x00000000000293cc                __malloc_current_mallinfo
 .bss           0x00000000000293f4        0x0 c:/apersonaldrive/intelfpga_lite/nios2eds/bin/gnu/h-x86_64-mingw32/bin/../lib/gcc/nios2-elf/5.3.0/../../../../../H-x86_64-mingw32/nios2-elf/lib\libc.a(lib_a-memchr.o)
 .bss           0x00000000000293f4        0x0 c:/apersonaldrive/intelfpga_lite/nios2eds/bin/gnu/h-x86_64-mingw32/bin/../lib/gcc/nios2-elf/5.3.0/../../../../../H-x86_64-mingw32/nios2-elf/lib\libc.a(lib_a-memcpy.o)
 .bss           0x00000000000293f4        0x0 c:/apersonaldrive/intelfpga_lite/nios2eds/bin/gnu/h-x86_64-mingw32/bin/../lib/gcc/nios2-elf/5.3.0/../../../../../H-x86_64-mingw32/nios2-elf/lib\libc.a(lib_a-memmove.o)
 .bss           0x00000000000293f4        0x0 c:/apersonaldrive/intelfpga_lite/nios2eds/bin/gnu/h-x86_64-mingw32/bin/../lib/gcc/nios2-elf/5.3.0/../../../../../H-x86_64-mingw32/nios2-elf/lib\libc.a(lib_a-memset.o)
 .bss           0x00000000000293f4        0x0 c:/apersonaldrive/intelfpga_lite/nios2eds/bin/gnu/h-x86_64-mingw32/bin/../lib/gcc/nios2-elf/5.3.0/../../../../../H-x86_64-mingw32/nios2-elf/lib\libc.a(lib_a-reallocr.o)
 .bss           0x00000000000293f4        0x0 c:/apersonaldrive/intelfpga_lite/nios2eds/bin/gnu/h-x86_64-mingw32/bin/../lib/gcc/nios2-elf/5.3.0/../../../../../H-x86_64-mingw32/nios2-elf/lib\libc.a(lib_a-sbrkr.o)
 .bss           0x00000000000293f4        0x0 c:/apersonaldrive/intelfpga_lite/nios2eds/bin/gnu/h-x86_64-mingw32/bin/../lib/gcc/nios2-elf/5.3.0/../../../../../H-x86_64-mingw32/nios2-elf/lib\libc.a(lib_a-stdio.o)
 .bss           0x00000000000293f4        0x0 c:/apersonaldrive/intelfpga_lite/nios2eds/bin/gnu/h-x86_64-mingw32/bin/../lib/gcc/nios2-elf/5.3.0/../../../../../H-x86_64-mingw32/nios2-elf/lib\libc.a(lib_a-writer.o)
 .bss           0x00000000000293f4        0x0 c:/apersonaldrive/intelfpga_lite/nios2eds/bin/gnu/h-x86_64-mingw32/bin/../lib/gcc/nios2-elf/5.3.0/../../../../../H-x86_64-mingw32/nios2-elf/lib\libc.a(lib_a-wsetup.o)
 .bss           0x00000000000293f4        0x0 c:/apersonaldrive/intelfpga_lite/nios2eds/bin/gnu/h-x86_64-mingw32/bin/../lib/gcc/nios2-elf/5.3.0/../../../../../H-x86_64-mingw32/nios2-elf/lib\libc.a(closer.o)
 .bss           0x00000000000293f4        0x0 c:/apersonaldrive/intelfpga_lite/nios2eds/bin/gnu/h-x86_64-mingw32/bin/../lib/gcc/nios2-elf/5.3.0/../../../../../H-x86_64-mingw32/nios2-elf/lib\libc.a(lib_a-fclose.o)
 .bss           0x00000000000293f4        0x0 c:/apersonaldrive/intelfpga_lite/nios2eds/bin/gnu/h-x86_64-mingw32/bin/../lib/gcc/nios2-elf/5.3.0/../../../../../H-x86_64-mingw32/nios2-elf/lib\libc.a(lib_a-fflush.o)
 .bss           0x00000000000293f4        0x0 c:/apersonaldrive/intelfpga_lite/nios2eds/bin/gnu/h-x86_64-mingw32/bin/../lib/gcc/nios2-elf/5.3.0/../../../../../H-x86_64-mingw32/nios2-elf/lib\libc.a(lib_a-freer.o)
 .bss           0x00000000000293f4        0x0 c:/apersonaldrive/intelfpga_lite/nios2eds/bin/gnu/h-x86_64-mingw32/bin/../lib/gcc/nios2-elf/5.3.0/../../../../../H-x86_64-mingw32/nios2-elf/lib\libc.a(lib_a-int_errno.o)
 .bss           0x00000000000293f4        0x0 c:/apersonaldrive/intelfpga_lite/nios2eds/bin/gnu/h-x86_64-mingw32/bin/../lib/gcc/nios2-elf/5.3.0/../../../../../H-x86_64-mingw32/nios2-elf/lib\libc.a(lib_a-lseekr.o)
 .bss           0x00000000000293f4        0x0 c:/apersonaldrive/intelfpga_lite/nios2eds/bin/gnu/h-x86_64-mingw32/bin/../lib/gcc/nios2-elf/5.3.0/../../../../../H-x86_64-mingw32/nios2-elf/lib\libc.a(lib_a-makebuf.o)
 .bss           0x00000000000293f4        0x0 c:/apersonaldrive/intelfpga_lite/nios2eds/bin/gnu/h-x86_64-mingw32/bin/../lib/gcc/nios2-elf/5.3.0/../../../../../H-x86_64-mingw32/nios2-elf/lib\libc.a(lib_a-readr.o)
 .bss           0x00000000000293f4        0x0 c:/apersonaldrive/intelfpga_lite/nios2eds/bin/gnu/h-x86_64-mingw32/bin/../lib/gcc/nios2-elf/5.3.0/../../../../../H-x86_64-mingw32/nios2-elf/lib\libc.a(lib_a-fstatr.o)
 .bss           0x00000000000293f4        0x0 c:/apersonaldrive/intelfpga_lite/nios2eds/bin/gnu/h-x86_64-mingw32/bin/../lib/gcc/nios2-elf/5.3.0/../../../../../H-x86_64-mingw32/nios2-elf/lib\libc.a(lib_a-isattyr.o)
 .bss           0x00000000000293f4        0x0 c:/apersonaldrive/intelfpga_lite/nios2eds/bin/gnu/h-x86_64-mingw32/bin/../lib/gcc/nios2-elf/5.3.0\libgcc.a(lib2-divmod.o)
 .bss           0x00000000000293f4        0x0 C:/Users/24833/Desktop/FPGA/lab1_de1_soc_interrupt_analysis/onchip_instrCacheEnabled_dataCacheDisabled/sw/onChipDataCacheDisabled_bsp/\libhal_bsp.a(alt_close.o)
 .bss           0x00000000000293f4        0x0 C:/Users/24833/Desktop/FPGA/lab1_de1_soc_interrupt_analysis/onchip_instrCacheEnabled_dataCacheDisabled/sw/onChipDataCacheDisabled_bsp/\libhal_bsp.a(alt_dev.o)
 .bss           0x00000000000293f4        0x0 C:/Users/24833/Desktop/FPGA/lab1_de1_soc_interrupt_analysis/onchip_instrCacheEnabled_dataCacheDisabled/sw/onChipDataCacheDisabled_bsp/\libhal_bsp.a(alt_errno.o)
 .bss           0x00000000000293f4        0x0 C:/Users/24833/Desktop/FPGA/lab1_de1_soc_interrupt_analysis/onchip_instrCacheEnabled_dataCacheDisabled/sw/onChipDataCacheDisabled_bsp/\libhal_bsp.a(alt_fstat.o)
 .bss           0x00000000000293f4        0x0 C:/Users/24833/Desktop/FPGA/lab1_de1_soc_interrupt_analysis/onchip_instrCacheEnabled_dataCacheDisabled/sw/onChipDataCacheDisabled_bsp/\libhal_bsp.a(alt_iic.o)
 .bss           0x00000000000293f4        0x0 C:/Users/24833/Desktop/FPGA/lab1_de1_soc_interrupt_analysis/onchip_instrCacheEnabled_dataCacheDisabled/sw/onChipDataCacheDisabled_bsp/\libhal_bsp.a(alt_iic_isr_register.o)
 .bss           0x00000000000293f4        0x0 C:/Users/24833/Desktop/FPGA/lab1_de1_soc_interrupt_analysis/onchip_instrCacheEnabled_dataCacheDisabled/sw/onChipDataCacheDisabled_bsp/\libhal_bsp.a(alt_irq_entry.o)
 .bss           0x00000000000293f4        0x0 C:/Users/24833/Desktop/FPGA/lab1_de1_soc_interrupt_analysis/onchip_instrCacheEnabled_dataCacheDisabled/sw/onChipDataCacheDisabled_bsp/\libhal_bsp.a(alt_irq_handler.o)
 .bss           0x00000000000293f4        0x0 C:/Users/24833/Desktop/FPGA/lab1_de1_soc_interrupt_analysis/onchip_instrCacheEnabled_dataCacheDisabled/sw/onChipDataCacheDisabled_bsp/\libhal_bsp.a(alt_irq_vars.o)
 .bss           0x00000000000293f4        0x0 C:/Users/24833/Desktop/FPGA/lab1_de1_soc_interrupt_analysis/onchip_instrCacheEnabled_dataCacheDisabled/sw/onChipDataCacheDisabled_bsp/\libhal_bsp.a(alt_isatty.o)
 .bss           0x00000000000293f4        0x0 C:/Users/24833/Desktop/FPGA/lab1_de1_soc_interrupt_analysis/onchip_instrCacheEnabled_dataCacheDisabled/sw/onChipDataCacheDisabled_bsp/\libhal_bsp.a(alt_load.o)
 .bss           0x00000000000293f4        0x0 C:/Users/24833/Desktop/FPGA/lab1_de1_soc_interrupt_analysis/onchip_instrCacheEnabled_dataCacheDisabled/sw/onChipDataCacheDisabled_bsp/\libhal_bsp.a(alt_lseek.o)
 .bss           0x00000000000293f4        0x0 C:/Users/24833/Desktop/FPGA/lab1_de1_soc_interrupt_analysis/onchip_instrCacheEnabled_dataCacheDisabled/sw/onChipDataCacheDisabled_bsp/\libhal_bsp.a(alt_main.o)
 .bss           0x00000000000293f4        0x0 C:/Users/24833/Desktop/FPGA/lab1_de1_soc_interrupt_analysis/onchip_instrCacheEnabled_dataCacheDisabled/sw/onChipDataCacheDisabled_bsp/\libhal_bsp.a(alt_malloc_lock.o)
 .bss           0x00000000000293f4        0x0 C:/Users/24833/Desktop/FPGA/lab1_de1_soc_interrupt_analysis/onchip_instrCacheEnabled_dataCacheDisabled/sw/onChipDataCacheDisabled_bsp/\libhal_bsp.a(alt_printf.o)
 .bss           0x00000000000293f4        0x0 C:/Users/24833/Desktop/FPGA/lab1_de1_soc_interrupt_analysis/onchip_instrCacheEnabled_dataCacheDisabled/sw/onChipDataCacheDisabled_bsp/\libhal_bsp.a(alt_putchar.o)
 .bss           0x00000000000293f4        0x0 C:/Users/24833/Desktop/FPGA/lab1_de1_soc_interrupt_analysis/onchip_instrCacheEnabled_dataCacheDisabled/sw/onChipDataCacheDisabled_bsp/\libhal_bsp.a(alt_read.o)
 .bss           0x00000000000293f4        0x0 C:/Users/24833/Desktop/FPGA/lab1_de1_soc_interrupt_analysis/onchip_instrCacheEnabled_dataCacheDisabled/sw/onChipDataCacheDisabled_bsp/\libhal_bsp.a(alt_release_fd.o)
 .bss           0x00000000000293f4        0x0 C:/Users/24833/Desktop/FPGA/lab1_de1_soc_interrupt_analysis/onchip_instrCacheEnabled_dataCacheDisabled/sw/onChipDataCacheDisabled_bsp/\libhal_bsp.a(alt_sbrk.o)
 .bss           0x00000000000293f4        0x0 C:/Users/24833/Desktop/FPGA/lab1_de1_soc_interrupt_analysis/onchip_instrCacheEnabled_dataCacheDisabled/sw/onChipDataCacheDisabled_bsp/\libhal_bsp.a(alt_write.o)
 .bss           0x00000000000293f4        0x0 C:/Users/24833/Desktop/FPGA/lab1_de1_soc_interrupt_analysis/onchip_instrCacheEnabled_dataCacheDisabled/sw/onChipDataCacheDisabled_bsp/\libhal_bsp.a(alt_sys_init.o)
 .bss           0x00000000000293f4        0x0 C:/Users/24833/Desktop/FPGA/lab1_de1_soc_interrupt_analysis/onchip_instrCacheEnabled_dataCacheDisabled/sw/onChipDataCacheDisabled_bsp/\libhal_bsp.a(altera_avalon_jtag_uart_fd.o)
 .bss           0x00000000000293f4        0x0 C:/Users/24833/Desktop/FPGA/lab1_de1_soc_interrupt_analysis/onchip_instrCacheEnabled_dataCacheDisabled/sw/onChipDataCacheDisabled_bsp/\libhal_bsp.a(altera_avalon_jtag_uart_init.o)
 .bss           0x00000000000293f4        0x0 C:/Users/24833/Desktop/FPGA/lab1_de1_soc_interrupt_analysis/onchip_instrCacheEnabled_dataCacheDisabled/sw/onChipDataCacheDisabled_bsp/\libhal_bsp.a(altera_avalon_jtag_uart_ioctl.o)
 .bss           0x00000000000293f4        0x0 C:/Users/24833/Desktop/FPGA/lab1_de1_soc_interrupt_analysis/onchip_instrCacheEnabled_dataCacheDisabled/sw/onChipDataCacheDisabled_bsp/\libhal_bsp.a(altera_avalon_jtag_uart_read.o)
 .bss           0x00000000000293f4        0x0 C:/Users/24833/Desktop/FPGA/lab1_de1_soc_interrupt_analysis/onchip_instrCacheEnabled_dataCacheDisabled/sw/onChipDataCacheDisabled_bsp/\libhal_bsp.a(altera_avalon_jtag_uart_write.o)
 .bss           0x00000000000293f4        0x0 C:/Users/24833/Desktop/FPGA/lab1_de1_soc_interrupt_analysis/onchip_instrCacheEnabled_dataCacheDisabled/sw/onChipDataCacheDisabled_bsp/\libhal_bsp.a(alt_alarm_start.o)
 .bss           0x00000000000293f4        0x0 C:/Users/24833/Desktop/FPGA/lab1_de1_soc_interrupt_analysis/onchip_instrCacheEnabled_dataCacheDisabled/sw/onChipDataCacheDisabled_bsp/\libhal_bsp.a(alt_dcache_flush_all.o)
 .bss           0x00000000000293f4        0x0 C:/Users/24833/Desktop/FPGA/lab1_de1_soc_interrupt_analysis/onchip_instrCacheEnabled_dataCacheDisabled/sw/onChipDataCacheDisabled_bsp/\libhal_bsp.a(alt_dev_llist_insert.o)
 .bss           0x00000000000293f4        0x0 C:/Users/24833/Desktop/FPGA/lab1_de1_soc_interrupt_analysis/onchip_instrCacheEnabled_dataCacheDisabled/sw/onChipDataCacheDisabled_bsp/\libhal_bsp.a(alt_do_ctors.o)
 .bss           0x00000000000293f4        0x0 C:/Users/24833/Desktop/FPGA/lab1_de1_soc_interrupt_analysis/onchip_instrCacheEnabled_dataCacheDisabled/sw/onChipDataCacheDisabled_bsp/\libhal_bsp.a(alt_do_dtors.o)
 .bss           0x00000000000293f4        0x0 C:/Users/24833/Desktop/FPGA/lab1_de1_soc_interrupt_analysis/onchip_instrCacheEnabled_dataCacheDisabled/sw/onChipDataCacheDisabled_bsp/\libhal_bsp.a(alt_exception_entry.o)
 .bss           0x00000000000293f4        0x0 C:/Users/24833/Desktop/FPGA/lab1_de1_soc_interrupt_analysis/onchip_instrCacheEnabled_dataCacheDisabled/sw/onChipDataCacheDisabled_bsp/\libhal_bsp.a(alt_icache_flush_all.o)
 .bss           0x00000000000293f4        0x0 C:/Users/24833/Desktop/FPGA/lab1_de1_soc_interrupt_analysis/onchip_instrCacheEnabled_dataCacheDisabled/sw/onChipDataCacheDisabled_bsp/\libhal_bsp.a(alt_instruction_exception_entry.o)
 .bss           0x00000000000293f4        0x0 C:/Users/24833/Desktop/FPGA/lab1_de1_soc_interrupt_analysis/onchip_instrCacheEnabled_dataCacheDisabled/sw/onChipDataCacheDisabled_bsp/\libhal_bsp.a(alt_io_redirect.o)
 .bss           0x00000000000293f4        0x0 C:/Users/24833/Desktop/FPGA/lab1_de1_soc_interrupt_analysis/onchip_instrCacheEnabled_dataCacheDisabled/sw/onChipDataCacheDisabled_bsp/\libhal_bsp.a(alt_open.o)
 .bss           0x00000000000293f4        0x0 C:/Users/24833/Desktop/FPGA/lab1_de1_soc_interrupt_analysis/onchip_instrCacheEnabled_dataCacheDisabled/sw/onChipDataCacheDisabled_bsp/\libhal_bsp.a(alt_tick.o)
 .bss           0x00000000000293f4        0x0 C:/Users/24833/Desktop/FPGA/lab1_de1_soc_interrupt_analysis/onchip_instrCacheEnabled_dataCacheDisabled/sw/onChipDataCacheDisabled_bsp/\libhal_bsp.a(altera_nios2_gen2_irq.o)
 .bss           0x00000000000293f4        0x0 C:/Users/24833/Desktop/FPGA/lab1_de1_soc_interrupt_analysis/onchip_instrCacheEnabled_dataCacheDisabled/sw/onChipDataCacheDisabled_bsp/\libhal_bsp.a(alt_find_dev.o)
 .bss           0x00000000000293f4        0x0 C:/Users/24833/Desktop/FPGA/lab1_de1_soc_interrupt_analysis/onchip_instrCacheEnabled_dataCacheDisabled/sw/onChipDataCacheDisabled_bsp/\libhal_bsp.a(alt_find_file.o)
 .bss           0x00000000000293f4        0x0 C:/Users/24833/Desktop/FPGA/lab1_de1_soc_interrupt_analysis/onchip_instrCacheEnabled_dataCacheDisabled/sw/onChipDataCacheDisabled_bsp/\libhal_bsp.a(alt_get_fd.o)
 .bss           0x00000000000293f4        0x0 C:/Users/24833/Desktop/FPGA/lab1_de1_soc_interrupt_analysis/onchip_instrCacheEnabled_dataCacheDisabled/sw/onChipDataCacheDisabled_bsp/\libhal_bsp.a(alt_icache_flush.o)
 .bss           0x00000000000293f4        0x0 c:/apersonaldrive/intelfpga_lite/nios2eds/bin/gnu/h-x86_64-mingw32/bin/../lib/gcc/nios2-elf/5.3.0/../../../../../H-x86_64-mingw32/nios2-elf/lib\libc.a(lib_a-atexit.o)
 .bss           0x00000000000293f4        0x0 c:/apersonaldrive/intelfpga_lite/nios2eds/bin/gnu/h-x86_64-mingw32/bin/../lib/gcc/nios2-elf/5.3.0/../../../../../H-x86_64-mingw32/nios2-elf/lib\libc.a(lib_a-exit.o)
 .bss           0x00000000000293f4        0x0 c:/apersonaldrive/intelfpga_lite/nios2eds/bin/gnu/h-x86_64-mingw32/bin/../lib/gcc/nios2-elf/5.3.0/../../../../../H-x86_64-mingw32/nios2-elf/lib\libc.a(lib_a-memcmp.o)
 .bss           0x00000000000293f4        0x0 c:/apersonaldrive/intelfpga_lite/nios2eds/bin/gnu/h-x86_64-mingw32/bin/../lib/gcc/nios2-elf/5.3.0/../../../../../H-x86_64-mingw32/nios2-elf/lib\libc.a(lib_a-putc.o)
 .bss           0x00000000000293f4        0x0 c:/apersonaldrive/intelfpga_lite/nios2eds/bin/gnu/h-x86_64-mingw32/bin/../lib/gcc/nios2-elf/5.3.0/../../../../../H-x86_64-mingw32/nios2-elf/lib\libc.a(lib_a-wbuf.o)
 .bss           0x00000000000293f4        0x0 c:/apersonaldrive/intelfpga_lite/nios2eds/bin/gnu/h-x86_64-mingw32/bin/../lib/gcc/nios2-elf/5.3.0/../../../../../H-x86_64-mingw32/nios2-elf/lib\libc.a(lib_a-__atexit.o)
 .bss           0x00000000000293f4        0x0 c:/apersonaldrive/intelfpga_lite/nios2eds/bin/gnu/h-x86_64-mingw32/bin/../lib/gcc/nios2-elf/5.3.0/../../../../../H-x86_64-mingw32/nios2-elf/lib\libc.a(lib_a-__call_atexit.o)
 .bss           0x00000000000293f4        0x0 C:/Users/24833/Desktop/FPGA/lab1_de1_soc_interrupt_analysis/onchip_instrCacheEnabled_dataCacheDisabled/sw/onChipDataCacheDisabled_bsp/\libhal_bsp.a(alt_exit.o)
 *(COMMON)
 COMMON         0x00000000000293f4      0x100 C:/Users/24833/Desktop/FPGA/lab1_de1_soc_interrupt_analysis/onchip_instrCacheEnabled_dataCacheDisabled/sw/onChipDataCacheDisabled_bsp/\libhal_bsp.a(alt_irq_handler.o)
                0x00000000000293f4                alt_irq
                0x00000000000294f4                . = ALIGN (0x4)
                0x00000000000294f4                __bss_end = ABSOLUTE (.)

.onchip_memory2_0
                0x00000000000294f4        0x0
                [!provide]                        PROVIDE (_alt_partition_onchip_memory2_0_start, ABSOLUTE (.))
 *(.onchip_memory2_0 .onchip_memory2_0. onchip_memory2_0.*)
                0x00000000000294f4                . = ALIGN (0x4)
                [!provide]                        PROVIDE (_alt_partition_onchip_memory2_0_end, ABSOLUTE (.))
                0x00000000000294f4                _end = ABSOLUTE (.)
                0x00000000000294f4                end = ABSOLUTE (.)
                0x00000000000294f4                __alt_stack_base = ABSOLUTE (.)
                [!provide]                        PROVIDE (_alt_partition_onchip_memory2_0_load_addr, LOADADDR (.onchip_memory2_0))

.stab
 *(.stab)

.stabstr
 *(.stabstr)

.stab.excl
 *(.stab.excl)

.stab.exclstr
 *(.stab.exclstr)

.stab.index
 *(.stab.index)

.stab.indexstr
 *(.stab.indexstr)

.comment        0x0000000000000000       0x23
 *(.comment)
 .comment       0x0000000000000000       0x23 obj/default/hello_world.o
                                         0x24 (size before relaxing)
 .comment       0x0000000000000023       0x24 c:/apersonaldrive/intelfpga_lite/nios2eds/bin/gnu/h-x86_64-mingw32/bin/../lib/gcc/nios2-elf/5.3.0/../../../../../H-x86_64-mingw32/nios2-elf/lib\libc.a(lib_a-puts.o)
 .comment       0x0000000000000023       0x24 c:/apersonaldrive/intelfpga_lite/nios2eds/bin/gnu/h-x86_64-mingw32/bin/../lib/gcc/nios2-elf/5.3.0/../../../../../H-x86_64-mingw32/nios2-elf/lib\libc.a(lib_a-strlen.o)
 .comment       0x0000000000000023       0x24 c:/apersonaldrive/intelfpga_lite/nios2eds/bin/gnu/h-x86_64-mingw32/bin/../lib/gcc/nios2-elf/5.3.0/../../../../../H-x86_64-mingw32/nios2-elf/lib\libc.a(lib_a-findfp.o)
 .comment       0x0000000000000023       0x24 c:/apersonaldrive/intelfpga_lite/nios2eds/bin/gnu/h-x86_64-mingw32/bin/../lib/gcc/nios2-elf/5.3.0/../../../../../H-x86_64-mingw32/nios2-elf/lib\libc.a(lib_a-fvwrite.o)
 .comment       0x0000000000000023       0x24 c:/apersonaldrive/intelfpga_lite/nios2eds/bin/gnu/h-x86_64-mingw32/bin/../lib/gcc/nios2-elf/5.3.0/../../../../../H-x86_64-mingw32/nios2-elf/lib\libc.a(lib_a-fwalk.o)
 .comment       0x0000000000000023       0x24 c:/apersonaldrive/intelfpga_lite/nios2eds/bin/gnu/h-x86_64-mingw32/bin/../lib/gcc/nios2-elf/5.3.0/../../../../../H-x86_64-mingw32/nios2-elf/lib\libc.a(lib_a-impure.o)
 .comment       0x0000000000000023       0x24 c:/apersonaldrive/intelfpga_lite/nios2eds/bin/gnu/h-x86_64-mingw32/bin/../lib/gcc/nios2-elf/5.3.0/../../../../../H-x86_64-mingw32/nios2-elf/lib\libc.a(lib_a-mallocr.o)
 .comment       0x0000000000000023       0x24 c:/apersonaldrive/intelfpga_lite/nios2eds/bin/gnu/h-x86_64-mingw32/bin/../lib/gcc/nios2-elf/5.3.0/../../../../../H-x86_64-mingw32/nios2-elf/lib\libc.a(lib_a-memchr.o)
 .comment       0x0000000000000023       0x24 c:/apersonaldrive/intelfpga_lite/nios2eds/bin/gnu/h-x86_64-mingw32/bin/../lib/gcc/nios2-elf/5.3.0/../../../../../H-x86_64-mingw32/nios2-elf/lib\libc.a(lib_a-memcpy.o)
 .comment       0x0000000000000023       0x24 c:/apersonaldrive/intelfpga_lite/nios2eds/bin/gnu/h-x86_64-mingw32/bin/../lib/gcc/nios2-elf/5.3.0/../../../../../H-x86_64-mingw32/nios2-elf/lib\libc.a(lib_a-memmove.o)
 .comment       0x0000000000000023       0x24 c:/apersonaldrive/intelfpga_lite/nios2eds/bin/gnu/h-x86_64-mingw32/bin/../lib/gcc/nios2-elf/5.3.0/../../../../../H-x86_64-mingw32/nios2-elf/lib\libc.a(lib_a-memset.o)
 .comment       0x0000000000000023       0x24 c:/apersonaldrive/intelfpga_lite/nios2eds/bin/gnu/h-x86_64-mingw32/bin/../lib/gcc/nios2-elf/5.3.0/../../../../../H-x86_64-mingw32/nios2-elf/lib\libc.a(lib_a-reallocr.o)
 .comment       0x0000000000000023       0x24 c:/apersonaldrive/intelfpga_lite/nios2eds/bin/gnu/h-x86_64-mingw32/bin/../lib/gcc/nios2-elf/5.3.0/../../../../../H-x86_64-mingw32/nios2-elf/lib\libc.a(lib_a-sbrkr.o)
 .comment       0x0000000000000023       0x24 c:/apersonaldrive/intelfpga_lite/nios2eds/bin/gnu/h-x86_64-mingw32/bin/../lib/gcc/nios2-elf/5.3.0/../../../../../H-x86_64-mingw32/nios2-elf/lib\libc.a(lib_a-stdio.o)
 .comment       0x0000000000000023       0x24 c:/apersonaldrive/intelfpga_lite/nios2eds/bin/gnu/h-x86_64-mingw32/bin/../lib/gcc/nios2-elf/5.3.0/../../../../../H-x86_64-mingw32/nios2-elf/lib\libc.a(lib_a-writer.o)
 .comment       0x0000000000000023       0x24 c:/apersonaldrive/intelfpga_lite/nios2eds/bin/gnu/h-x86_64-mingw32/bin/../lib/gcc/nios2-elf/5.3.0/../../../../../H-x86_64-mingw32/nios2-elf/lib\libc.a(lib_a-wsetup.o)
 .comment       0x0000000000000023       0x24 c:/apersonaldrive/intelfpga_lite/nios2eds/bin/gnu/h-x86_64-mingw32/bin/../lib/gcc/nios2-elf/5.3.0/../../../../../H-x86_64-mingw32/nios2-elf/lib\libc.a(closer.o)
 .comment       0x0000000000000023       0x24 c:/apersonaldrive/intelfpga_lite/nios2eds/bin/gnu/h-x86_64-mingw32/bin/../lib/gcc/nios2-elf/5.3.0/../../../../../H-x86_64-mingw32/nios2-elf/lib\libc.a(lib_a-fclose.o)
 .comment       0x0000000000000023       0x24 c:/apersonaldrive/intelfpga_lite/nios2eds/bin/gnu/h-x86_64-mingw32/bin/../lib/gcc/nios2-elf/5.3.0/../../../../../H-x86_64-mingw32/nios2-elf/lib\libc.a(lib_a-fflush.o)
 .comment       0x0000000000000023       0x24 c:/apersonaldrive/intelfpga_lite/nios2eds/bin/gnu/h-x86_64-mingw32/bin/../lib/gcc/nios2-elf/5.3.0/../../../../../H-x86_64-mingw32/nios2-elf/lib\libc.a(lib_a-freer.o)
 .comment       0x0000000000000023       0x24 c:/apersonaldrive/intelfpga_lite/nios2eds/bin/gnu/h-x86_64-mingw32/bin/../lib/gcc/nios2-elf/5.3.0/../../../../../H-x86_64-mingw32/nios2-elf/lib\libc.a(lib_a-int_errno.o)