Archive member included to satisfy reference by file (symbol)

c:/apersonaldrive/intelfpga_lite/nios2eds/bin/gnu/h-x86_64-mingw32/bin/../lib/gcc/nios2-elf/5.3.0/../../../../../H-x86_64-mingw32/nios2-elf/lib\libc.a(lib_a-printf.o)
                              obj/default/hello_world.o (printf)
c:/apersonaldrive/intelfpga_lite/nios2eds/bin/gnu/h-x86_64-mingw32/bin/../lib/gcc/nios2-elf/5.3.0/../../../../../H-x86_64-mingw32/nios2-elf/lib\libc.a(lib_a-putchar.o)
                              obj/default/hello_world.o (putchar)
c:/apersonaldrive/intelfpga_lite/nios2eds/bin/gnu/h-x86_64-mingw32/bin/../lib/gcc/nios2-elf/5.3.0/../../../../../H-x86_64-mingw32/nios2-elf/lib\libc.a(lib_a-puts.o)
                              obj/default/hello_world.o (puts)
c:/apersonaldrive/intelfpga_lite/nios2eds/bin/gnu/h-x86_64-mingw32/bin/../lib/gcc/nios2-elf/5.3.0/../../../../../H-x86_64-mingw32/nios2-elf/lib\libc.a(lib_a-strlen.o)
                              c:/apersonaldrive/intelfpga_lite/nios2eds/bin/gnu/h-x86_64-mingw32/bin/../lib/gcc/nios2-elf/5.3.0/../../../../../H-x86_64-mingw32/nios2-elf/lib\libc.a(lib_a-puts.o) (strlen)
c:/apersonaldrive/intelfpga_lite/nios2eds/bin/gnu/h-x86_64-mingw32/bin/../lib/gcc/nios2-elf/5.3.0/../../../../../H-x86_64-mingw32/nios2-elf/lib\libc.a(lib_a-vfprintf.o)
                              c:/apersonaldrive/intelfpga_lite/nios2eds/bin/gnu/h-x86_64-mingw32/bin/../lib/gcc/nios2-elf/5.3.0/../../../../../H-x86_64-mingw32/nios2-elf/lib\libc.a(lib_a-printf.o) (___vfprintf_internal_r)
c:/apersonaldrive/intelfpga_lite/nios2eds/bin/gnu/h-x86_64-mingw32/bin/../lib/gcc/nios2-elf/5.3.0/../../../../../H-x86_64-mingw32/nios2-elf/lib\libc.a(lib_a-wsetup.o)
                              c:/apersonaldrive/intelfpga_lite/nios2eds/bin/gnu/h-x86_64-mingw32/bin/../lib/gcc/nios2-elf/5.3.0/../../../../../H-x86_64-mingw32/nios2-elf/lib\libc.a(lib_a-vfprintf.o) (__swsetup_r)
c:/apersonaldrive/intelfpga_lite/nios2eds/bin/gnu/h-x86_64-mingw32/bin/../lib/gcc/nios2-elf/5.3.0/../../../../../H-x86_64-mingw32/nios2-elf/lib\libc.a(lib_a-dtoa.o)
                              c:/apersonaldrive/intelfpga_lite/nios2eds/bin/gnu/h-x86_64-mingw32/bin/../lib/gcc/nios2-elf/5.3.0/../../../../../H-x86_64-mingw32/nios2-elf/lib\libc.a(lib_a-vfprintf.o) (_dtoa_r)
c:/apersonaldrive/intelfpga_lite/nios2eds/bin/gnu/h-x86_64-mingw32/bin/../lib/gcc/nios2-elf/5.3.0/../../../../../H-x86_64-mingw32/nios2-elf/lib\libc.a(lib_a-fflush.o)
                              c:/apersonaldrive/intelfpga_lite/nios2eds/bin/gnu/h-x86_64-mingw32/bin/../lib/gcc/nios2-elf/5.3.0/../../../../../H-x86_64-mingw32/nios2-elf/lib\libc.a(lib_a-vfprintf.o) (_fflush_r)
c:/apersonaldrive/intelfpga_lite/nios2eds/bin/gnu/h-x86_64-mingw32/bin/../lib/gcc/nios2-elf/5.3.0/../../../../../H-x86_64-mingw32/nios2-elf/lib\libc.a(lib_a-findfp.o)
                              c:/apersonaldrive/intelfpga_lite/nios2eds/bin/gnu/h-x86_64-mingw32/bin/../lib/gcc/nios2-elf/5.3.0/../../../../../H-x86_64-mingw32/nios2-elf/lib\libc.a(lib_a-puts.o) (__sinit)
c:/apersonaldrive/intelfpga_lite/nios2eds/bin/gnu/h-x86_64-mingw32/bin/../lib/gcc/nios2-elf/5.3.0/../../../../../H-x86_64-mingw32/nios2-elf/lib\libc.a(lib_a-freer.o)
                              c:/apersonaldrive/intelfpga_lite/nios2eds/bin/gnu/h-x86_64-mingw32/bin/../lib/gcc/nios2-elf/5.3.0/../../../../../H-x86_64-mingw32/nios2-elf/lib\libc.a(lib_a-wsetup.o) (_free_r)
c:/apersonaldrive/intelfpga_lite/nios2eds/bin/gnu/h-x86_64-mingw32/bin/../lib/gcc/nios2-elf/5.3.0/../../../../../H-x86_64-mingw32/nios2-elf/lib\libc.a(lib_a-fvwrite.o)
                              c:/apersonaldrive/intelfpga_lite/nios2eds/bin/gnu/h-x86_64-mingw32/bin/../lib/gcc/nios2-elf/5.3.0/../../../../../H-x86_64-mingw32/nios2-elf/lib\libc.a(lib_a-puts.o) (__sfvwrite_r)
c:/apersonaldrive/intelfpga_lite/nios2eds/bin/gnu/h-x86_64-mingw32/bin/../lib/gcc/nios2-elf/5.3.0/../../../../../H-x86_64-mingw32/nios2-elf/lib\libc.a(lib_a-fwalk.o)
                              c:/apersonaldrive/intelfpga_lite/nios2eds/bin/gnu/h-x86_64-mingw32/bin/../lib/gcc/nios2-elf/5.3.0/../../../../../H-x86_64-mingw32/nios2-elf/lib\libc.a(lib_a-findfp.o) (_fwalk)
c:/apersonaldrive/intelfpga_lite/nios2eds/bin/gnu/h-x86_64-mingw32/bin/../lib/gcc/nios2-elf/5.3.0/../../../../../H-x86_64-mingw32/nios2-elf/lib\libc.a(lib_a-impure.o)
                              c:/apersonaldrive/intelfpga_lite/nios2eds/bin/gnu/h-x86_64-mingw32/bin/../lib/gcc/nios2-elf/5.3.0/../../../../../H-x86_64-mingw32/nios2-elf/lib\libc.a(lib_a-fflush.o) (_global_impure_ptr)
c:/apersonaldrive/intelfpga_lite/nios2eds/bin/gnu/h-x86_64-mingw32/bin/../lib/gcc/nios2-elf/5.3.0/../../../../../H-x86_64-mingw32/nios2-elf/lib\libc.a(lib_a-locale.o)
                              c:/apersonaldrive/intelfpga_lite/nios2eds/bin/gnu/h-x86_64-mingw32/bin/../lib/gcc/nios2-elf/5.3.0/../../../../../H-x86_64-mingw32/nios2-elf/lib\libc.a(lib_a-vfprintf.o) (_localeconv_r)
[...]
Memory Configuration

Name             Origin             Length             Attributes
sdram_controller 0x0000000010000000 0x0000000004000000
reset            0x0000000020020000 0x0000000000000020
cpu_1_0_SRAM_1   0x0000000020020020 0x000000000001dfe0
*default*        0x0000000000000000 0xffffffffffffffff

Linker script and memory map

LOAD C:/Users/24833/Desktop/FPGA/lab3_multiprocessor/sdram_instrCacheEnabled_dataCacheEnabled/sw/sub_cpu_1_bsp//obj/HAL/src/crt0.o
LOAD obj/default/hello_world.o
LOAD c:/apersonaldrive/intelfpga_lite/nios2eds/bin/gnu/h-x86_64-mingw32/bin/../lib/gcc/nios2-elf/5.3.0/../../../../../H-x86_64-mingw32/nios2-elf/lib\libstdc++.a
LOAD c:/apersonaldrive/intelfpga_lite/nios2eds/bin/gnu/h-x86_64-mingw32/bin/../lib/gcc/nios2-elf/5.3.0/../../../../../H-x86_64-mingw32/nios2-elf/lib\libm.a
LOAD c:/apersonaldrive/intelfpga_lite/nios2eds/bin/gnu/h-x86_64-mingw32/bin/../lib/gcc/nios2-elf/5.3.0\libgcc.a
START GROUP
LOAD c:/apersonaldrive/intelfpga_lite/nios2eds/bin/gnu/h-x86_64-mingw32/bin/../lib/gcc/nios2-elf/5.3.0/../../../../../H-x86_64-mingw32/nios2-elf/lib\libc.a
LOAD c:/apersonaldrive/intelfpga_lite/nios2eds/bin/gnu/h-x86_64-mingw32/bin/../lib/gcc/nios2-elf/5.3.0\libgcc.a
LOAD C:/Users/24833/Desktop/FPGA/lab3_multiprocessor/sdram_instrCacheEnabled_dataCacheEnabled/sw/sub_cpu_1_bsp/\libhal_bsp.a
LOAD c:/apersonaldrive/intelfpga_lite/nios2eds/bin/gnu/h-x86_64-mingw32/bin/../lib/gcc/nios2-elf/5.3.0/../../../../../H-x86_64-mingw32/nios2-elf/lib\libm.a
END GROUP
LOAD c:/apersonaldrive/intelfpga_lite/nios2eds/bin/gnu/h-x86_64-mingw32/bin/../lib/gcc/nios2-elf/5.3.0\libgcc.a
                0x0000000010000000                __alt_mem_sdram_controller = 0x10000000
                0x0000000020020000                __alt_mem_cpu_1_0_SRAM_1 = 0x20020000

.entry          0x0000000020020000       0x20
 *(.entry)
 .entry         0x0000000020020000       0x20 C:/Users/24833/Desktop/FPGA/lab3_multiprocessor/sdram_instrCacheEnabled_dataCacheEnabled/sw/sub_cpu_1_bsp//obj/HAL/src/crt0.o
                0x0000000020020000                __reset

.exceptions     0x0000000020020020      0x224
                0x0000000020020020                PROVIDE (__ram_exceptions_start, ABSOLUTE (.))
                0x0000000020020020                . = ALIGN (0x20)
 *(.irq)
 *(.exceptions.entry.label)
 .exceptions.entry.label
                0x0000000020020020        0x0 C:/Users/24833/Desktop/FPGA/lab3_multiprocessor/sdram_instrCacheEnabled_dataCacheEnabled/sw/sub_cpu_1_bsp/\libhal_bsp.a(alt_irq_entry.o)
                0x0000000020020020                alt_irq_entry
 .exceptions.entry.label
                0x0000000020020020        0x0 C:/Users/24833/Desktop/FPGA/lab3_multiprocessor/sdram_instrCacheEnabled_dataCacheEnabled/sw/sub_cpu_1_bsp/\libhal_bsp.a(alt_exception_entry.o)
                0x0000000020020020                alt_exception
 *(.exceptions.entry.user)
 *(.exceptions.entry.ecc_fatal)
 *(.exceptions.entry)
 .exceptions.entry
                0x0000000020020020       0x54 C:/Users/24833/Desktop/FPGA/lab3_multiprocessor/sdram_instrCacheEnabled_dataCacheEnabled/sw/sub_cpu_1_bsp/\libhal_bsp.a(alt_exception_entry.o)
 *(.exceptions.irqtest.user)
 *(.exceptions.irqtest)
 .exceptions.irqtest
                0x0000000020020074       0x10 C:/Users/24833/Desktop/FPGA/lab3_multiprocessor/sdram_instrCacheEnabled_dataCacheEnabled/sw/sub_cpu_1_bsp/\libhal_bsp.a(alt_irq_entry.o)
 *(.exceptions.irqhandler.user)
 *(.exceptions.irqhandler)
 .exceptions.irqhandler
                0x0000000020020084        0x4 C:/Users/24833/Desktop/FPGA/lab3_multiprocessor/sdram_instrCacheEnabled_dataCacheEnabled/sw/sub_cpu_1_bsp/\libhal_bsp.a(alt_irq_entry.o)
 *(.exceptions.irqreturn.user)
 *(.exceptions.irqreturn)
 .exceptions.irqreturn
                0x0000000020020088        0x4 C:/Users/24833/Desktop/FPGA/lab3_multiprocessor/sdram_instrCacheEnabled_dataCacheEnabled/sw/sub_cpu_1_bsp/\libhal_bsp.a(alt_irq_entry.o)
 *(.exceptions.notirq.label)
 .exceptions.notirq.label
                0x000000002002008c        0x0 C:/Users/24833/Desktop/FPGA/lab3_multiprocessor/sdram_instrCacheEnabled_dataCacheEnabled/sw/sub_cpu_1_bsp/\libhal_bsp.a(alt_irq_entry.o)
 *(.exceptions.notirq.user)
 *(.exceptions.notirq)
 .exceptions.notirq
                0x000000002002008c        0x8 C:/Users/24833/Desktop/FPGA/lab3_multiprocessor/sdram_instrCacheEnabled_dataCacheEnabled/sw/sub_cpu_1_bsp/\libhal_bsp.a(alt_exception_entry.o)
 *(.exceptions.soft.user)
 *(.exceptions.soft)
 *(.exceptions.unknown.user)
 *(.exceptions.unknown)
 .exceptions.unknown
                0x0000000020020094       0x14 C:/Users/24833/Desktop/FPGA/lab3_multiprocessor/sdram_instrCacheEnabled_dataCacheEnabled/sw/sub_cpu_1_bsp/\libhal_bsp.a(alt_exception_entry.o)
 *(.exceptions.exit.label)
 .exceptions.exit.label
                0x00000000200200a8        0x0 C:/Users/24833/Desktop/FPGA/lab3_multiprocessor/sdram_instrCacheEnabled_dataCacheEnabled/sw/sub_cpu_1_bsp/\libhal_bsp.a(alt_irq_entry.o)
 .exceptions.exit.label
                0x00000000200200a8        0x0 C:/Users/24833/Desktop/FPGA/lab3_multiprocessor/sdram_instrCacheEnabled_dataCacheEnabled/sw/sub_cpu_1_bsp/\libhal_bsp.a(alt_exception_entry.o)
 *(.exceptions.exit.user)
 *(.exceptions.exit)
 .exceptions.exit
                0x00000000200200a8       0x54 C:/Users/24833/Desktop/FPGA/lab3_multiprocessor/sdram_instrCacheEnabled_dataCacheEnabled/sw/sub_cpu_1_bsp/\libhal_bsp.a(alt_exception_entry.o)
 *(.exceptions)
 .exceptions    0x00000000200200fc       0xd4 C:/Users/24833/Desktop/FPGA/lab3_multiprocessor/sdram_instrCacheEnabled_dataCacheEnabled/sw/sub_cpu_1_bsp/\libhal_bsp.a(alt_irq_handler.o)
                0x00000000200200fc                alt_irq_handler
 .exceptions    0x00000000200201d0       0x74 C:/Users/24833/Desktop/FPGA/lab3_multiprocessor/sdram_instrCacheEnabled_dataCacheEnabled/sw/sub_cpu_1_bsp/\libhal_bsp.a(alt_instruction_exception_entry.o)
                0x00000000200201d0                alt_instruction_exception_entry
                0x0000000020020244                PROVIDE (__ram_exceptions_end, ABSOLUTE (.))
                0x0000000020020020                PROVIDE (__flash_exceptions_start, LOADADDR (.exceptions))

.text           0x0000000020020244    0x105c8
                [!provide]                        PROVIDE (stext, ABSOLUTE (.))
 *(.interp)
 *(.hash)
 *(.dynsym)
 *(.dynstr)
 *(.gnu.version)
 *(.gnu.version_d)
 *(.gnu.version_r)
 *(.rel.init)
 *(.rela.init)
 *(.rel.text .rel.text.* .rel.gnu.linkonce.t.*)
 *(.rela.text .rela.text.* .rela.gnu.linkonce.t.*)
 *(.rel.fini)
 *(.rela.fini)
 *(.rel.rodata .rel.rodata.* .rel.gnu.linkonce.r.*)
 *(.rela.rodata .rela.rodata.* .rela.gnu.linkonce.r.*)
 *(.rel.data .rel.data.* .rel.gnu.linkonce.d.*)
 *(.rela.data .rela.data.* .rela.gnu.linkonce.d.*)
 *(.rel.tdata .rel.tdata.* .rel.gnu.linkonce.td.*)
 *(.rela.tdata .rela.tdata.* .rela.gnu.linkonce.td.*)
 *(.rel.tbss .rel.tbss.* .rel.gnu.linkonce.tb.*)
 *(.rela.tbss .rela.tbss.* .rela.gnu.linkonce.tb.*)
 *(.rel.ctors)
 *(.rela.ctors)
 *(.rel.dtors)
 *(.rela.dtors)
 *(.rel.got)
 *(.rela.got)
 *(.rel.sdata .rel.sdata.* .rel.gnu.linkonce.s.*)
 *(.rela.sdata .rela.sdata.* .rela.gnu.linkonce.s.*)
 *(.rel.sbss .rel.sbss.* .rel.gnu.linkonce.sb.*)
 *(.rela.sbss .rela.sbss.* .rela.gnu.linkonce.sb.*)
 *(.rel.sdata2 .rel.sdata2.* .rel.gnu.linkonce.s2.*)
 *(.rela.sdata2 .rela.sdata2.* .rela.gnu.linkonce.s2.*)
 *(.rel.sbss2 .rel.sbss2.* .rel.gnu.linkonce.sb2.*)
 *(.rela.sbss2 .rela.sbss2.* .rela.gnu.linkonce.sb2.*)
 *(.rel.bss .rel.bss.* .rel.gnu.linkonce.b.*)
 *(.rela.bss .rela.bss.* .rela.gnu.linkonce.b.*)
 *(.rel.plt)
 *(.rela.plt)
 *(.rel.dyn)
 *(.init)
 *(.plt)
 *(.text .stub .text.* .gnu.linkonce.t.*)
 .text          0x0000000020020244       0x4c C:/Users/24833/Desktop/FPGA/lab3_multiprocessor/sdram_instrCacheEnabled_dataCacheEnabled/sw/sub_cpu_1_bsp//obj/HAL/src/crt0.o
                0x0000000020020244                _start
 .text          0x0000000020020290      0x49c obj/default/hello_world.o
                0x0000000020020290                manip1
                0x00000000200202c0                setUp
                0x0000000020020320                Read_Modify_Write
                0x000000002002037c                manip2_1
                0x00000000200203e8                Ex_Read_Modify_Write
                0x0000000020020444                manip2_2
                0x00000000200204bc                rx_cb
                0x000000002002050c                manip3
                0x0000000020020608                simple_modify
                0x0000000020020648                manip4
                0x00000000200206b4                LED_official
                0x0000000020020700                main
 .text          0x000000002002072c        0x0 c:/apersonaldrive/intelfpga_lite/nios2eds/bin/gnu/h-x86_64-mingw32/bin/../lib/gcc/nios2-elf/5.3.0/../../../../../H-x86_64-mingw32/nios2-elf/lib\libc.a(lib_a-printf.o)
 .text._printf_r
                0x000000002002072c       0x30 c:/apersonaldrive/intelfpga_lite/nios2eds/bin/gnu/h-x86_64-mingw32/bin/../lib/gcc/nios2-elf/5.3.0/../../../../../H-x86_64-mingw32/nios2-elf/lib\libc.a(lib_a-printf.o)
                0x000000002002072c                _printf_r
 .text.printf   0x000000002002075c       0x3c c:/apersonaldrive/intelfpga_lite/nios2eds/bin/gnu/h-x86_64-mingw32/bin/../lib/gcc/nios2-elf/5.3.0/../../../../../H-x86_64-mingw32/nios2-elf/lib\libc.a(lib_a-printf.o)
                0x000000002002075c                printf
 .text          0x0000000020020798        0x0 c:/apersonaldrive/intelfpga_lite/nios2eds/bin/gnu/h-x86_64-mingw32/bin/../lib/gcc/nios2-elf/5.3.0/../../../../../H-x86_64-mingw32/nios2-elf/lib\libc.a(lib_a-putchar.o)
 .text._putchar_r
                0x0000000020020798        0x8 c:/apersonaldrive/intelfpga_lite/nios2eds/bin/gnu/h-x86_64-mingw32/bin/../lib/gcc/nios2-elf/5.3.0/../../../../../H-x86_64-mingw32/nios2-elf/lib\libc.a(lib_a-putchar.o)
                0x0000000020020798                _putchar_r
 .text.putchar  0x00000000200207a0       0x18 c:/apersonaldrive/intelfpga_lite/nios2eds/bin/gnu/h-x86_64-mingw32/bin/../lib/gcc/nios2-elf/5.3.0/../../../../../H-x86_64-mingw32/nios2-elf/lib\libc.a(lib_a-putchar.o)
                0x00000000200207a0                putchar
 .text          0x00000000200207b8        0x0 c:/apersonaldrive/intelfpga_lite/nios2eds/bin/gnu/h-x86_64-mingw32/bin/../lib/gcc/nios2-elf/5.3.0/../../../../../H-x86_64-mingw32/nios2-elf/lib\libc.a(lib_a-puts.o)
 .text._puts_r  0x00000000200207b8       0xc0 c:/apersonaldrive/intelfpga_lite/nios2eds/bin/gnu/h-x86_64-mingw32/bin/../lib/gcc/nios2-elf/5.3.0/../../../../../H-x86_64-mingw32/nios2-elf/lib\libc.a(lib_a-puts.o)
                0x00000000200207b8                _puts_r
 .text.puts     0x0000000020020878       0x14 c:/apersonaldrive/intelfpga_lite/nios2eds/bin/gnu/h-x86_64-mingw32/bin/../lib/gcc/nios2-elf/5.3.0/../../../../../H-x86_64-mingw32/nios2-elf/lib\libc.a(lib_a-puts.o)
                0x0000000020020878                puts
 .text          0x000000002002088c        0x0 c:/apersonaldrive/intelfpga_lite/nios2eds/bin/gnu/h-x86_64-mingw32/bin/../lib/gcc/nios2-elf/5.3.0/../../../../../H-x86_64-mingw32/nios2-elf/lib\libc.a(lib_a-strlen.o)
 .text.strlen   0x000000002002088c       0x98 c:/apersonaldrive/intelfpga_lite/nios2eds/bin/gnu/h-x86_64-mingw32/bin/../lib/gcc/nios2-elf/5.3.0/../../../../../H-x86_64-mingw32/nios2-elf/lib\libc.a(lib_a-strlen.o)
                0x000000002002088c                strlen
 .text          0x0000000020020924        0x0 c:/apersonaldrive/intelfpga_lite/nios2eds/bin/gnu/h-x86_64-mingw32/bin/../lib/gcc/nios2-elf/5.3.0/../../../../../H-x86_64-mingw32/nios2-elf/lib\libc.a(lib_a-vfprintf.o)
 .text.___vfprintf_internal_r
                0x0000000020020924     0x21f8 c:/apersonaldrive/intelfpga_lite/nios2eds/bin/gnu/h-x86_64-mingw32/bin/../lib/gcc/nios2-elf/5.3.0/../../../../../H-x86_64-mingw32/nios2-elf/lib\libc.a(lib_a-vfprintf.o)
                0x0000000020020924                ___vfprintf_internal_r
 .text.__vfprintf_internal
                0x0000000020022b1c       0x1c c:/apersonaldrive/intelfpga_lite/nios2eds/bin/gnu/h-x86_64-mingw32/bin/../lib/gcc/nios2-elf/5.3.0/../../../../../H-x86_64-mingw32/nios2-elf/lib\libc.a(lib_a-vfprintf.o)
                0x0000000020022b1c                __vfprintf_internal
 .text.__sbprintf
                0x0000000020022b38       0xbc c:/apersonaldrive/intelfpga_lite/nios2eds/bin/gnu/h-x86_64-mingw32/bin/../lib/gcc/nios2-elf/5.3.0/../../../../../H-x86_64-mingw32/nios2-elf/lib\libc.a(lib_a-vfprintf.o)
 .text          0x0000000020022bf4        0x0 c:/apersonaldrive/intelfpga_lite/nios2eds/bin/gnu/h-x86_64-mingw32/bin/../lib/gcc/nios2-elf/5.3.0/../../../../../H-x86_64-mingw32/nios2-elf/lib\libc.a(lib_a-wsetup.o)
 .text.__swsetup_r
                0x0000000020022bf4      0x154 c:/apersonaldrive/intelfpga_lite/nios2eds/bin/gnu/h-x86_64-mingw32/bin/../lib/gcc/nios2-elf/5.3.0/../../../../../H-x86_64-mingw32/nios2-elf/lib\libc.a(lib_a-wsetup.o)
                0x0000000020022bf4                __swsetup_r
 .text          0x0000000020022d48        0x0 c:/apersonaldrive/intelfpga_lite/nios2eds/bin/gnu/h-x86_64-mingw32/bin/../lib/gcc/nios2-elf/5.3.0/../../../../../H-x86_64-mingw32/nios2-elf/lib\libc.a(lib_a-dtoa.o)
 .text.quorem   0x0000000020022d48      0x200 c:/apersonaldrive/intelfpga_lite/nios2eds/bin/gnu/h-x86_64-mingw32/bin/../lib/gcc/nios2-elf/5.3.0/../../../../../H-x86_64-mingw32/nios2-elf/lib\libc.a(lib_a-dtoa.o)
 .text._dtoa_r  0x0000000020022f48     0x1688 c:/apersonaldrive/intelfpga_lite/nios2eds/bin/gnu/h-x86_64-mingw32/bin/../lib/gcc/nios2-elf/5.3.0/../../../../../H-x86_64-mingw32/nios2-elf/lib\libc.a(lib_a-dtoa.o)
                0x0000000020022f48                _dtoa_r
 .text          0x00000000200245d0        0x0 c:/apersonaldrive/intelfpga_lite/nios2eds/bin/gnu/h-x86_64-mingw32/bin/../lib/gcc/nios2-elf/5.3.0/../../../../../H-x86_64-mingw32/nios2-elf/lib\libc.a(lib_a-fflush.o)
 .text.__sflush_r
                0x00000000200245d0      0x21c c:/apersonaldrive/intelfpga_lite/nios2eds/bin/gnu/h-x86_64-mingw32/bin/../lib/gcc/nios2-elf/5.3.0/../../../../../H-x86_64-mingw32/nios2-elf/lib\libc.a(lib_a-fflush.o)
                0x00000000200245d0                __sflush_r
 .text._fflush_r
                0x00000000200247ec       0x5c c:/apersonaldrive/intelfpga_lite/nios2eds/bin/gnu/h-x86_64-mingw32/bin/../lib/gcc/nios2-elf/5.3.0/../../../../../H-x86_64-mingw32/nios2-elf/lib\libc.a(lib_a-fflush.o)
                0x00000000200247ec                _fflush_r
 .text.fflush   0x0000000020024848       0x30 c:/apersonaldrive/intelfpga_lite/nios2eds/bin/gnu/h-x86_64-mingw32/bin/../lib/gcc/nios2-elf/5.3.0/../../../../../H-x86_64-mingw32/nios2-elf/lib\libc.a(lib_a-fflush.o)
                0x0000000020024848                fflush
 .text          0x0000000020024878        0x0 c:/apersonaldrive/intelfpga_lite/nios2eds/bin/gnu/h-x86_64-mingw32/bin/../lib/gcc/nios2-elf/5.3.0/../../../../../H-x86_64-mingw32/nios2-elf/lib\libc.a(lib_a-findfp.o)
 .text.__fp_unlock
                0x0000000020024878        0x8 c:/apersonaldrive/intelfpga_lite/nios2eds/bin/gnu/h-x86_64-mingw32/bin/../lib/gcc/nios2-elf/5.3.0/../../../../../H-x86_64-mingw32/nios2-elf/lib\libc.a(lib_a-findfp.o)
 .text._cleanup_r
                0x0000000020024880        0xc c:/apersonaldrive/intelfpga_lite/nios2eds/bin/gnu/h-x86_64-mingw32/bin/../lib/gcc/nios2-elf/5.3.0/../../../../../H-x86_64-mingw32/nios2-elf/lib\libc.a(lib_a-findfp.o)
                0x0000000020024880                _cleanup_r
 .text.__sinit.part.1
                0x000000002002488c      0x19c c:/apersonaldrive/intelfpga_lite/nios2eds/bin/gnu/h-x86_64-mingw32/bin/../lib/gcc/nios2-elf/5.3.0/../../../../../H-x86_64-mingw32/nios2-elf/lib\libc.a(lib_a-findfp.o)
 .text.__fp_lock
                0x0000000020024a28        0x8 c:/apersonaldrive/intelfpga_lite/nios2eds/bin/gnu/h-x86_64-mingw32/bin/../lib/gcc/nios2-elf/5.3.0/../../../../../H-x86_64-mingw32/nios2-elf/lib\libc.a(lib_a-findfp.o)
 .text.__sfmoreglue
                0x0000000020024a30       0x68 c:/apersonaldrive/intelfpga_lite/nios2eds/bin/gnu/h-x86_64-mingw32/bin/../lib/gcc/nios2-elf/5.3.0/../../../../../H-x86_64-mingw32/nios2-elf/lib\libc.a(lib_a-findfp.o)
                0x0000000020024a30                __sfmoreglue
 .text.__sfp    0x0000000020024a98      0x118 c:/apersonaldrive/intelfpga_lite/nios2eds/bin/gnu/h-x86_64-mingw32/bin/../lib/gcc/nios2-elf/5.3.0/../../../../../H-x86_64-mingw32/nios2-elf/lib\libc.a(lib_a-findfp.o)
                0x0000000020024a98                __sfp
 .text._cleanup
                0x0000000020024bb0       0x18 c:/apersonaldrive/intelfpga_lite/nios2eds/bin/gnu/h-x86_64-mingw32/bin/../lib/gcc/nios2-elf/5.3.0/../../../../../H-x86_64-mingw32/nios2-elf/lib\libc.a(lib_a-findfp.o)
                0x0000000020024bb0                _cleanup
 .text.__sinit  0x0000000020024bc8       0x10 c:/apersonaldrive/intelfpga_lite/nios2eds/bin/gnu/h-x86_64-mingw32/bin/../lib/gcc/nios2-elf/5.3.0/../../../../../H-x86_64-mingw32/nios2-elf/lib\libc.a(lib_a-findfp.o)
                0x0000000020024bc8                __sinit
 .text.__sfp_lock_acquire
                0x0000000020024bd8        0x4 c:/apersonaldrive/intelfpga_lite/nios2eds/bin/gnu/h-x86_64-mingw32/bin/../lib/gcc/nios2-elf/5.3.0/../../../../../H-x86_64-mingw32/nios2-elf/lib\libc.a(lib_a-findfp.o)
                0x0000000020024bd8                __sfp_lock_acquire
 .text.__sfp_lock_release
                0x0000000020024bdc        0x4 c:/apersonaldrive/intelfpga_lite/nios2eds/bin/gnu/h-x86_64-mingw32/bin/../lib/gcc/nios2-elf/5.3.0/../../../../../H-x86_64-mingw32/nios2-elf/lib\libc.a(lib_a-findfp.o)
                0x0000000020024bdc                __sfp_lock_release
 .text.__sinit_lock_acquire
                0x0000000020024be0        0x4 c:/apersonaldrive/intelfpga_lite/nios2eds/bin/gnu/h-x86_64-mingw32/bin/../lib/gcc/nios2-elf/5.3.0/../../../../../H-x86_64-mingw32/nios2-elf/lib\libc.a(lib_a-findfp.o)
                0x0000000020024be0                __sinit_lock_acquire
 .text.__sinit_lock_release
                0x0000000020024be4        0x4 c:/apersonaldrive/intelfpga_lite/nios2eds/bin/gnu/h-x86_64-mingw32/bin/../lib/gcc/nios2-elf/5.3.0/../../../../../H-x86_64-mingw32/nios2-elf/lib\libc.a(lib_a-findfp.o)
                0x0000000020024be4                __sinit_lock_release
 .text.__fp_lock_all
                0x0000000020024be8       0x18 c:/apersonaldrive/intelfpga_lite/nios2eds/bin/gnu/h-x86_64-mingw32/bin/../lib/gcc/nios2-elf/5.3.0/../../../../../H-x86_64-mingw32/nios2-elf/lib\libc.a(lib_a-findfp.o)
                0x0000000020024be8                __fp_lock_all
 .text.__fp_unlock_all
                0x0000000020024c00       0x18 c:/apersonaldrive/intelfpga_lite/nios2eds/bin/gnu/h-x86_64-mingw32/bin/../lib/gcc/nios2-elf/5.3.0/../../../../../H-x86_64-mingw32/nios2-elf/lib\libc.a(lib_a-findfp.o)
                0x0000000020024c00                __fp_unlock_all
 .text          0x0000000020024c18        0x0 c:/apersonaldrive/intelfpga_lite/nios2eds/bin/gnu/h-x86_64-mingw32/bin/../lib/gcc/nios2-elf/5.3.0/../../../../../H-x86_64-mingw32/nios2-elf/lib\libc.a(lib_a-freer.o)
 .text._malloc_trim_r
                0x0000000020024c18      0x124 c:/apersonaldrive/intelfpga_lite/nios2eds/bin/gnu/h-x86_64-mingw32/bin/../lib/gcc/nios2-elf/5.3.0/../../../../../H-x86_64-mingw32/nios2-elf/lib\libc.a(lib_a-freer.o)
                0x0000000020024c18                _malloc_trim_r
 .text._free_r  0x0000000020024d3c      0x310 c:/apersonaldrive/intelfpga_lite/nios2eds/bin/gnu/h-x86_64-mingw32/bin/../lib/gcc/nios2-elf/5.3.0/../../../../../H-x86_64-mingw32/nios2-elf/lib\libc.a(lib_a-freer.o)
                0x0000000020024d3c                _free_r
 .text          0x000000002002504c        0x0 c:/apersonaldrive/intelfpga_lite/nios2eds/bin/gnu/h-x86_64-mingw32/bin/../lib/gcc/nios2-elf/5.3.0/../../../../../H-x86_64-mingw32/nios2-elf/lib\libc.a(lib_a-fvwrite.o)
 .text.__sfvwrite_r
                0x000000002002504c      0x4bc c:/apersonaldrive/intelfpga_lite/nios2eds/bin/gnu/h-x86_64-mingw32/bin/../lib/gcc/nios2-elf/5.3.0/../../../../../H-x86_64-mingw32/nios2-elf/lib\libc.a(lib_a-fvwrite.o)
                0x000000002002504c                __sfvwrite_r
 .text          0x0000000020025508        0x0 c:/apersonaldrive/intelfpga_lite/nios2eds/bin/gnu/h-x86_64-mingw32/bin/../lib/gcc/nios2-elf/5.3.0/../../../../../H-x86_64-mingw32/nios2-elf/lib\libc.a(lib_a-fwalk.o)
 .text._fwalk   0x0000000020025508       0xc4 c:/apersonaldrive/intelfpga_lite/nios2eds/bin/gnu/h-x86_64-mingw32/bin/../lib/gcc/nios2-elf/5.3.0/../../../../../H-x86_64-mingw32/nios2-elf/lib\libc.a(lib_a-fwalk.o)
                0x0000000020025508                _fwalk
 .text._fwalk_reent
                0x00000000200255cc       0xc4 c:/apersonaldrive/intelfpga_lite/nios2eds/bin/gnu/h-x86_64-mingw32/bin/../lib/gcc/nios2-elf/5.3.0/../../../../../H-x86_64-mingw32/nios2-elf/lib\libc.a(lib_a-fwalk.o)
                0x00000000200255cc                _fwalk_reent
 .text          0x0000000020025690        0x0 c:/apersonaldrive/intelfpga_lite/nios2eds/bin/gnu/h-x86_64-mingw32/bin/../lib/gcc/nios2-elf/5.3.0/../../../../../H-x86_64-mingw32/nios2-elf/lib\libc.a(lib_a-impure.o)
 .text          0x0000000020025690        0x0 c:/apersonaldrive/intelfpga_lite/nios2eds/bin/gnu/h-x86_64-mingw32/bin/../lib/gcc/nios2-elf/5.3.0/../../../../../H-x86_64-mingw32/nios2-elf/lib\libc.a(lib_a-locale.o)
 .text._setlocale_r
                0x0000000020025690       0x7c c:/apersonaldrive/intelfpga_lite/nios2eds/bin/gnu/h-x86_64-mingw32/bin/../lib/gcc/nios2-elf/5.3.0/../../../../../H-x86_64-mingw32/nios2-elf/lib\libc.a(lib_a-locale.o)
                0x0000000020025690                _setlocale_r
 .text.__locale_charset
                0x000000002002570c        0xc c:/apersonaldrive/intelfpga_lite/nios2eds/bin/gnu/h-x86_64-mingw32/bin/../lib/gcc/nios2-elf/5.3.0/../../../../../H-x86_64-mingw32/nios2-elf/lib\libc.a(lib_a-locale.o)
                0x000000002002570c                __locale_charset
 .text.__locale_mb_cur_max
                0x0000000020025718       0x10 c:/apersonaldrive/intelfpga_lite/nios2eds/bin/gnu/h-x86_64-mingw32/bin/../lib/gcc/nios2-elf/5.3.0/../../../../../H-x86_64-mingw32/nios2-elf/lib\libc.a(lib_a-locale.o)
                0x0000000020025718                __locale_mb_cur_max
 .text.__locale_msgcharset
                0x0000000020025728        0xc c:/apersonaldrive/intelfpga_lite/nios2eds/bin/gnu/h-x86_64-mingw32/bin/../lib/gcc/nios2-elf/5.3.0/../../../../../H-x86_64-mingw32/nios2-elf/lib\libc.a(lib_a-locale.o)
                0x0000000020025728                __locale_msgcharset
 .text.__locale_cjk_lang
                0x0000000020025734        0x8 c:/apersonaldrive/intelfpga_lite/nios2eds/bin/gnu/h-x86_64-mingw32/bin/../lib/gcc/nios2-elf/5.3.0/../../../../../H-x86_64-mingw32/nios2-elf/lib\libc.a(lib_a-locale.o)
                0x0000000020025734                __locale_cjk_lang
 .text._localeconv_r
                0x000000002002573c        0xc c:/apersonaldrive/intelfpga_lite/nios2eds/bin/gnu/h-x86_64-mingw32/bin/../lib/gcc/nios2-elf/5.3.0/../../../../../H-x86_64-mingw32/nios2-elf/lib\libc.a(lib_a-locale.o)
                0x000000002002573c                _localeconv_r
 .text.setlocale
                0x0000000020025748       0x18 c:/apersonaldrive/intelfpga_lite/nios2eds/bin/gnu/h-x86_64-mingw32/bin/../lib/gcc/nios2-elf/5.3.0/../../../../../H-x86_64-mingw32/nios2-elf/lib\libc.a(lib_a-locale.o)
                0x0000000020025748                setlocale
 .text.localeconv
                0x0000000020025760        0xc c:/apersonaldrive/intelfpga_lite/nios2eds/bin/gnu/h-x86_64-mingw32/bin/../lib/gcc/nios2-elf/5.3.0/../../../../../H-x86_64-mingw32/nios2-elf/lib\libc.a(lib_a-locale.o)
                0x0000000020025760                localeconv
 .text          0x000000002002576c        0x0 c:/apersonaldrive/intelfpga_lite/nios2eds/bin/gnu/h-x86_64-mingw32/bin/../lib/gcc/nios2-elf/5.3.0/../../../../../H-x86_64-mingw32/nios2-elf/lib\libc.a(lib_a-makebuf.o)
 .text.__smakebuf_r
                0x000000002002576c      0x1bc c:/apersonaldrive/intelfpga_lite/nios2eds/bin/gnu/h-x86_64-mingw32/bin/../lib/gcc/nios2-elf/5.3.0/../../../../../H-x86_64-mingw32/nios2-elf/lib\libc.a(lib_a-makebuf.o)
                0x000000002002576c                __smakebuf_r
 .text          0x0000000020025928        0x0 c:/apersonaldrive/intelfpga_lite/nios2eds/bin/gnu/h-x86_64-mingw32/bin/../lib/gcc/nios2-elf/5.3.0/../../../../../H-x86_64-mingw32/nios2-elf/lib\libc.a(lib_a-mallocr.o)
 .text._malloc_r
                0x0000000020025928      0x80c c:/apersonaldrive/intelfpga_lite/nios2eds/bin/gnu/h-x86_64-mingw32/bin/../lib/gcc/nios2-elf/5.3.0/../../../../../H-x86_64-mingw32/nios2-elf/lib\libc.a(lib_a-mallocr.o)
                0x0000000020025928                _malloc_r
 .text          0x0000000020026134        0x0 c:/apersonaldrive/intelfpga_lite/nios2eds/bin/gnu/h-x86_64-mingw32/bin/../lib/gcc/nios2-elf/5.3.0/../../../../../H-x86_64-mingw32/nios2-elf/lib\libc.a(lib_a-memchr.o)
 .text.memchr   0x0000000020026134       0xe4 c:/apersonaldrive/intelfpga_lite/nios2eds/bin/gnu/h-x86_64-mingw32/bin/../lib/gcc/nios2-elf/5.3.0/../../../../../H-x86_64-mingw32/nios2-elf/lib\libc.a(lib_a-memchr.o)
                0x0000000020026134                memchr
 .text          0x0000000020026218        0x0 c:/apersonaldrive/intelfpga_lite/nios2eds/bin/gnu/h-x86_64-mingw32/bin/../lib/gcc/nios2-elf/5.3.0/../../../../../H-x86_64-mingw32/nios2-elf/lib\libc.a(lib_a-memcpy.o)
 .text.memcpy   0x0000000020026218      0x148 c:/apersonaldrive/intelfpga_lite/nios2eds/bin/gnu/h-x86_64-mingw32/bin/../lib/gcc/nios2-elf/5.3.0/../../../../../H-x86_64-mingw32/nios2-elf/lib\libc.a(lib_a-memcpy.o)
                0x0000000020026218                memcpy
 .text          0x0000000020026360        0x0 c:/apersonaldrive/intelfpga_lite/nios2eds/bin/gnu/h-x86_64-mingw32/bin/../lib/gcc/nios2-elf/5.3.0/../../../../../H-x86_64-mingw32/nios2-elf/lib\libc.a(lib_a-memmove.o)
 .text.memmove  0x0000000020026360      0x15c c:/apersonaldrive/intelfpga_lite/nios2eds/bin/gnu/h-x86_64-mingw32/bin/../lib/gcc/nios2-elf/5.3.0/../../../../../H-x86_64-mingw32/nios2-elf/lib\libc.a(lib_a-memmove.o)
                0x0000000020026360                memmove
 .text          0x00000000200264bc        0x0 c:/apersonaldrive/intelfpga_lite/nios2eds/bin/gnu/h-x86_64-mingw32/bin/../lib/gcc/nios2-elf/5.3.0/../../../../../H-x86_64-mingw32/nios2-elf/lib\libc.a(lib_a-memset.o)
 .text.memset   0x00000000200264bc      0x128 c:/apersonaldrive/intelfpga_lite/nios2eds/bin/gnu/h-x86_64-mingw32/bin/../lib/gcc/nios2-elf/5.3.0/../../../../../H-x86_64-mingw32/nios2-elf/lib\libc.a(lib_a-memset.o)
                0x00000000200264bc                memset
 .text          0x00000000200265e4        0x0 c:/apersonaldrive/intelfpga_lite/nios2eds/bin/gnu/h-x86_64-mingw32/bin/../lib/gcc/nios2-elf/5.3.0/../../../../../H-x86_64-mingw32/nios2-elf/lib\libc.a(lib_a-mprec.o)
 .text._Balloc  0x00000000200265e4       0xa8 c:/apersonaldrive/intelfpga_lite/nios2eds/bin/gnu/h-x86_64-mingw32/bin/../lib/gcc/nios2-elf/5.3.0/../../../../../H-x86_64-mingw32/nios2-elf/lib\libc.a(lib_a-mprec.o)
                0x00000000200265e4                _Balloc
 .text._Bfree   0x000000002002668c       0x28 c:/apersonaldrive/intelfpga_lite/nios2eds/bin/gnu/h-x86_64-mingw32/bin/../lib/gcc/nios2-elf/5.3.0/../../../../../H-x86_64-mingw32/nios2-elf/lib\libc.a(lib_a-mprec.o)
                0x000000002002668c                _Bfree
 .text.__multadd
                0x00000000200266b4      0x120 c:/apersonaldrive/intelfpga_lite/nios2eds/bin/gnu/h-x86_64-mingw32/bin/../lib/gcc/nios2-elf/5.3.0/../../../../../H-x86_64-mingw32/nios2-elf/lib\libc.a(lib_a-mprec.o)
                0x00000000200266b4                __multadd
 .text.__s2b    0x00000000200267d4      0x104 c:/apersonaldrive/intelfpga_lite/nios2eds/bin/gnu/h-x86_64-mingw32/bin/../lib/gcc/nios2-elf/5.3.0/../../../../../H-x86_64-mingw32/nios2-elf/lib\libc.a(lib_a-mprec.o)
                0x00000000200267d4                __s2b
 .text.__hi0bits
                0x00000000200268d8       0x68 c:/apersonaldrive/intelfpga_lite/nios2eds/bin/gnu/h-x86_64-mingw32/bin/../lib/gcc/nios2-elf/5.3.0/../../../../../H-x86_64-mingw32/nios2-elf/lib\libc.a(lib_a-mprec.o)
                0x00000000200268d8                __hi0bits
 .text.__lo0bits
                0x0000000020026940       0xb0 c:/apersonaldrive/intelfpga_lite/nios2eds/bin/gnu/h-x86_64-mingw32/bin/../lib/gcc/nios2-elf/5.3.0/../../../../../H-x86_64-mingw32/nios2-elf/lib\libc.a(lib_a-mprec.o)
                0x0000000020026940                __lo0bits
 .text.__i2b    0x00000000200269f0       0x3c c:/apersonaldrive/intelfpga_lite/nios2eds/bin/gnu/h-x86_64-mingw32/bin/../lib/gcc/nios2-elf/5.3.0/../../../../../H-x86_64-mingw32/nios2-elf/lib\libc.a(lib_a-mprec.o)
                0x00000000200269f0                __i2b
 .text.__multiply
                0x0000000020026a2c      0x1f8 c:/apersonaldrive/intelfpga_lite/nios2eds/bin/gnu/h-x86_64-mingw32/bin/../lib/gcc/nios2-elf/5.3.0/../../../../../H-x86_64-mingw32/nios2-elf/lib\libc.a(lib_a-mprec.o)
                0x0000000020026a2c                __multiply
 .text.__pow5mult
                0x0000000020026c24      0x140 c:/apersonaldrive/intelfpga_lite/nios2eds/bin/gnu/h-x86_64-mingw32/bin/../lib/gcc/nios2-elf/5.3.0/../../../../../H-x86_64-mingw32/nios2-elf/lib\libc.a(lib_a-mprec.o)
                0x0000000020026c24                __pow5mult
 .text.__lshift
                0x0000000020026d64      0x148 c:/apersonaldrive/intelfpga_lite/nios2eds/bin/gnu/h-x86_64-mingw32/bin/../lib/gcc/nios2-elf/5.3.0/../../../../../H-x86_64-mingw32/nios2-elf/lib\libc.a(lib_a-mprec.o)
                0x0000000020026d64                __lshift
 .text.__mcmp   0x0000000020026eac       0x60 c:/apersonaldrive/intelfpga_lite/nios2eds/bin/gnu/h-x86_64-mingw32/bin/../lib/gcc/nios2-elf/5.3.0/../../../../../H-x86_64-mingw32/nios2-elf/lib\libc.a(lib_a-mprec.o)
                0x0000000020026eac                __mcmp
 .text.__mdiff  0x0000000020026f0c      0x1fc c:/apersonaldrive/intelfpga_lite/nios2eds/bin/gnu/h-x86_64-mingw32/bin/../lib/gcc/nios2-elf/5.3.0/../../../../../H-x86_64-mingw32/nios2-elf/lib\libc.a(lib_a-mprec.o)
                0x0000000020026f0c                __mdiff
 .text.__ulp    0x0000000020027108       0x64 c:/apersonaldrive/intelfpga_lite/nios2eds/bin/gnu/h-x86_64-mingw32/bin/../lib/gcc/nios2-elf/5.3.0/../../../../../H-x86_64-mingw32/nios2-elf/lib\libc.a(lib_a-mprec.o)
                0x0000000020027108                __ulp
 .text.__b2d    0x000000002002716c      0x10c c:/apersonaldrive/intelfpga_lite/nios2eds/bin/gnu/h-x86_64-mingw32/bin/../lib/gcc/nios2-elf/5.3.0/../../../../../H-x86_64-mingw32/nios2-elf/lib\libc.a(lib_a-mprec.o)
                0x000000002002716c                __b2d
 .text.__d2b    0x0000000020027278      0x14c c:/apersonaldrive/intelfpga_lite/nios2eds/bin/gnu/h-x86_64-mingw32/bin/../lib/gcc/nios2-elf/5.3.0/../../../../../H-x86_64-mingw32/nios2-elf/lib\libc.a(lib_a-mprec.o)
                0x0000000020027278                __d2b
 .text.__ratio  0x00000000200273c4       0xa4 c:/apersonaldrive/intelfpga_lite/nios2eds/bin/gnu/h-x86_64-mingw32/bin/../lib/gcc/nios2-elf/5.3.0/../../../../../H-x86_64-mingw32/nios2-elf/lib\libc.a(lib_a-mprec.o)
                0x00000000200273c4                __ratio
 .text._mprec_log10
                0x0000000020027468       0x74 c:/apersonaldrive/intelfpga_lite/nios2eds/bin/gnu/h-x86_64-mingw32/bin/../lib/gcc/nios2-elf/5.3.0/../../../../../H-x86_64-mingw32/nios2-elf/lib\libc.a(lib_a-mprec.o)
                0x0000000020027468                _mprec_log10
 .text.__copybits
                0x00000000200274dc       0x78 c:/apersonaldrive/intelfpga_lite/nios2eds/bin/gnu/h-x86_64-mingw32/bin/../lib/gcc/nios2-elf/5.3.0/../../../../../H-x86_64-mingw32/nios2-elf/lib\libc.a(lib_a-mprec.o)
                0x00000000200274dc                __copybits
 .text.__any_on
                0x0000000020027554       0x8c c:/apersonaldrive/intelfpga_lite/nios2eds/bin/gnu/h-x86_64-mingw32/bin/../lib/gcc/nios2-elf/5.3.0/../../../../../H-x86_64-mingw32/nios2-elf/lib\libc.a(lib_a-mprec.o)
                0x0000000020027554                __any_on
 .text          0x00000000200275e0        0x0 c:/apersonaldrive/intelfpga_lite/nios2eds/bin/gnu/h-x86_64-mingw32/bin/../lib/gcc/nios2-elf/5.3.0/../../../../../H-x86_64-mingw32/nios2-elf/lib\libc.a(lib_a-putc.o)
 .text._putc_r  0x00000000200275e0       0xa0 c:/apersonaldrive/intelfpga_lite/nios2eds/bin/gnu/h-x86_64-mingw32/bin/../lib/gcc/nios2-elf/5.3.0/../../../../../H-x86_64-mingw32/nios2-elf/lib\libc.a(lib_a-putc.o)
                0x00000000200275e0                _putc_r
 .text.putc     0x0000000020027680       0xc8 c:/apersonaldrive/intelfpga_lite/nios2eds/bin/gnu/h-x86_64-mingw32/bin/../lib/gcc/nios2-elf/5.3.0/../../../../../H-x86_64-mingw32/nios2-elf/lib\libc.a(lib_a-putc.o)
                0x0000000020027680                putc
 .text          0x0000000020027748        0x0 c:/apersonaldrive/intelfpga_lite/nios2eds/bin/gnu/h-x86_64-mingw32/bin/../lib/gcc/nios2-elf/5.3.0/../../../../../H-x86_64-mingw32/nios2-elf/lib\libc.a(lib_a-reallocr.o)
 .text._realloc_r
                0x0000000020027748      0x564 c:/apersonaldrive/intelfpga_lite/nios2eds/bin/gnu/h-x86_64-mingw32/bin/../lib/gcc/nios2-elf/5.3.0/../../../../../H-x86_64-mingw32/nios2-elf/lib\libc.a(lib_a-reallocr.o)
                0x0000000020027748                _realloc_r
 .text          0x0000000020027cac        0x0 c:/apersonaldrive/intelfpga_lite/nios2eds/bin/gnu/h-x86_64-mingw32/bin/../lib/gcc/nios2-elf/5.3.0/../../../../../H-x86_64-mingw32/nios2-elf/lib\libc.a(lib_a-s_fpclassify.o)
 .text.__fpclassifyd
                0x0000000020027cac       0x74 c:/apersonaldrive/intelfpga_lite/nios2eds/bin/gnu/h-x86_64-mingw32/bin/../lib/gcc/nios2-elf/5.3.0/../../../../../H-x86_64-mingw32/nios2-elf/lib\libc.a(lib_a-s_fpclassify.o)
                0x0000000020027cac                __fpclassifyd
 .text          0x0000000020027d20        0x0 c:/apersonaldrive/intelfpga_lite/nios2eds/bin/gnu/h-x86_64-mingw32/bin/../lib/gcc/nios2-elf/5.3.0/../../../../../H-x86_64-mingw32/nios2-elf/lib\libc.a(lib_a-sbrkr.o)
 .text._sbrk_r  0x0000000020027d20       0x54 c:/apersonaldrive/intelfpga_lite/nios2eds/bin/gnu/h-x86_64-mingw32/bin/../lib/gcc/nios2-elf/5.3.0/../../../../../H-x86_64-mingw32/nios2-elf/lib\libc.a(lib_a-sbrkr.o)
                0x0000000020027d20                _sbrk_r
 .text          0x0000000020027d74        0x0 c:/apersonaldrive/intelfpga_lite/nios2eds/bin/gnu/h-x86_64-mingw32/bin/../lib/gcc/nios2-elf/5.3.0/../../../../../H-x86_64-mingw32/nios2-elf/lib\libc.a(lib_a-stdio.o)
 .text.__sread  0x0000000020027d74       0x54 c:/apersonaldrive/intelfpga_lite/nios2eds/bin/gnu/h-x86_64-mingw32/bin/../lib/gcc/nios2-elf/5.3.0/../../../../../H-x86_64-mingw32/nios2-elf/lib\libc.a(lib_a-stdio.o)
                0x0000000020027d74                __sread
 .text.__seofread
                0x0000000020027dc8        0x8 c:/apersonaldrive/intelfpga_lite/nios2eds/bin/gnu/h-x86_64-mingw32/bin/../lib/gcc/nios2-elf/5.3.0/../../../../../H-x86_64-mingw32/nios2-elf/lib\libc.a(lib_a-stdio.o)
                0x0000000020027dc8                __seofread
 .text.__swrite
                0x0000000020027dd0       0x7c c:/apersonaldrive/intelfpga_lite/nios2eds/bin/gnu/h-x86_64-mingw32/bin/../lib/gcc/nios2-elf/5.3.0/../../../../../H-x86_64-mingw32/nios2-elf/lib\libc.a(lib_a-stdio.o)
                0x0000000020027dd0                __swrite
 .text.__sseek  0x0000000020027e4c       0x5c c:/apersonaldrive/intelfpga_lite/nios2eds/bin/gnu/h-x86_64-mingw32/bin/../lib/gcc/nios2-elf/5.3.0/../../../../../H-x86_64-mingw32/nios2-elf/lib\libc.a(lib_a-stdio.o)
                0x0000000020027e4c                __sseek
 .text.__sclose
                0x0000000020027ea8        0x8 c:/apersonaldrive/intelfpga_lite/nios2eds/bin/gnu/h-x86_64-mingw32/bin/../lib/gcc/nios2-elf/5.3.0/../../../../../H-x86_64-mingw32/nios2-elf/lib\libc.a(lib_a-stdio.o)
                0x0000000020027ea8                __sclose
 .text          0x0000000020027eb0        0x0 c:/apersonaldrive/intelfpga_lite/nios2eds/bin/gnu/h-x86_64-mingw32/bin/../lib/gcc/nios2-elf/5.3.0/../../../../../H-x86_64-mingw32/nios2-elf/lib\libc.a(lib_a-strcmp.o)
 .text.strcmp   0x0000000020027eb0       0xdc c:/apersonaldrive/intelfpga_lite/nios2eds/bin/gnu/h-x86_64-mingw32/bin/../lib/gcc/nios2-elf/5.3.0/../../../../../H-x86_64-mingw32/nios2-elf/lib\libc.a(lib_a-strcmp.o)
                0x0000000020027eb0                strcmp
 .text          0x0000000020027f8c        0x0 c:/apersonaldrive/intelfpga_lite/nios2eds/bin/gnu/h-x86_64-mingw32/bin/../lib/gcc/nios2-elf/5.3.0/../../../../../H-x86_64-mingw32/nios2-elf/lib\libc.a(lib_a-vfiprintf.o)
 .text.__sprint_r.part.0
                0x0000000020027f8c       0xfc c:/apersonaldrive/intelfpga_lite/nios2eds/bin/gnu/h-x86_64-mingw32/bin/../lib/gcc/nios2-elf/5.3.0/../../../../../H-x86_64-mingw32/nios2-elf/lib\libc.a(lib_a-vfiprintf.o)
 .text.__sprint_r
                0x0000000020028088       0x18 c:/apersonaldrive/intelfpga_lite/nios2eds/bin/gnu/h-x86_64-mingw32/bin/../lib/gcc/nios2-elf/5.3.0/../../../../../H-x86_64-mingw32/nios2-elf/lib\libc.a(lib_a-vfiprintf.o)
                0x0000000020028088                __sprint_r
 .text.___vfiprintf_internal_r
                0x00000000200280a0     0x145c c:/apersonaldrive/intelfpga_lite/nios2eds/bin/gnu/h-x86_64-mingw32/bin/../lib/gcc/nios2-elf/5.3.0/../../../../../H-x86_64-mingw32/nios2-elf/lib\libc.a(lib_a-vfiprintf.o)
                0x00000000200280a0                ___vfiprintf_internal_r
 .text.__vfiprintf_internal
                0x00000000200294fc       0x1c c:/apersonaldrive/intelfpga_lite/nios2eds/bin/gnu/h-x86_64-mingw32/bin/../lib/gcc/nios2-elf/5.3.0/../../../../../H-x86_64-mingw32/nios2-elf/lib\libc.a(lib_a-vfiprintf.o)
                0x00000000200294fc                __vfiprintf_internal
 .text.__sbprintf
                0x0000000020029518       0xbc c:/apersonaldrive/intelfpga_lite/nios2eds/bin/gnu/h-x86_64-mingw32/bin/../lib/gcc/nios2-elf/5.3.0/../../../../../H-x86_64-mingw32/nios2-elf/lib\libc.a(lib_a-vfiprintf.o)
 .text          0x00000000200295d4        0x0 c:/apersonaldrive/intelfpga_lite/nios2eds/bin/gnu/h-x86_64-mingw32/bin/../lib/gcc/nios2-elf/5.3.0/../../../../../H-x86_64-mingw32/nios2-elf/lib\libc.a(lib_a-wbuf.o)
 .text.__swbuf_r
                0x00000000200295d4      0x140 c:/apersonaldrive/intelfpga_lite/nios2eds/bin/gnu/h-x86_64-mingw32/bin/../lib/gcc/nios2-elf/5.3.0/../../../../../H-x86_64-mingw32/nios2-elf/lib\libc.a(lib_a-wbuf.o)
                0x00000000200295d4                __swbuf_r
 .text.__swbuf  0x0000000020029714       0x18 c:/apersonaldrive/intelfpga_lite/nios2eds/bin/gnu/h-x86_64-mingw32/bin/../lib/gcc/nios2-elf/5.3.0/../../../../../H-x86_64-mingw32/nios2-elf/lib\libc.a(lib_a-wbuf.o)
                0x0000000020029714                __swbuf
 .text          0x000000002002972c        0x0 c:/apersonaldrive/intelfpga_lite/nios2eds/bin/gnu/h-x86_64-mingw32/bin/../lib/gcc/nios2-elf/5.3.0/../../../../../H-x86_64-mingw32/nios2-elf/lib\libc.a(lib_a-writer.o)
 .text._write_r
                0x000000002002972c       0x60 c:/apersonaldrive/intelfpga_lite/nios2eds/bin/gnu/h-x86_64-mingw32/bin/../lib/gcc/nios2-elf/5.3.0/../../../../../H-x86_64-mingw32/nios2-elf/lib\libc.a(lib_a-writer.o)
                0x000000002002972c                _write_r
 .text          0x000000002002978c        0x0 c:/apersonaldrive/intelfpga_lite/nios2eds/bin/gnu/h-x86_64-mingw32/bin/../lib/gcc/nios2-elf/5.3.0/../../../../../H-x86_64-mingw32/nios2-elf/lib\libc.a(closer.o)
 .text._close_r
                0x000000002002978c       0x54 c:/apersonaldrive/intelfpga_lite/nios2eds/bin/gnu/h-x86_64-mingw32/bin/../lib/gcc/nios2-elf/5.3.0/../../../../../H-x86_64-mingw32/nios2-elf/lib\libc.a(closer.o)
                0x000000002002978c                _close_r
 .text          0x00000000200297e0        0x0 c:/apersonaldrive/intelfpga_lite/nios2eds/bin/gnu/h-x86_64-mingw32/bin/../lib/gcc/nios2-elf/5.3.0/../../../../../H-x86_64-mingw32/nios2-elf/lib\libc.a(lib_a-callocr.o)
 .text._calloc_r
                0x00000000200297e0       0xc4 c:/apersonaldrive/intelfpga_lite/nios2eds/bin/gnu/h-x86_64-mingw32/bin/../lib/gcc/nios2-elf/5.3.0/../../../../../H-x86_64-mingw32/nios2-elf/lib\libc.a(lib_a-callocr.o)
                0x00000000200297e0                _calloc_r
 .text          0x00000000200298a4        0x0 c:/apersonaldrive/intelfpga_lite/nios2eds/bin/gnu/h-x86_64-mingw32/bin/../lib/gcc/nios2-elf/5.3.0/../../../../../H-x86_64-mingw32/nios2-elf/lib\libc.a(lib_a-fclose.o)
 .text._fclose_r
                0x00000000200298a4       0xf0 c:/apersonaldrive/intelfpga_lite/nios2eds/bin/gnu/h-x86_64-mingw32/bin/../lib/gcc/nios2-elf/5.3.0/../../../../../H-x86_64-mingw32/nios2-elf/lib\libc.a(lib_a-fclose.o)
                0x00000000200298a4                _fclose_r
 .text.fclose   0x0000000020029994       0x14 c:/apersonaldrive/intelfpga_lite/nios2eds/bin/gnu/h-x86_64-mingw32/bin/../lib/gcc/nios2-elf/5.3.0/../../../../../H-x86_64-mingw32/nios2-elf/lib\libc.a(lib_a-fclose.o)
                0x0000000020029994                fclose
 .text          0x00000000200299a8        0x0 c:/apersonaldrive/intelfpga_lite/nios2eds/bin/gnu/h-x86_64-mingw32/bin/../lib/gcc/nios2-elf/5.3.0/../../../../../H-x86_64-mingw32/nios2-elf/lib\libc.a(lib_a-fputwc.o)
 .text.__fputwc
                0x00000000200299a8      0x164 c:/apersonaldrive/intelfpga_lite/nios2eds/bin/gnu/h-x86_64-mingw32/bin/../lib/gcc/nios2-elf/5.3.0/../../../../../H-x86_64-mingw32/nios2-elf/lib\libc.a(lib_a-fputwc.o)
                0x00000000200299a8                __fputwc
 .text._fputwc_r
                0x0000000020029b0c       0x24 c:/apersonaldrive/intelfpga_lite/nios2eds/bin/gnu/h-x86_64-mingw32/bin/../lib/gcc/nios2-elf/5.3.0/../../../../../H-x86_64-mingw32/nios2-elf/lib\libc.a(lib_a-fputwc.o)
                0x0000000020029b0c                _fputwc_r
 .text.fputwc   0x0000000020029b30       0x80 c:/apersonaldrive/intelfpga_lite/nios2eds/bin/gnu/h-x86_64-mingw32/bin/../lib/gcc/nios2-elf/5.3.0/../../../../../H-x86_64-mingw32/nios2-elf/lib\libc.a(lib_a-fputwc.o)
                0x0000000020029b30                fputwc
 .text          0x0000000020029bb0        0x0 c:/apersonaldrive/intelfpga_lite/nios2eds/bin/gnu/h-x86_64-mingw32/bin/../lib/gcc/nios2-elf/5.3.0/../../../../../H-x86_64-mingw32/nios2-elf/lib\libc.a(lib_a-fstatr.o)
 .text._fstat_r
                0x0000000020029bb0       0x5c c:/apersonaldrive/intelfpga_lite/nios2eds/bin/gnu/h-x86_64-mingw32/bin/../lib/gcc/nios2-elf/5.3.0/../../../../../H-x86_64-mingw32/nios2-elf/lib\libc.a(lib_a-fstatr.o)
                0x0000000020029bb0                _fstat_r
 .text          0x0000000020029c0c        0x0 c:/apersonaldrive/intelfpga_lite/nios2eds/bin/gnu/h-x86_64-mingw32/bin/../lib/gcc/nios2-elf/5.3.0/../../../../../H-x86_64-mingw32/nios2-elf/lib\libc.a(lib_a-int_errno.o)
 .text          0x0000000020029c0c        0x0 c:/apersonaldrive/intelfpga_lite/nios2eds/bin/gnu/h-x86_64-mingw32/bin/../lib/gcc/nios2-elf/5.3.0/../../../../../H-x86_64-mingw32/nios2-elf/lib\libc.a(lib_a-isattyr.o)
 .text._isatty_r
                0x0000000020029c0c       0x54 c:/apersonaldrive/intelfpga_lite/nios2eds/bin/gnu/h-x86_64-mingw32/bin/../lib/gcc/nios2-elf/5.3.0/../../../../../H-x86_64-mingw32/nios2-elf/lib\libc.a(lib_a-isattyr.o)
                0x0000000020029c0c                _isatty_r
 .text          0x0000000020029c60        0x0 c:/apersonaldrive/intelfpga_lite/nios2eds/bin/gnu/h-x86_64-mingw32/bin/../lib/gcc/nios2-elf/5.3.0/../../../../../H-x86_64-mingw32/nios2-elf/lib\libc.a(lib_a-lseekr.o)
 .text._lseek_r
                0x0000000020029c60       0x60 c:/apersonaldrive/intelfpga_lite/nios2eds/bin/gnu/h-x86_64-mingw32/bin/../lib/gcc/nios2-elf/5.3.0/../../../../../H-x86_64-mingw32/nios2-elf/lib\libc.a(lib_a-lseekr.o)
                0x0000000020029c60                _lseek_r
 .text          0x0000000020029cc0        0x0 c:/apersonaldrive/intelfpga_lite/nios2eds/bin/gnu/h-x86_64-mingw32/bin/../lib/gcc/nios2-elf/5.3.0/../../../../../H-x86_64-mingw32/nios2-elf/lib\libc.a(lib_a-readr.o)
 .text._read_r  0x0000000020029cc0       0x60 c:/apersonaldrive/intelfpga_lite/nios2eds/bin/gnu/h-x86_64-mingw32/bin/../lib/gcc/nios2-elf/5.3.0/../../../../../H-x86_64-mingw32/nios2-elf/lib\libc.a(lib_a-readr.o)
                0x0000000020029cc0                _read_r
 .text          0x0000000020029d20        0x0 c:/apersonaldrive/intelfpga_lite/nios2eds/bin/gnu/h-x86_64-mingw32/bin/../lib/gcc/nios2-elf/5.3.0/../../../../../H-x86_64-mingw32/nios2-elf/lib\libc.a(lib_a-wcrtomb.o)
 .text._wcrtomb_r
                0x0000000020029d20       0x9c c:/apersonaldrive/intelfpga_lite/nios2eds/bin/gnu/h-x86_64-mingw32/bin/../lib/gcc/nios2-elf/5.3.0/../../../../../H-x86_64-mingw32/nios2-elf/lib\libc.a(lib_a-wcrtomb.o)
                0x0000000020029d20                _wcrtomb_r
 .text.wcrtomb  0x0000000020029dbc       0xc0 c:/apersonaldrive/intelfpga_lite/nios2eds/bin/gnu/h-x86_64-mingw32/bin/../lib/gcc/nios2-elf/5.3.0/../../../../../H-x86_64-mingw32/nios2-elf/lib\libc.a(lib_a-wcrtomb.o)
                0x0000000020029dbc                wcrtomb
 .text          0x0000000020029e7c        0x0 c:/apersonaldrive/intelfpga_lite/nios2eds/bin/gnu/h-x86_64-mingw32/bin/../lib/gcc/nios2-elf/5.3.0/../../../../../H-x86_64-mingw32/nios2-elf/lib\libc.a(lib_a-wctomb_r.o)
 .text.__ascii_wctomb
                0x0000000020029e7c       0x30 c:/apersonaldrive/intelfpga_lite/nios2eds/bin/gnu/h-x86_64-mingw32/bin/../lib/gcc/nios2-elf/5.3.0/../../../../../H-x86_64-mingw32/nios2-elf/lib\libc.a(lib_a-wctomb_r.o)
                0x0000000020029e7c                __ascii_wctomb
 .text._wctomb_r
                0x0000000020029eac       0x5c c:/apersonaldrive/intelfpga_lite/nios2eds/bin/gnu/h-x86_64-mingw32/bin/../lib/gcc/nios2-elf/5.3.0/../../../../../H-x86_64-mingw32/nios2-elf/lib\libc.a(lib_a-wctomb_r.o)
                0x0000000020029eac                _wctomb_r
 .text          0x0000000020029f08      0x578 c:/apersonaldrive/intelfpga_lite/nios2eds/bin/gnu/h-x86_64-mingw32/bin/../lib/gcc/nios2-elf/5.3.0\libgcc.a(_udivdi3.o)
                0x0000000020029f08                __udivdi3
 .text          0x000000002002a480      0x538 c:/apersonaldrive/intelfpga_lite/nios2eds/bin/gnu/h-x86_64-mingw32/bin/../lib/gcc/nios2-elf/5.3.0\libgcc.a(_umoddi3.o)
                0x000000002002a480                __umoddi3
 .text          0x000000002002a9b8      0x1b4 c:/apersonaldrive/intelfpga_lite/nios2eds/bin/gnu/h-x86_64-mingw32/bin/../lib/gcc/nios2-elf/5.3.0\libgcc.a(lib2-divmod.o)
                0x000000002002a9b8                __divsi3
                0x000000002002aa3c                __modsi3
                0x000000002002aab0                __udivsi3
                0x000000002002ab14                __umodsi3
 .text          0x000000002002ab6c      0x8ac c:/apersonaldrive/intelfpga_lite/nios2eds/bin/gnu/h-x86_64-mingw32/bin/../lib/gcc/nios2-elf/5.3.0\libgcc.a(adddf3.o)
                0x000000002002ab6c                __adddf3
 .text          0x000000002002b418      0x8e8 c:/apersonaldrive/intelfpga_lite/nios2eds/bin/gnu/h-x86_64-mingw32/bin/../lib/gcc/nios2-elf/5.3.0\libgcc.a(divdf3.o)
                0x000000002002b418                __divdf3
 .text          0x000000002002bd00       0x88 c:/apersonaldrive/intelfpga_lite/nios2eds/bin/gnu/h-x86_64-mingw32/bin/../lib/gcc/nios2-elf/5.3.0\libgcc.a(eqdf2.o)
                0x000000002002bd00                __nedf2
                0x000000002002bd00                __eqdf2
 .text          0x000000002002bd88       0xdc c:/apersonaldrive/intelfpga_lite/nios2eds/bin/gnu/h-x86_64-mingw32/bin/../lib/gcc/nios2-elf/5.3.0\libgcc.a(gedf2.o)
                0x000000002002bd88                __gedf2
                0x000000002002bd88                __gtdf2
 .text          0x000000002002be64       0xf4 c:/apersonaldrive/intelfpga_lite/nios2eds/bin/gnu/h-x86_64-mingw32/bin/../lib/gcc/nios2-elf/5.3.0\libgcc.a(ledf2.o)
                0x000000002002be64                __ledf2
                0x000000002002be64                __ltdf2
 .text          0x000000002002bf58      0x718 c:/apersonaldrive/intelfpga_lite/nios2eds/bin/gnu/h-x86_64-mingw32/bin/../lib/gcc/nios2-elf/5.3.0\libgcc.a(muldf3.o)
                0x000000002002bf58                __muldf3
 .text          0x000000002002c670      0x8fc c:/apersonaldrive/intelfpga_lite/nios2eds/bin/gnu/h-x86_64-mingw32/bin/../lib/gcc/nios2-elf/5.3.0\libgcc.a(subdf3.o)
                0x000000002002c670                __subdf3
 .text          0x000000002002cf6c       0x80 c:/apersonaldrive/intelfpga_lite/nios2eds/bin/gnu/h-x86_64-mingw32/bin/../lib/gcc/nios2-elf/5.3.0\libgcc.a(fixdfsi.o)
                0x000000002002cf6c                __fixdfsi
 .text          0x000000002002cfec       0xdc c:/apersonaldrive/intelfpga_lite/nios2eds/bin/gnu/h-x86_64-mingw32/bin/../lib/gcc/nios2-elf/5.3.0\libgcc.a(floatsidf.o)
                0x000000002002cfec                __floatsidf
 .text          0x000000002002d0c8       0xa8 c:/apersonaldrive/intelfpga_lite/nios2eds/bin/gnu/h-x86_64-mingw32/bin/../lib/gcc/nios2-elf/5.3.0\libgcc.a(floatunsidf.o)
                0x000000002002d0c8                __floatunsidf
 .text          0x000000002002d170        0x0 c:/apersonaldrive/intelfpga_lite/nios2eds/bin/gnu/h-x86_64-mingw32/bin/../lib/gcc/nios2-elf/5.3.0\libgcc.a(_clz.o)
 .text          0x000000002002d170       0x64 c:/apersonaldrive/intelfpga_lite/nios2eds/bin/gnu/h-x86_64-mingw32/bin/../lib/gcc/nios2-elf/5.3.0\libgcc.a(_clzsi2.o)
                0x000000002002d170                __clzsi2
 .text          0x000000002002d1d4      0x10c C:/Users/24833/Desktop/FPGA/lab3_multiprocessor/sdram_instrCacheEnabled_dataCacheEnabled/sw/sub_cpu_1_bsp/\libhal_bsp.a(alt_close.o)
                0x000000002002d210                close
 .text          0x000000002002d2e0       0x48 C:/Users/24833/Desktop/FPGA/lab3_multiprocessor/sdram_instrCacheEnabled_dataCacheEnabled/sw/sub_cpu_1_bsp/\libhal_bsp.a(alt_dcache_flush_all.o)
                0x000000002002d2e0                alt_dcache_flush_all
 .text          0x000000002002d328       0x2c C:/Users/24833/Desktop/FPGA/lab3_multiprocessor/sdram_instrCacheEnabled_dataCacheEnabled/sw/sub_cpu_1_bsp/\libhal_bsp.a(alt_dev.o)
 .text          0x000000002002d354        0x0 C:/Users/24833/Desktop/FPGA/lab3_multiprocessor/sdram_instrCacheEnabled_dataCacheEnabled/sw/sub_cpu_1_bsp/\libhal_bsp.a(alt_errno.o)
 .text          0x000000002002d354       0xec C:/Users/24833/Desktop/FPGA/lab3_multiprocessor/sdram_instrCacheEnabled_dataCacheEnabled/sw/sub_cpu_1_bsp/\libhal_bsp.a(alt_fstat.o)
                0x000000002002d390                fstat
 .text          0x000000002002d440       0xe0 C:/Users/24833/Desktop/FPGA/lab3_multiprocessor/sdram_instrCacheEnabled_dataCacheEnabled/sw/sub_cpu_1_bsp/\libhal_bsp.a(alt_isatty.o)
                0x000000002002d47c                isatty
 .text          0x000000002002d520       0xec C:/Users/24833/Desktop/FPGA/lab3_multiprocessor/sdram_instrCacheEnabled_dataCacheEnabled/sw/sub_cpu_1_bsp/\libhal_bsp.a(alt_load.o)
                0x000000002002d588                alt_load
 .text          0x000000002002d60c      0x110 C:/Users/24833/Desktop/FPGA/lab3_multiprocessor/sdram_instrCacheEnabled_dataCacheEnabled/sw/sub_cpu_1_bsp/\libhal_bsp.a(alt_lseek.o)
                0x000000002002d648                lseek
 .text          0x000000002002d71c       0x7c C:/Users/24833/Desktop/FPGA/lab3_multiprocessor/sdram_instrCacheEnabled_dataCacheEnabled/sw/sub_cpu_1_bsp/\libhal_bsp.a(alt_main.o)
                0x000000002002d71c                alt_main
 .text          0x000000002002d798       0x48 C:/Users/24833/Desktop/FPGA/lab3_multiprocessor/sdram_instrCacheEnabled_dataCacheEnabled/sw/sub_cpu_1_bsp/\libhal_bsp.a(alt_malloc_lock.o)
                0x000000002002d798                __malloc_lock
                0x000000002002d7bc                __malloc_unlock
 .text          0x000000002002d7e0      0x138 C:/Users/24833/Desktop/FPGA/lab3_multiprocessor/sdram_instrCacheEnabled_dataCacheEnabled/sw/sub_cpu_1_bsp/\libhal_bsp.a(alt_read.o)
                0x000000002002d81c                read
 .text          0x000000002002d918       0x64 C:/Users/24833/Desktop/FPGA/lab3_multiprocessor/sdram_instrCacheEnabled_dataCacheEnabled/sw/sub_cpu_1_bsp/\libhal_bsp.a(alt_release_fd.o)
                0x000000002002d918                alt_release_fd
 .text          0x000000002002d97c       0xb0 C:/Users/24833/Desktop/FPGA/lab3_multiprocessor/sdram_instrCacheEnabled_dataCacheEnabled/sw/sub_cpu_1_bsp/\libhal_bsp.a(alt_sbrk.o)
                0x000000002002d97c                sbrk
 .text          0x000000002002da2c       0x30 C:/Users/24833/Desktop/FPGA/lab3_multiprocessor/sdram_instrCacheEnabled_dataCacheEnabled/sw/sub_cpu_1_bsp/\libhal_bsp.a(alt_usleep.o)
                0x000000002002da2c                usleep
 .text          0x000000002002da5c      0x134 C:/Users/24833/Desktop/FPGA/lab3_multiprocessor/sdram_instrCacheEnabled_dataCacheEnabled/sw/sub_cpu_1_bsp/\libhal_bsp.a(alt_write.o)
                0x000000002002da98                write
 .text          0x000000002002db90      0x1a4 C:/Users/24833/Desktop/FPGA/lab3_multiprocessor/sdram_instrCacheEnabled_dataCacheEnabled/sw/sub_cpu_1_bsp/\libhal_bsp.a(alt_sys_init.o)
                0x000000002002dc68                alt_irq_init
                0x000000002002dca0                alt_sys_init
 .text          0x000000002002dd34      0x164 C:/Users/24833/Desktop/FPGA/lab3_multiprocessor/sdram_instrCacheEnabled_dataCacheEnabled/sw/sub_cpu_1_bsp/\libhal_bsp.a(altera_avalon_jtag_uart_fd.o)
                0x000000002002dd34                altera_avalon_jtag_uart_read_fd
                0x000000002002dd94                altera_avalon_jtag_uart_write_fd
                0x000000002002ddf4                altera_avalon_jtag_uart_close_fd
                0x000000002002de44                altera_avalon_jtag_uart_ioctl_fd
 .text          0x000000002002de98      0x3d4 C:/Users/24833/Desktop/FPGA/lab3_multiprocessor/sdram_instrCacheEnabled_dataCacheEnabled/sw/sub_cpu_1_bsp/\libhal_bsp.a(altera_avalon_jtag_uart_init.o)
                0x000000002002de98                altera_avalon_jtag_uart_init
                0x000000002002e204                altera_avalon_jtag_uart_close
 .text          0x000000002002e26c       0xf0 C:/Users/24833/Desktop/FPGA/lab3_multiprocessor/sdram_instrCacheEnabled_dataCacheEnabled/sw/sub_cpu_1_bsp/\libhal_bsp.a(altera_avalon_jtag_uart_ioctl.o)
                0x000000002002e26c                altera_avalon_jtag_uart_ioctl
 .text          0x000000002002e35c      0x21c C:/Users/24833/Desktop/FPGA/lab3_multiprocessor/sdram_instrCacheEnabled_dataCacheEnabled/sw/sub_cpu_1_bsp/\libhal_bsp.a(altera_avalon_jtag_uart_read.o)
                0x000000002002e35c                altera_avalon_jtag_uart_read
 .text          0x000000002002e578      0x224 C:/Users/24833/Desktop/FPGA/lab3_multiprocessor/sdram_instrCacheEnabled_dataCacheEnabled/sw/sub_cpu_1_bsp/\libhal_bsp.a(altera_avalon_jtag_uart_write.o)
                0x000000002002e578                altera_avalon_jtag_uart_write
 .text          0x000000002002e79c      0x960 C:/Users/24833/Desktop/FPGA/lab3_multiprocessor/sdram_instrCacheEnabled_dataCacheEnabled/sw/sub_cpu_1_bsp/\libhal_bsp.a(altera_avalon_mailbox_simple.o)
                0x000000002002ea84                altera_avalon_mailbox_simple_init
                0x000000002002eafc                altera_avalon_mailbox_open
                0x000000002002ece0                altera_avalon_mailbox_close
                0x000000002002edf8                altera_avalon_mailbox_status
                0x000000002002ee70                altera_avalon_mailbox_send
                0x000000002002efc0                altera_avalon_mailbox_retrieve_poll
 .text          0x000000002002f0fc      0x2cc C:/Users/24833/Desktop/FPGA/lab3_multiprocessor/sdram_instrCacheEnabled_dataCacheEnabled/sw/sub_cpu_1_bsp/\libhal_bsp.a(altera_avalon_mutex.o)
                0x000000002002f1b4                altera_avalon_mutex_open
                0x000000002002f208                altera_avalon_mutex_close
                0x000000002002f22c                altera_avalon_mutex_lock
                0x000000002002f270                altera_avalon_mutex_trylock
                0x000000002002f2b0                altera_avalon_mutex_unlock
                0x000000002002f304                altera_avalon_mutex_is_mine
                0x000000002002f378                altera_avalon_mutex_first_lock
 .text          0x000000002002f3c8       0xf4 C:/Users/24833/Desktop/FPGA/lab3_multiprocessor/sdram_instrCacheEnabled_dataCacheEnabled/sw/sub_cpu_1_bsp/\libhal_bsp.a(altera_avalon_timer_sc.o)
                0x000000002002f440                alt_avalon_timer_sc_init
 .text          0x000000002002f4bc      0x12c C:/Users/24833/Desktop/FPGA/lab3_multiprocessor/sdram_instrCacheEnabled_dataCacheEnabled/sw/sub_cpu_1_bsp/\libhal_bsp.a(alt_alarm_start.o)
                0x000000002002f4bc                alt_alarm_start
 .text          0x000000002002f5e8      0x158 C:/Users/24833/Desktop/FPGA/lab3_multiprocessor/sdram_instrCacheEnabled_dataCacheEnabled/sw/sub_cpu_1_bsp/\libhal_bsp.a(alt_busy_sleep.o)
                0x000000002002f5e8                alt_busy_sleep
 .text          0x000000002002f740       0xe0 C:/Users/24833/Desktop/FPGA/lab3_multiprocessor/sdram_instrCacheEnabled_dataCacheEnabled/sw/sub_cpu_1_bsp/\libhal_bsp.a(alt_dev_llist_insert.o)
                0x000000002002f77c                alt_dev_llist_insert
 .text          0x000000002002f820       0x60 C:/Users/24833/Desktop/FPGA/lab3_multiprocessor/sdram_instrCacheEnabled_dataCacheEnabled/sw/sub_cpu_1_bsp/\libhal_bsp.a(alt_do_ctors.o)
                0x000000002002f820                _do_ctors
 .text          0x000000002002f880       0x60 C:/Users/24833/Desktop/FPGA/lab3_multiprocessor/sdram_instrCacheEnabled_dataCacheEnabled/sw/sub_cpu_1_bsp/\libhal_bsp.a(alt_do_dtors.o)
                0x000000002002f880                _do_dtors
 .text          0x000000002002f8e0       0x90 C:/Users/24833/Desktop/FPGA/lab3_multiprocessor/sdram_instrCacheEnabled_dataCacheEnabled/sw/sub_cpu_1_bsp/\libhal_bsp.a(alt_find_dev.o)
                0x000000002002f8e0                alt_find_dev
 .text          0x000000002002f970       0x34 C:/Users/24833/Desktop/FPGA/lab3_multiprocessor/sdram_instrCacheEnabled_dataCacheEnabled/sw/sub_cpu_1_bsp/\libhal_bsp.a(alt_icache_flush_all.o)
                0x000000002002f970                alt_icache_flush_all
 .text          0x000000002002f9a4      0x1b0 C:/Users/24833/Desktop/FPGA/lab3_multiprocessor/sdram_instrCacheEnabled_dataCacheEnabled/sw/sub_cpu_1_bsp/\libhal_bsp.a(alt_iic.o)
                0x000000002002f9a4                alt_ic_isr_register
                0x000000002002f9f4                alt_ic_irq_enable
                0x000000002002fa7c                alt_ic_irq_disable
                0x000000002002fb08                alt_ic_irq_enabled
 .text          0x000000002002fb54       0xf0 C:/Users/24833/Desktop/FPGA/lab3_multiprocessor/sdram_instrCacheEnabled_dataCacheEnabled/sw/sub_cpu_1_bsp/\libhal_bsp.a(alt_iic_isr_register.o)
                0x000000002002fb54                alt_iic_isr_register
 .text          0x000000002002fc44      0x140 C:/Users/24833/Desktop/FPGA/lab3_multiprocessor/sdram_instrCacheEnabled_dataCacheEnabled/sw/sub_cpu_1_bsp/\libhal_bsp.a(alt_io_redirect.o)
                0x000000002002fd08                alt_io_redirect
 .text          0x000000002002fd84        0x0 C:/Users/24833/Desktop/FPGA/lab3_multiprocessor/sdram_instrCacheEnabled_dataCacheEnabled/sw/sub_cpu_1_bsp/\libhal_bsp.a(alt_irq_entry.o)
 .text          0x000000002002fd84        0x0 C:/Users/24833/Desktop/FPGA/lab3_multiprocessor/sdram_instrCacheEnabled_dataCacheEnabled/sw/sub_cpu_1_bsp/\libhal_bsp.a(alt_irq_handler.o)
 .text          0x000000002002fd84        0x0 C:/Users/24833/Desktop/FPGA/lab3_multiprocessor/sdram_instrCacheEnabled_dataCacheEnabled/sw/sub_cpu_1_bsp/\libhal_bsp.a(alt_irq_vars.o)
 .text          0x000000002002fd84      0x254 C:/Users/24833/Desktop/FPGA/lab3_multiprocessor/sdram_instrCacheEnabled_dataCacheEnabled/sw/sub_cpu_1_bsp/\libhal_bsp.a(alt_open.o)
                0x000000002002fe84                open
 .text          0x000000002002ffd8      0x1a4 C:/Users/24833/Desktop/FPGA/lab3_multiprocessor/sdram_instrCacheEnabled_dataCacheEnabled/sw/sub_cpu_1_bsp/\libhal_bsp.a(alt_tick.o)
                0x000000002002ffd8                alt_alarm_stop
                0x0000000020030074                alt_tick
 .text          0x000000002003017c       0x24 C:/Users/24833/Desktop/FPGA/lab3_multiprocessor/sdram_instrCacheEnabled_dataCacheEnabled/sw/sub_cpu_1_bsp/\libhal_bsp.a(altera_nios2_gen2_irq.o)
                0x000000002003017c                altera_nios2_gen2_irq_init
 .text          0x00000000200301a0        0x0 C:/Users/24833/Desktop/FPGA/lab3_multiprocessor/sdram_instrCacheEnabled_dataCacheEnabled/sw/sub_cpu_1_bsp/\libhal_bsp.a(alt_exception_entry.o)
 .text          0x00000000200301a0      0x108 C:/Users/24833/Desktop/FPGA/lab3_multiprocessor/sdram_instrCacheEnabled_dataCacheEnabled/sw/sub_cpu_1_bsp/\libhal_bsp.a(alt_find_file.o)
                0x00000000200301a0                alt_find_file
 .text          0x00000000200302a8       0xa4 C:/Users/24833/Desktop/FPGA/lab3_multiprocessor/sdram_instrCacheEnabled_dataCacheEnabled/sw/sub_cpu_1_bsp/\libhal_bsp.a(alt_get_fd.o)
                0x00000000200302a8                alt_get_fd
 .text          0x000000002003034c       0x90 C:/Users/24833/Desktop/FPGA/lab3_multiprocessor/sdram_instrCacheEnabled_dataCacheEnabled/sw/sub_cpu_1_bsp/\libhal_bsp.a(alt_icache_flush.o)
                0x000000002003034c                alt_icache_flush
 .text          0x00000000200303dc       0x9c C:/Users/24833/Desktop/FPGA/lab3_multiprocessor/sdram_instrCacheEnabled_dataCacheEnabled/sw/sub_cpu_1_bsp/\libhal_bsp.a(alt_instruction_exception_entry.o)
                0x00000000200303dc                alt_exception_cause_generated_bad_addr
 .text          0x0000000020030478        0x0 c:/apersonaldrive/intelfpga_lite/nios2eds/bin/gnu/h-x86_64-mingw32/bin/../lib/gcc/nios2-elf/5.3.0/../../../../../H-x86_64-mingw32/nios2-elf/lib\libc.a(lib_a-atexit.o)
 .text.atexit   0x0000000020030478       0x14 c:/apersonaldrive/intelfpga_lite/nios2eds/bin/gnu/h-x86_64-mingw32/bin/../lib/gcc/nios2-elf/5.3.0/../../../../../H-x86_64-mingw32/nios2-elf/lib\libc.a(lib_a-atexit.o)
                0x0000000020030478                atexit
 .text          0x000000002003048c        0x0 c:/apersonaldrive/intelfpga_lite/nios2eds/bin/gnu/h-x86_64-mingw32/bin/../lib/gcc/nios2-elf/5.3.0/../../../../../H-x86_64-mingw32/nios2-elf/lib\libc.a(lib_a-exit.o)
 .text.exit     0x000000002003048c       0x38 c:/apersonaldrive/intelfpga_lite/nios2eds/bin/gnu/h-x86_64-mingw32/bin/../lib/gcc/nios2-elf/5.3.0/../../../../../H-x86_64-mingw32/nios2-elf/lib\libc.a(lib_a-exit.o)
                0x000000002003048c                exit
 .text          0x00000000200304c4        0x0 c:/apersonaldrive/intelfpga_lite/nios2eds/bin/gnu/h-x86_64-mingw32/bin/../lib/gcc/nios2-elf/5.3.0/../../../../../H-x86_64-mingw32/nios2-elf/lib\libc.a(lib_a-memcmp.o)
 .text.memcmp   0x00000000200304c4       0x7c c:/apersonaldrive/intelfpga_lite/nios2eds/bin/gnu/h-x86_64-mingw32/bin/../lib/gcc/nios2-elf/5.3.0/../../../../../H-x86_64-mingw32/nios2-elf/lib\libc.a(lib_a-memcmp.o)
                0x00000000200304c4                memcmp
 .text          0x0000000020030540        0x0 c:/apersonaldrive/intelfpga_lite/nios2eds/bin/gnu/h-x86_64-mingw32/bin/../lib/gcc/nios2-elf/5.3.0/../../../../../H-x86_64-mingw32/nios2-elf/lib\libc.a(lib_a-__atexit.o)
 .text.__register_exitproc
                0x0000000020030540      0x118 c:/apersonaldrive/intelfpga_lite/nios2eds/bin/gnu/h-x86_64-mingw32/bin/../lib/gcc/nios2-elf/5.3.0/../../../../../H-x86_64-mingw32/nios2-elf/lib\libc.a(lib_a-__atexit.o)
                0x0000000020030540                __register_exitproc
 .text          0x0000000020030658        0x0 c:/apersonaldrive/intelfpga_lite/nios2eds/bin/gnu/h-x86_64-mingw32/bin/../lib/gcc/nios2-elf/5.3.0/../../../../../H-x86_64-mingw32/nios2-elf/lib\libc.a(lib_a-__call_atexit.o)
 .text.__call_exitprocs
                0x0000000020030658      0x180 c:/apersonaldrive/intelfpga_lite/nios2eds/bin/gnu/h-x86_64-mingw32/bin/../lib/gcc/nios2-elf/5.3.0/../../../../../H-x86_64-mingw32/nios2-elf/lib\libc.a(lib_a-__call_atexit.o)
                0x0000000020030658                __call_exitprocs
 .text          0x00000000200307d8       0x34 C:/Users/24833/Desktop/FPGA/lab3_multiprocessor/sdram_instrCacheEnabled_dataCacheEnabled/sw/sub_cpu_1_bsp/\libhal_bsp.a(alt_exit.o)
                0x00000000200307d8                _exit
 *(.gnu.warning.*)
 *(.fini)
                [!provide]                        PROVIDE (__etext, ABSOLUTE (.))
                [!provide]                        PROVIDE (_etext, ABSOLUTE (.))
                [!provide]                        PROVIDE (etext, ABSOLUTE (.))
 *(.eh_frame_hdr)
                0x000000002003080c                . = ALIGN (0x4)
                [!provide]                        PROVIDE (__preinit_array_start, ABSOLUTE (.))
 *(.preinit_array)
                [!provide]                        PROVIDE (__preinit_array_end, ABSOLUTE (.))
                [!provide]                        PROVIDE (__init_array_start, ABSOLUTE (.))
 *(.init_array)
                [!provide]                        PROVIDE (__init_array_end, ABSOLUTE (.))
                [!provide]                        PROVIDE (__fini_array_start, ABSOLUTE (.))
 *(.fini_array)
                [!provide]                        PROVIDE (__fini_array_end, ABSOLUTE (.))
 *(.eh_frame)
 *(.gcc_except_table .gcc_except_table.*)
 *(.dynamic)
                0x000000002003080c                PROVIDE (__CTOR_LIST__, ABSOLUTE (.))
 *(.ctors)
 *(SORT(.ctors.*))
                0x000000002003080c                PROVIDE (__CTOR_END__, ABSOLUTE (.))
                0x000000002003080c                PROVIDE (__DTOR_LIST__, ABSOLUTE (.))
 *(.dtors)
 *(SORT(.dtors.*))
                0x000000002003080c                PROVIDE (__DTOR_END__, ABSOLUTE (.))
 *(.jcr)
                0x000000002003080c                . = ALIGN (0x4)

.rodata         0x000000002003080c      0x4ac
                0x000000002003080c                PROVIDE (__ram_rodata_start, ABSOLUTE (.))
                0x000000002003080c                . = ALIGN (0x4)
 *(.rodata .rodata.* .gnu.linkonce.r.*)
 .rodata        0x000000002003080c      0x16f obj/default/hello_world.o
 *fill*         0x000000002003097b        0x1 
 .rodata.str1.4
                0x000000002003097c        0x2 c:/apersonaldrive/intelfpga_lite/nios2eds/bin/gnu/h-x86_64-mingw32/bin/../lib/gcc/nios2-elf/5.3.0/../../../../../H-x86_64-mingw32/nios2-elf/lib\libc.a(lib_a-puts.o)
 *fill*         0x000000002003097e        0x2 
 .rodata.str1.4
                0x0000000020030980       0x42 c:/apersonaldrive/intelfpga_lite/nios2eds/bin/gnu/h-x86_64-mingw32/bin/../lib/gcc/nios2-elf/5.3.0/../../../../../H-x86_64-mingw32/nios2-elf/lib\libc.a(lib_a-vfprintf.o)
 .rodata.zeroes.4404
                0x00000000200309c2       0x10 c:/apersonaldrive/intelfpga_lite/nios2eds/bin/gnu/h-x86_64-mingw32/bin/../lib/gcc/nios2-elf/5.3.0/../../../../../H-x86_64-mingw32/nios2-elf/lib\libc.a(lib_a-vfprintf.o)
 .rodata.blanks.4403
                0x00000000200309d2       0x10 c:/apersonaldrive/intelfpga_lite/nios2eds/bin/gnu/h-x86_64-mingw32/bin/../lib/gcc/nios2-elf/5.3.0/../../../../../H-x86_64-mingw32/nios2-elf/lib\libc.a(lib_a-vfprintf.o)
 *fill*         0x00000000200309e2        0x2 
 .rodata.str1.4
                0x00000000200309e4       0x10 c:/apersonaldrive/intelfpga_lite/nios2eds/bin/gnu/h-x86_64-mingw32/bin/../lib/gcc/nios2-elf/5.3.0/../../../../../H-x86_64-mingw32/nios2-elf/lib\libc.a(lib_a-dtoa.o)
                                         0x12 (size before relaxing)
 .rodata.str1.4
                0x00000000200309f4        0x2 c:/apersonaldrive/intelfpga_lite/nios2eds/bin/gnu/h-x86_64-mingw32/bin/../lib/gcc/nios2-elf/5.3.0/../../../../../H-x86_64-mingw32/nios2-elf/lib\libc.a(lib_a-impure.o)
 *fill*         0x00000000200309f6        0x2 
 .rodata.str1.4
                0x00000000200309f8        0xc c:/apersonaldrive/intelfpga_lite/nios2eds/bin/gnu/h-x86_64-mingw32/bin/../lib/gcc/nios2-elf/5.3.0/../../../../../H-x86_64-mingw32/nios2-elf/lib\libc.a(lib_a-locale.o)
                                         0x12 (size before relaxing)
 .rodata.p05.2768
                0x0000000020030a04        0xc c:/apersonaldrive/intelfpga_lite/nios2eds/bin/gnu/h-x86_64-mingw32/bin/../lib/gcc/nios2-elf/5.3.0/../../../../../H-x86_64-mingw32/nios2-elf/lib\libc.a(lib_a-mprec.o)
 .rodata.__mprec_tinytens
                0x0000000020030a10       0x28 c:/apersonaldrive/intelfpga_lite/nios2eds/bin/gnu/h-x86_64-mingw32/bin/../lib/gcc/nios2-elf/5.3.0/../../../../../H-x86_64-mingw32/nios2-elf/lib\libc.a(lib_a-mprec.o)
                0x0000000020030a10                __mprec_tinytens
 .rodata.__mprec_bigtens
                0x0000000020030a38       0x28 c:/apersonaldrive/intelfpga_lite/nios2eds/bin/gnu/h-x86_64-mingw32/bin/../lib/gcc/nios2-elf/5.3.0/../../../../../H-x86_64-mingw32/nios2-elf/lib\libc.a(lib_a-mprec.o)
                0x0000000020030a38                __mprec_bigtens
 .rodata.__mprec_tens
                0x0000000020030a60       0xc8 c:/apersonaldrive/intelfpga_lite/nios2eds/bin/gnu/h-x86_64-mingw32/bin/../lib/gcc/nios2-elf/5.3.0/../../../../../H-x86_64-mingw32/nios2-elf/lib\libc.a(lib_a-mprec.o)
                0x0000000020030a60                __mprec_tens
 .rodata.str1.4
                0x0000000020030b28       0x2f c:/apersonaldrive/intelfpga_lite/nios2eds/bin/gnu/h-x86_64-mingw32/bin/../lib/gcc/nios2-elf/5.3.0/../../../../../H-x86_64-mingw32/nios2-elf/lib\libc.a(lib_a-vfiprintf.o)
 .rodata.zeroes.4349
                0x0000000020030b28       0x10 c:/apersonaldrive/intelfpga_lite/nios2eds/bin/gnu/h-x86_64-mingw32/bin/../lib/gcc/nios2-elf/5.3.0/../../../../../H-x86_64-mingw32/nios2-elf/lib\libc.a(lib_a-vfiprintf.o)
 .rodata.blanks.4348
                0x0000000020030b38       0x10 c:/apersonaldrive/intelfpga_lite/nios2eds/bin/gnu/h-x86_64-mingw32/bin/../lib/gcc/nios2-elf/5.3.0/../../../../../H-x86_64-mingw32/nios2-elf/lib\libc.a(lib_a-vfiprintf.o)
 .rodata        0x0000000020030b48      0x100 c:/apersonaldrive/intelfpga_lite/nios2eds/bin/gnu/h-x86_64-mingw32/bin/../lib/gcc/nios2-elf/5.3.0\libgcc.a(_clz.o)
                0x0000000020030b48                __clz_tab
 .rodata        0x0000000020030c48        0xa C:/Users/24833/Desktop/FPGA/lab3_multiprocessor/sdram_instrCacheEnabled_dataCacheEnabled/sw/sub_cpu_1_bsp/\libhal_bsp.a(alt_dev.o)
 *fill*         0x0000000020030c52        0x2 
 .rodata        0x0000000020030c54       0x19 C:/Users/24833/Desktop/FPGA/lab3_multiprocessor/sdram_instrCacheEnabled_dataCacheEnabled/sw/sub_cpu_1_bsp/\libhal_bsp.a(alt_main.o)
 *fill*         0x0000000020030c6d        0x3 
 .rodata        0x0000000020030c70       0x46 C:/Users/24833/Desktop/FPGA/lab3_multiprocessor/sdram_instrCacheEnabled_dataCacheEnabled/sw/sub_cpu_1_bsp/\libhal_bsp.a(alt_sys_init.o)
 *(.rodata1)
                0x0000000020030cb8                . = ALIGN (0x4)
 *fill*         0x0000000020030cb6        0x2 
                0x0000000020030cb8                PROVIDE (__ram_rodata_end, ABSOLUTE (.))
                0x000000002003080c                PROVIDE (__flash_rodata_start, LOADADDR (.rodata))

.rwdata         0x0000000020030cb8     0x1b54 load address 0x000000002003280c
                0x0000000020030cb8                PROVIDE (__ram_rwdata_start, ABSOLUTE (.))
                0x0000000020030cb8                . = ALIGN (0x4)
 *(.got.plt)
 *(.got)
 *(.data1)
 *(.data .data.* .gnu.linkonce.d.*)
 .data          0x0000000020030cb8        0x0 C:/Users/24833/Desktop/FPGA/lab3_multiprocessor/sdram_instrCacheEnabled_dataCacheEnabled/sw/sub_cpu_1_bsp//obj/HAL/src/crt0.o
 .data          0x0000000020030cb8        0x0 obj/default/hello_world.o
 .data          0x0000000020030cb8        0x0 c:/apersonaldrive/intelfpga_lite/nios2eds/bin/gnu/h-x86_64-mingw32/bin/../lib/gcc/nios2-elf/5.3.0/../../../../../H-x86_64-mingw32/nios2-elf/lib\libc.a(lib_a-printf.o)
 .data          0x0000000020030cb8        0x0 c:/apersonaldrive/intelfpga_lite/nios2eds/bin/gnu/h-x86_64-mingw32/bin/../lib/gcc/nios2-elf/5.3.0/../../../../../H-x86_64-mingw32/nios2-elf/lib\libc.a(lib_a-putchar.o)
 .data          0x0000000020030cb8        0x0 c:/apersonaldrive/intelfpga_lite/nios2eds/bin/gnu/h-x86_64-mingw32/bin/../lib/gcc/nios2-elf/5.3.0/../../../../../H-x86_64-mingw32/nios2-elf/lib\libc.a(lib_a-puts.o)
 .data          0x0000000020030cb8        0x0 c:/apersonaldrive/intelfpga_lite/nios2eds/bin/gnu/h-x86_64-mingw32/bin/../lib/gcc/nios2-elf/5.3.0/../../../../../H-x86_64-mingw32/nios2-elf/lib\libc.a(lib_a-strlen.o)
 .data          0x0000000020030cb8        0x0 c:/apersonaldrive/intelfpga_lite/nios2eds/bin/gnu/h-x86_64-mingw32/bin/../lib/gcc/nios2-elf/5.3.0/../../../../../H-x86_64-mingw32/nios2-elf/lib\libc.a(lib_a-vfprintf.o)
 .data          0x0000000020030cb8        0x0 c:/apersonaldrive/intelfpga_lite/nios2eds/bin/gnu/h-x86_64-mingw32/bin/../lib/gcc/nios2-elf/5.3.0/../../../../../H-x86_64-mingw32/nios2-elf/lib\libc.a(lib_a-wsetup.o)
 .data          0x0000000020030cb8        0x0 c:/apersonaldrive/intelfpga_lite/nios2eds/bin/gnu/h-x86_64-mingw32/bin/../lib/gcc/nios2-elf/5.3.0/../../../../../H-x86_64-mingw32/nios2-elf/lib\libc.a(lib_a-dtoa.o)
 .data          0x0000000020030cb8        0x0 c:/apersonaldrive/intelfpga_lite/nios2eds/bin/gnu/h-x86_64-mingw32/bin/../lib/gcc/nios2-elf/5.3.0/../../../../../H-x86_64-mingw32/nios2-elf/lib\libc.a(lib_a-fflush.o)
 .data          0x0000000020030cb8        0x0 c:/apersonaldrive/intelfpga_lite/nios2eds/bin/gnu/h-x86_64-mingw32/bin/../lib/gcc/nios2-elf/5.3.0/../../../../../H-x86_64-mingw32/nios2-elf/lib\libc.a(lib_a-findfp.o)
 .data          0x0000000020030cb8        0x0 c:/apersonaldrive/intelfpga_lite/nios2eds/bin/gnu/h-x86_64-mingw32/bin/../lib/gcc/nios2-elf/5.3.0/../../../../../H-x86_64-mingw32/nios2-elf/lib\libc.a(lib_a-freer.o)
 .data          0x0000000020030cb8        0x0 c:/apersonaldrive/intelfpga_lite/nios2eds/bin/gnu/h-x86_64-mingw32/bin/../lib/gcc/nios2-elf/5.3.0/../../../../../H-x86_64-mingw32/nios2-elf/lib\libc.a(lib_a-fvwrite.o)
 .data          0x0000000020030cb8        0x0 c:/apersonaldrive/intelfpga_lite/nios2eds/bin/gnu/h-x86_64-mingw32/bin/../lib/gcc/nios2-elf/5.3.0/../../../../../H-x86_64-mingw32/nios2-elf/lib\libc.a(lib_a-fwalk.o)
 .data          0x0000000020030cb8        0x0 c:/apersonaldrive/intelfpga_lite/nios2eds/bin/gnu/h-x86_64-mingw32/bin/../lib/gcc/nios2-elf/5.3.0/../../../../../H-x86_64-mingw32/nios2-elf/lib\libc.a(lib_a-impure.o)
 .data.impure_data
                0x0000000020030cb8      0x424 c:/apersonaldrive/intelfpga_lite/nios2eds/bin/gnu/h-x86_64-mingw32/bin/../lib/gcc/nios2-elf/5.3.0/../../../../../H-x86_64-mingw32/nios2-elf/lib\libc.a(lib_a-impure.o)
 .data          0x00000000200310dc        0x0 c:/apersonaldrive/intelfpga_lite/nios2eds/bin/gnu/h-x86_64-mingw32/bin/../lib/gcc/nios2-elf/5.3.0/../../../../../H-x86_64-mingw32/nios2-elf/lib\libc.a(lib_a-locale.o)
 .data.lc_message_charset
                0x00000000200310dc       0x20 c:/apersonaldrive/intelfpga_lite/nios2eds/bin/gnu/h-x86_64-mingw32/bin/../lib/gcc/nios2-elf/5.3.0/../../../../../H-x86_64-mingw32/nios2-elf/lib\libc.a(lib_a-locale.o)
 .data.lc_ctype_charset
                0x00000000200310fc       0x20 c:/apersonaldrive/intelfpga_lite/nios2eds/bin/gnu/h-x86_64-mingw32/bin/../lib/gcc/nios2-elf/5.3.0/../../../../../H-x86_64-mingw32/nios2-elf/lib\libc.a(lib_a-locale.o)
 .data.lconv    0x000000002003111c       0x38 c:/apersonaldrive/intelfpga_lite/nios2eds/bin/gnu/h-x86_64-mingw32/bin/../lib/gcc/nios2-elf/5.3.0/../../../../../H-x86_64-mingw32/nios2-elf/lib\libc.a(lib_a-locale.o)
 .data          0x0000000020031154        0x0 c:/apersonaldrive/intelfpga_lite/nios2eds/bin/gnu/h-x86_64-mingw32/bin/../lib/gcc/nios2-elf/5.3.0/../../../../../H-x86_64-mingw32/nios2-elf/lib\libc.a(lib_a-makebuf.o)
 .data          0x0000000020031154        0x0 c:/apersonaldrive/intelfpga_lite/nios2eds/bin/gnu/h-x86_64-mingw32/bin/../lib/gcc/nios2-elf/5.3.0/../../../../../H-x86_64-mingw32/nios2-elf/lib\libc.a(lib_a-mallocr.o)
 .data.__malloc_av_
                0x0000000020031154      0x408 c:/apersonaldrive/intelfpga_lite/nios2eds/bin/gnu/h-x86_64-mingw32/bin/../lib/gcc/nios2-elf/5.3.0/../../../../../H-x86_64-mingw32/nios2-elf/lib\libc.a(lib_a-mallocr.o)
                0x0000000020031154                __malloc_av_
 .data          0x000000002003155c        0x0 c:/apersonaldrive/intelfpga_lite/nios2eds/bin/gnu/h-x86_64-mingw32/bin/../lib/gcc/nios2-elf/5.3.0/../../../../../H-x86_64-mingw32/nios2-elf/lib\libc.a(lib_a-memchr.o)
 .data          0x000000002003155c        0x0 c:/apersonaldrive/intelfpga_lite/nios2eds/bin/gnu/h-x86_64-mingw32/bin/../lib/gcc/nios2-elf/5.3.0/../../../../../H-x86_64-mingw32/nios2-elf/lib\libc.a(lib_a-memcpy.o)
 .data          0x000000002003155c        0x0 c:/apersonaldrive/intelfpga_lite/nios2eds/bin/gnu/h-x86_64-mingw32/bin/../lib/gcc/nios2-elf/5.3.0/../../../../../H-x86_64-mingw32/nios2-elf/lib\libc.a(lib_a-memmove.o)
 .data          0x000000002003155c        0x0 c:/apersonaldrive/intelfpga_lite/nios2eds/bin/gnu/h-x86_64-mingw32/bin/../lib/gcc/nios2-elf/5.3.0/../../../../../H-x86_64-mingw32/nios2-elf/lib\libc.a(lib_a-memset.o)
 .data          0x000000002003155c        0x0 c:/apersonaldrive/intelfpga_lite/nios2eds/bin/gnu/h-x86_64-mingw32/bin/../lib/gcc/nios2-elf/5.3.0/../../../../../H-x86_64-mingw32/nios2-elf/lib\libc.a(lib_a-mprec.o)
 .data          0x000000002003155c        0x0 c:/apersonaldrive/intelfpga_lite/nios2eds/bin/gnu/h-x86_64-mingw32/bin/../lib/gcc/nios2-elf/5.3.0/../../../../../H-x86_64-mingw32/nios2-elf/lib\libc.a(lib_a-putc.o)
 .data          0x000000002003155c        0x0 c:/apersonaldrive/intelfpga_lite/nios2eds/bin/gnu/h-x86_64-mingw32/bin/../lib/gcc/nios2-elf/5.3.0/../../../../../H-x86_64-mingw32/nios2-elf/lib\libc.a(lib_a-reallocr.o)
 .data          0x000000002003155c        0x0 c:/apersonaldrive/intelfpga_lite/nios2eds/bin/gnu/h-x86_64-mingw32/bin/../lib/gcc/nios2-elf/5.3.0/../../../../../H-x86_64-mingw32/nios2-elf/lib\libc.a(lib_a-s_fpclassify.o)
 .data          0x000000002003155c        0x0 c:/apersonaldrive/intelfpga_lite/nios2eds/bin/gnu/h-x86_64-mingw32/bin/../lib/gcc/nios2-elf/5.3.0/../../../../../H-x86_64-mingw32/nios2-elf/lib\libc.a(lib_a-sbrkr.o)
 .data          0x000000002003155c        0x0 c:/apersonaldrive/intelfpga_lite/nios2eds/bin/gnu/h-x86_64-mingw32/bin/../lib/gcc/nios2-elf/5.3.0/../../../../../H-x86_64-mingw32/nios2-elf/lib\libc.a(lib_a-stdio.o)
 .data          0x000000002003155c        0x0 c:/apersonaldrive/intelfpga_lite/nios2eds/bin/gnu/h-x86_64-mingw32/bin/../lib/gcc/nios2-elf/5.3.0/../../../../../H-x86_64-mingw32/nios2-elf/lib\libc.a(lib_a-strcmp.o)
 .data          0x000000002003155c        0x0 c:/apersonaldrive/intelfpga_lite/nios2eds/bin/gnu/h-x86_64-mingw32/bin/../lib/gcc/nios2-elf/5.3.0/../../../../../H-x86_64-mingw32/nios2-elf/lib\libc.a(lib_a-vfiprintf.o)
 .data          0x000000002003155c        0x0 c:/apersonaldrive/intelfpga_lite/nios2eds/bin/gnu/h-x86_64-mingw32/bin/../lib/gcc/nios2-elf/5.3.0/../../../../../H-x86_64-mingw32/nios2-elf/lib\libc.a(lib_a-wbuf.o)
 .data          0x000000002003155c        0x0 c:/apersonaldrive/intelfpga_lite/nios2eds/bin/gnu/h-x86_64-mingw32/bin/../lib/gcc/nios2-elf/5.3.0/../../../../../H-x86_64-mingw32/nios2-elf/lib\libc.a(lib_a-writer.o)
 .data          0x000000002003155c        0x0 c:/apersonaldrive/intelfpga_lite/nios2eds/bin/gnu/h-x86_64-mingw32/bin/../lib/gcc/nios2-elf/5.3.0/../../../../../H-x86_64-mingw32/nios2-elf/lib\libc.a(closer.o)
 .data          0x000000002003155c        0x0 c:/apersonaldrive/intelfpga_lite/nios2eds/bin/gnu/h-x86_64-mingw32/bin/../lib/gcc/nios2-elf/5.3.0/../../../../../H-x86_64-mingw32/nios2-elf/lib\libc.a(lib_a-callocr.o)
 .data          0x000000002003155c        0x0 c:/apersonaldrive/intelfpga_lite/nios2eds/bin/gnu/h-x86_64-mingw32/bin/../lib/gcc/nios2-elf/5.3.0/../../../../../H-x86_64-mingw32/nios2-elf/lib\libc.a(lib_a-fclose.o)
 .data          0x000000002003155c        0x0 c:/apersonaldrive/intelfpga_lite/nios2eds/bin/gnu/h-x86_64-mingw32/bin/../lib/gcc/nios2-elf/5.3.0/../../../../../H-x86_64-mingw32/nios2-elf/lib\libc.a(lib_a-fputwc.o)
 .data          0x000000002003155c        0x0 c:/apersonaldrive/intelfpga_lite/nios2eds/bin/gnu/h-x86_64-mingw32/bin/../lib/gcc/nios2-elf/5.3.0/../../../../../H-x86_64-mingw32/nios2-elf/lib\libc.a(lib_a-fstatr.o)
 .data          0x000000002003155c        0x0 c:/apersonaldrive/intelfpga_lite/nios2eds/bin/gnu/h-x86_64-mingw32/bin/../lib/gcc/nios2-elf/5.3.0/../../../../../H-x86_64-mingw32/nios2-elf/lib\libc.a(lib_a-int_errno.o)
 .data          0x000000002003155c        0x0 c:/apersonaldrive/intelfpga_lite/nios2eds/bin/gnu/h-x86_64-mingw32/bin/../lib/gcc/nios2-elf/5.3.0/../../../../../H-x86_64-mingw32/nios2-elf/lib\libc.a(lib_a-isattyr.o)
 .data          0x000000002003155c        0x0 c:/apersonaldrive/intelfpga_lite/nios2eds/bin/gnu/h-x86_64-mingw32/bin/../lib/gcc/nios2-elf/5.3.0/../../../../../H-x86_64-mingw32/nios2-elf/lib\libc.a(lib_a-lseekr.o)
 .data          0x000000002003155c        0x0 c:/apersonaldrive/intelfpga_lite/nios2eds/bin/gnu/h-x86_64-mingw32/bin/../lib/gcc/nios2-elf/5.3.0/../../../../../H-x86_64-mingw32/nios2-elf/lib\libc.a(lib_a-readr.o)
 .data          0x000000002003155c        0x0 c:/apersonaldrive/intelfpga_lite/nios2eds/bin/gnu/h-x86_64-mingw32/bin/../lib/gcc/nios2-elf/5.3.0/../../../../../H-x86_64-mingw32/nios2-elf/lib\libc.a(lib_a-wcrtomb.o)
 .data          0x000000002003155c        0x0 c:/apersonaldrive/intelfpga_lite/nios2eds/bin/gnu/h-x86_64-mingw32/bin/../lib/gcc/nios2-elf/5.3.0/../../../../../H-x86_64-mingw32/nios2-elf/lib\libc.a(lib_a-wctomb_r.o)
 .data          0x000000002003155c        0x0 c:/apersonaldrive/intelfpga_lite/nios2eds/bin/gnu/h-x86_64-mingw32/bin/../lib/gcc/nios2-elf/5.3.0\libgcc.a(_udivdi3.o)
 .data          0x000000002003155c        0x0 c:/apersonaldrive/intelfpga_lite/nios2eds/bin/gnu/h-x86_64-mingw32/bin/../lib/gcc/nios2-elf/5.3.0\libgcc.a(_umoddi3.o)
 .data          0x000000002003155c        0x0 c:/apersonaldrive/intelfpga_lite/nios2eds/bin/gnu/h-x86_64-mingw32/bin/../lib/gcc/nios2-elf/5.3.0\libgcc.a(lib2-divmod.o)
 .data          0x000000002003155c        0x0 c:/apersonaldrive/intelfpga_lite/nios2eds/bin/gnu/h-x86_64-mingw32/bin/../lib/gcc/nios2-elf/5.3.0\libgcc.a(adddf3.o)
 .data          0x000000002003155c        0x0 c:/apersonaldrive/intelfpga_lite/nios2eds/bin/gnu/h-x86_64-mingw32/bin/../lib/gcc/nios2-elf/5.3.0\libgcc.a(divdf3.o)
 .data          0x000000002003155c        0x0 c:/apersonaldrive/intelfpga_lite/nios2eds/bin/gnu/h-x86_64-mingw32/bin/../lib/gcc/nios2-elf/5.3.0\libgcc.a(eqdf2.o)
 .data          0x000000002003155c        0x0 c:/apersonaldrive/intelfpga_lite/nios2eds/bin/gnu/h-x86_64-mingw32/bin/../lib/gcc/nios2-elf/5.3.0\libgcc.a(gedf2.o)
 .data          0x000000002003155c        0x0 c:/apersonaldrive/intelfpga_lite/nios2eds/bin/gnu/h-x86_64-mingw32/bin/../lib/gcc/nios2-elf/5.3.0\libgcc.a(ledf2.o)
 .data          0x000000002003155c        0x0 c:/apersonaldrive/intelfpga_lite/nios2eds/bin/gnu/h-x86_64-mingw32/bin/../lib/gcc/nios2-elf/5.3.0\libgcc.a(muldf3.o)
 .data          0x000000002003155c        0x0 c:/apersonaldrive/intelfpga_lite/nios2eds/bin/gnu/h-x86_64-mingw32/bin/../lib/gcc/nios2-elf/5.3.0\libgcc.a(subdf3.o)
 .data          0x000000002003155c        0x0 c:/apersonaldrive/intelfpga_lite/nios2eds/bin/gnu/h-x86_64-mingw32/bin/../lib/gcc/nios2-elf/5.3.0\libgcc.a(fixdfsi.o)
 .data          0x000000002003155c        0x0 c:/apersonaldrive/intelfpga_lite/nios2eds/bin/gnu/h-x86_64-mingw32/bin/../lib/gcc/nios2-elf/5.3.0\libgcc.a(floatsidf.o)
 .data          0x000000002003155c        0x0 c:/apersonaldrive/intelfpga_lite/nios2eds/bin/gnu/h-x86_64-mingw32/bin/../lib/gcc/nios2-elf/5.3.0\libgcc.a(floatunsidf.o)
 .data          0x000000002003155c        0x0 c:/apersonaldrive/intelfpga_lite/nios2eds/bin/gnu/h-x86_64-mingw32/bin/../lib/gcc/nios2-elf/5.3.0\libgcc.a(_clz.o)
 .data          0x000000002003155c        0x0 c:/apersonaldrive/intelfpga_lite/nios2eds/bin/gnu/h-x86_64-mingw32/bin/../lib/gcc/nios2-elf/5.3.0\libgcc.a(_clzsi2.o)
 .data          0x000000002003155c        0x0 C:/Users/24833/Desktop/FPGA/lab3_multiprocessor/sdram_instrCacheEnabled_dataCacheEnabled/sw/sub_cpu_1_bsp/\libhal_bsp.a(alt_close.o)
 .data          0x000000002003155c        0x0 C:/Users/24833/Desktop/FPGA/lab3_multiprocessor/sdram_instrCacheEnabled_dataCacheEnabled/sw/sub_cpu_1_bsp/\libhal_bsp.a(alt_dcache_flush_all.o)
 .data          0x000000002003155c      0x1a8 C:/Users/24833/Desktop/FPGA/lab3_multiprocessor/sdram_instrCacheEnabled_dataCacheEnabled/sw/sub_cpu_1_bsp/\libhal_bsp.a(alt_dev.o)
                0x000000002003155c                alt_dev_null
                0x0000000020031584                alt_fd_list
 .data          0x0000000020031704        0x0 C:/Users/24833/Desktop/FPGA/lab3_multiprocessor/sdram_instrCacheEnabled_dataCacheEnabled/sw/sub_cpu_1_bsp/\libhal_bsp.a(alt_errno.o)
 .data          0x0000000020031704        0x0 C:/Users/24833/Desktop/FPGA/lab3_multiprocessor/sdram_instrCacheEnabled_dataCacheEnabled/sw/sub_cpu_1_bsp/\libhal_bsp.a(alt_fstat.o)
 .data          0x0000000020031704        0x0 C:/Users/24833/Desktop/FPGA/lab3_multiprocessor/sdram_instrCacheEnabled_dataCacheEnabled/sw/sub_cpu_1_bsp/\libhal_bsp.a(alt_isatty.o)
 .data          0x0000000020031704        0x0 C:/Users/24833/Desktop/FPGA/lab3_multiprocessor/sdram_instrCacheEnabled_dataCacheEnabled/sw/sub_cpu_1_bsp/\libhal_bsp.a(alt_load.o)
 .data          0x0000000020031704        0x0 C:/Users/24833/Desktop/FPGA/lab3_multiprocessor/sdram_instrCacheEnabled_dataCacheEnabled/sw/sub_cpu_1_bsp/\libhal_bsp.a(alt_lseek.o)
 .data          0x0000000020031704        0x0 C:/Users/24833/Desktop/FPGA/lab3_multiprocessor/sdram_instrCacheEnabled_dataCacheEnabled/sw/sub_cpu_1_bsp/\libhal_bsp.a(alt_main.o)
 .data          0x0000000020031704        0x0 C:/Users/24833/Desktop/FPGA/lab3_multiprocessor/sdram_instrCacheEnabled_dataCacheEnabled/sw/sub_cpu_1_bsp/\libhal_bsp.a(alt_malloc_lock.o)
 .data          0x0000000020031704        0x0 C:/Users/24833/Desktop/FPGA/lab3_multiprocessor/sdram_instrCacheEnabled_dataCacheEnabled/sw/sub_cpu_1_bsp/\libhal_bsp.a(alt_read.o)
 .data          0x0000000020031704        0x0 C:/Users/24833/Desktop/FPGA/lab3_multiprocessor/sdram_instrCacheEnabled_dataCacheEnabled/sw/sub_cpu_1_bsp/\libhal_bsp.a(alt_release_fd.o)
 .data          0x0000000020031704        0x0 C:/Users/24833/Desktop/FPGA/lab3_multiprocessor/sdram_instrCacheEnabled_dataCacheEnabled/sw/sub_cpu_1_bsp/\libhal_bsp.a(alt_sbrk.o)
 .data          0x0000000020031704        0x0 C:/Users/24833/Desktop/FPGA/lab3_multiprocessor/sdram_instrCacheEnabled_dataCacheEnabled/sw/sub_cpu_1_bsp/\libhal_bsp.a(alt_usleep.o)
 .data          0x0000000020031704        0x0 C:/Users/24833/Desktop/FPGA/lab3_multiprocessor/sdram_instrCacheEnabled_dataCacheEnabled/sw/sub_cpu_1_bsp/\libhal_bsp.a(alt_write.o)
 .data          0x0000000020031704     0x10b8 C:/Users/24833/Desktop/FPGA/lab3_multiprocessor/sdram_instrCacheEnabled_dataCacheEnabled/sw/sub_cpu_1_bsp/\libhal_bsp.a(alt_sys_init.o)
 .data          0x00000000200327bc        0x0 C:/Users/24833/Desktop/FPGA/lab3_multiprocessor/sdram_instrCacheEnabled_dataCacheEnabled/sw/sub_cpu_1_bsp/\libhal_bsp.a(altera_avalon_jtag_uart_fd.o)
 .data          0x00000000200327bc        0x0 C:/Users/24833/Desktop/FPGA/lab3_multiprocessor/sdram_instrCacheEnabled_dataCacheEnabled/sw/sub_cpu_1_bsp/\libhal_bsp.a(altera_avalon_jtag_uart_init.o)
 .data          0x00000000200327bc        0x0 C:/Users/24833/Desktop/FPGA/lab3_multiprocessor/sdram_instrCacheEnabled_dataCacheEnabled/sw/sub_cpu_1_bsp/\libhal_bsp.a(altera_avalon_jtag_uart_ioctl.o)
 .data          0x00000000200327bc        0x0 C:/Users/24833/Desktop/FPGA/lab3_multiprocessor/sdram_instrCacheEnabled_dataCacheEnabled/sw/sub_cpu_1_bsp/\libhal_bsp.a(altera_avalon_jtag_uart_read.o)
 .data          0x00000000200327bc        0x0 C:/Users/24833/Desktop/FPGA/lab3_multiprocessor/sdram_instrCacheEnabled_dataCacheEnabled/sw/sub_cpu_1_bsp/\libhal_bsp.a(altera_avalon_jtag_uart_write.o)
 .data          0x00000000200327bc        0x0 C:/Users/24833/Desktop/FPGA/lab3_multiprocessor/sdram_instrCacheEnabled_dataCacheEnabled/sw/sub_cpu_1_bsp/\libhal_bsp.a(altera_avalon_mailbox_simple.o)
 .data          0x00000000200327bc        0x0 C:/Users/24833/Desktop/FPGA/lab3_multiprocessor/sdram_instrCacheEnabled_dataCacheEnabled/sw/sub_cpu_1_bsp/\libhal_bsp.a(altera_avalon_mutex.o)
 .data          0x00000000200327bc        0x0 C:/Users/24833/Desktop/FPGA/lab3_multiprocessor/sdram_instrCacheEnabled_dataCacheEnabled/sw/sub_cpu_1_bsp/\libhal_bsp.a(altera_avalon_timer_sc.o)
 .data          0x00000000200327bc        0x0 C:/Users/24833/Desktop/FPGA/lab3_multiprocessor/sdram_instrCacheEnabled_dataCacheEnabled/sw/sub_cpu_1_bsp/\libhal_bsp.a(alt_alarm_start.o)
 .data          0x00000000200327bc        0x0 C:/Users/24833/Desktop/FPGA/lab3_multiprocessor/sdram_instrCacheEnabled_dataCacheEnabled/sw/sub_cpu_1_bsp/\libhal_bsp.a(alt_busy_sleep.o)
 .data          0x00000000200327bc        0x0 C:/Users/24833/Desktop/FPGA/lab3_multiprocessor/sdram_instrCacheEnabled_dataCacheEnabled/sw/sub_cpu_1_bsp/\libhal_bsp.a(alt_dev_llist_insert.o)
 .data          0x00000000200327bc        0x0 C:/Users/24833/Desktop/FPGA/lab3_multiprocessor/sdram_instrCacheEnabled_dataCacheEnabled/sw/sub_cpu_1_bsp/\libhal_bsp.a(alt_do_ctors.o)
 .data          0x00000000200327bc        0x0 C:/Users/24833/Desktop/FPGA/lab3_multiprocessor/sdram_instrCacheEnabled_dataCacheEnabled/sw/sub_cpu_1_bsp/\libhal_bsp.a(alt_do_dtors.o)
 .data          0x00000000200327bc        0x0 C:/Users/24833/Desktop/FPGA/lab3_multiprocessor/sdram_instrCacheEnabled_dataCacheEnabled/sw/sub_cpu_1_bsp/\libhal_bsp.a(alt_find_dev.o)
 .data          0x00000000200327bc        0x0 C:/Users/24833/Desktop/FPGA/lab3_multiprocessor/sdram_instrCacheEnabled_dataCacheEnabled/sw/sub_cpu_1_bsp/\libhal_bsp.a(alt_icache_flush_all.o)
 .data          0x00000000200327bc        0x0 C:/Users/24833/Desktop/FPGA/lab3_multiprocessor/sdram_instrCacheEnabled_dataCacheEnabled/sw/sub_cpu_1_bsp/\libhal_bsp.a(alt_iic.o)
 .data          0x00000000200327bc        0x0 C:/Users/24833/Desktop/FPGA/lab3_multiprocessor/sdram_instrCacheEnabled_dataCacheEnabled/sw/sub_cpu_1_bsp/\libhal_bsp.a(alt_iic_isr_register.o)
 .data          0x00000000200327bc        0x0 C:/Users/24833/Desktop/FPGA/lab3_multiprocessor/sdram_instrCacheEnabled_dataCacheEnabled/sw/sub_cpu_1_bsp/\libhal_bsp.a(alt_io_redirect.o)
 .data          0x00000000200327bc        0x0 C:/Users/24833/Desktop/FPGA/lab3_multiprocessor/sdram_instrCacheEnabled_dataCacheEnabled/sw/sub_cpu_1_bsp/\libhal_bsp.a(alt_irq_entry.o)
 .data          0x00000000200327bc        0x0 C:/Users/24833/Desktop/FPGA/lab3_multiprocessor/sdram_instrCacheEnabled_dataCacheEnabled/sw/sub_cpu_1_bsp/\libhal_bsp.a(alt_irq_handler.o)
 .data          0x00000000200327bc        0x0 C:/Users/24833/Desktop/FPGA/lab3_multiprocessor/sdram_instrCacheEnabled_dataCacheEnabled/sw/sub_cpu_1_bsp/\libhal_bsp.a(alt_irq_vars.o)
 .data          0x00000000200327bc        0x0 C:/Users/24833/Desktop/FPGA/lab3_multiprocessor/sdram_instrCacheEnabled_dataCacheEnabled/sw/sub_cpu_1_bsp/\libhal_bsp.a(alt_open.o)
 .data          0x00000000200327bc        0x0 C:/Users/24833/Desktop/FPGA/lab3_multiprocessor/sdram_instrCacheEnabled_dataCacheEnabled/sw/sub_cpu_1_bsp/\libhal_bsp.a(alt_tick.o)
 .data          0x00000000200327bc        0x0 C:/Users/24833/Desktop/FPGA/lab3_multiprocessor/sdram_instrCacheEnabled_dataCacheEnabled/sw/sub_cpu_1_bsp/\libhal_bsp.a(altera_nios2_gen2_irq.o)
 .data          0x00000000200327bc        0x0 C:/Users/24833/Desktop/FPGA/lab3_multiprocessor/sdram_instrCacheEnabled_dataCacheEnabled/sw/sub_cpu_1_bsp/\libhal_bsp.a(alt_exception_entry.o)
 .data          0x00000000200327bc        0x0 C:/Users/24833/Desktop/FPGA/lab3_multiprocessor/sdram_instrCacheEnabled_dataCacheEnabled/sw/sub_cpu_1_bsp/\libhal_bsp.a(alt_find_file.o)
 .data          0x00000000200327bc        0x0 C:/Users/24833/Desktop/FPGA/lab3_multiprocessor/sdram_instrCacheEnabled_dataCacheEnabled/sw/sub_cpu_1_bsp/\libhal_bsp.a(alt_get_fd.o)
 .data          0x00000000200327bc        0x0 C:/Users/24833/Desktop/FPGA/lab3_multiprocessor/sdram_instrCacheEnabled_dataCacheEnabled/sw/sub_cpu_1_bsp/\libhal_bsp.a(alt_icache_flush.o)
 .data          0x00000000200327bc        0x0 C:/Users/24833/Desktop/FPGA/lab3_multiprocessor/sdram_instrCacheEnabled_dataCacheEnabled/sw/sub_cpu_1_bsp/\libhal_bsp.a(alt_instruction_exception_entry.o)
 .data          0x00000000200327bc        0x0 c:/apersonaldrive/intelfpga_lite/nios2eds/bin/gnu/h-x86_64-mingw32/bin/../lib/gcc/nios2-elf/5.3.0/../../../../../H-x86_64-mingw32/nios2-elf/lib\libc.a(lib_a-atexit.o)
 .data          0x00000000200327bc        0x0 c:/apersonaldrive/intelfpga_lite/nios2eds/bin/gnu/h-x86_64-mingw32/bin/../lib/gcc/nios2-elf/5.3.0/../../../../../H-x86_64-mingw32/nios2-elf/lib\libc.a(lib_a-exit.o)
 .data          0x00000000200327bc        0x0 c:/apersonaldrive/intelfpga_lite/nios2eds/bin/gnu/h-x86_64-mingw32/bin/../lib/gcc/nios2-elf/5.3.0/../../../../../H-x86_64-mingw32/nios2-elf/lib\libc.a(lib_a-memcmp.o)
 .data          0x00000000200327bc        0x0 c:/apersonaldrive/intelfpga_lite/nios2eds/bin/gnu/h-x86_64-mingw32/bin/../lib/gcc/nios2-elf/5.3.0/../../../../../H-x86_64-mingw32/nios2-elf/lib\libc.a(lib_a-__atexit.o)
 .data          0x00000000200327bc        0x0 c:/apersonaldrive/intelfpga_lite/nios2eds/bin/gnu/h-x86_64-mingw32/bin/../lib/gcc/nios2-elf/5.3.0/../../../../../H-x86_64-mingw32/nios2-elf/lib\libc.a(lib_a-__call_atexit.o)
 .data          0x00000000200327bc        0x0 C:/Users/24833/Desktop/FPGA/lab3_multiprocessor/sdram_instrCacheEnabled_dataCacheEnabled/sw/sub_cpu_1_bsp/\libhal_bsp.a(alt_exit.o)
                0x000000002003a7bc                _gp = ABSOLUTE ((. + 0x8000))
                [!provide]                        PROVIDE (gp, _gp)
 *(.rwdata .rwdata.*)
 *(.sdata .sdata.* .gnu.linkonce.s.*)
 .sdata._global_impure_ptr